00:00 +0: loading C:/Users/leora/Documents/REMUH/test/widget_test.dart
00:00 +0: REMUH app smoke test
ÔòÉÔòÉÔòí EXCEPTION CAUGHT BY WIDGETS LIBRARY Ôò×ÔòÉÔòÉÔòÉÔòÉÔòÉÔòÉÔòÉÔòÉÔòÉÔòÉÔòÉÔòÉÔòÉÔòÉÔòÉÔòÉÔòÉÔòÉÔòÉÔòÉÔòÉÔòÉÔòÉÔòÉÔòÉÔòÉÔòÉÔòÉÔòÉÔòÉÔòÉÔòÉÔòÉÔòÉÔòÉÔòÉÔòÉÔòÉÔòÉÔòÉÔòÉÔòÉÔòÉÔòÉÔòÉÔòÉÔòÉÔòÉÔòÉÔòÉÔòÉÔòÉÔòÉÔòÉÔòÉÔòÉÔòÉÔòÉÔòÉ
The following UnimplementedError was thrown building LibraryScreen(dirty, dependencies:
[UncontrolledProviderScope], state: _ConsumerState#a69fa):
Provider was not overridden

The relevant error-causing widget was:
  LibraryScreen
  LibraryScreen:file:///C:/Users/leora/Documents/REMUH/lib/presentation/screens/main_scaffold.dart:21:13

When the exception was thrown, this was the stack:
#1      _ProviderStateSubscription.read (package:riverpod/src/framework/provider_base.dart:181:28)
#2      ConsumerStatefulElement.watch (package:flutter_riverpod/src/consumer.dart:568:8)
#3      LibraryScreen.build (package:remuh/presentation/screens/library_screen.dart:22:30)
#4      _ConsumerState.build (package:flutter_riverpod/src/consumer.dart:476:19)
#5      StatefulElement.build (package:flutter/src/widgets/framework.dart:5934:27)
#6      ConsumerStatefulElement.build (package:flutter_riverpod/src/consumer.dart:539:20)
#7      ComponentElement.performRebuild (package:flutter/src/widgets/framework.dart:5820:15)
#8      StatefulElement.performRebuild (package:flutter/src/widgets/framework.dart:5985:11)
#9      Element.rebuild (package:flutter/src/widgets/framework.dart:5532:7)
#10     ComponentElement._firstBuild (package:flutter/src/widgets/framework.dart:5802:5)
#11     StatefulElement._firstBuild (package:flutter/src/widgets/framework.dart:5976:11)
#12     ComponentElement.mount (package:flutter/src/widgets/framework.dart:5796:5)
...     Normal element mounting (39 frames)
#51     Element.inflateWidget (package:flutter/src/widgets/framework.dart:4590:20)
#52     MultiChildRenderObjectElement.inflateWidget (package:flutter/src/widgets/framework.dart:7269:36)
#53     MultiChildRenderObjectElement.mount (package:flutter/src/widgets/framework.dart:7285:32)
...     Normal element mounting (31 frames)
#84     Element.inflateWidget (package:flutter/src/widgets/framework.dart:4590:20)
#85     MultiChildRenderObjectElement.inflateWidget (package:flutter/src/widgets/framework.dart:7269:36)
#86     MultiChildRenderObjectElement.mount (package:flutter/src/widgets/framework.dart:7285:32)
...     Normal element mounting (372 frames)
#458    Element.inflateWidget (package:flutter/src/widgets/framework.dart:4590:20)
#459    MultiChildRenderObjectElement.inflateWidget (package:flutter/src/widgets/framework.dart:7269:36)
#460    MultiChildRenderObjectElement.mount (package:flutter/src/widgets/framework.dart:7285:32)
...     Normal element mounting (462 frames)
#922    _UncontrolledProviderScopeElement.mount (package:flutter_riverpod/src/framework.dart:315:11)
...     Normal element mounting (9 frames)
#931    Element.inflateWidget (package:flutter/src/widgets/framework.dart:4590:20)
#932    Element.updateChild (package:flutter/src/widgets/framework.dart:4053:20)
#933    ComponentElement.performRebuild (package:flutter/src/widgets/framework.dart:5844:16)
#934    Element.rebuild (package:flutter/src/widgets/framework.dart:5532:7)
#935    ProxyElement.update (package:flutter/src/widgets/framework.dart:6152:5)
#936    _InheritedNotifierElement.update (package:flutter/src/widgets/inherited_notifier.dart:108:11)
#937    Element.updateChild (package:flutter/src/widgets/framework.dart:4037:15)
#938    ComponentElement.performRebuild (package:flutter/src/widgets/framework.dart:5844:16)
#939    StatefulElement.performRebuild (package:flutter/src/widgets/framework.dart:5985:11)
#940    Element.rebuild (package:flutter/src/widgets/framework.dart:5532:7)
#941    StatefulElement.update (package:flutter/src/widgets/framework.dart:6010:5)
#942    Element.updateChild (package:flutter/src/widgets/framework.dart:4037:15)
#943    ComponentElement.performRebuild (package:flutter/src/widgets/framework.dart:5844:16)
#944    Element.rebuild (package:flutter/src/widgets/framework.dart:5532:7)
#945    ProxyElement.update (package:flutter/src/widgets/framework.dart:6152:5)
#946    _InheritedNotifierElement.update (package:flutter/src/widgets/inherited_notifier.dart:108:11)
#947    Element.updateChild (package:flutter/src/widgets/framework.dart:4037:15)
#948    ComponentElement.performRebuild (package:flutter/src/widgets/framework.dart:5844:16)
#949    StatefulElement.performRebuild (package:flutter/src/widgets/framework.dart:5985:11)
#950    Element.rebuild (package:flutter/src/widgets/framework.dart:5532:7)
#951    StatefulElement.update (package:flutter/src/widgets/framework.dart:6010:5)
#952    Element.updateChild (package:flutter/src/widgets/framework.dart:4037:15)
#953    ComponentElement.performRebuild (package:flutter/src/widgets/framework.dart:5844:16)
#954    StatefulElement.performRebuild (package:flutter/src/widgets/framework.dart:5985:11)
#955    Element.rebuild (package:flutter/src/widgets/framework.dart:5532:7)
#956    StatefulElement.update (package:flutter/src/widgets/framework.dart:6010:5)
#957    Element.updateChild (package:flutter/src/widgets/framework.dart:4037:15)
#958    ComponentElement.performRebuild (package:flutter/src/widgets/framework.dart:5844:16)
#959    Element.rebuild (package:flutter/src/widgets/framework.dart:5532:7)
#960    ProxyElement.update (package:flutter/src/widgets/framework.dart:6152:5)
#961    Element.updateChild (package:flutter/src/widgets/framework.dart:4037:15)
#962    ComponentElement.performRebuild (package:flutter/src/widgets/framework.dart:5844:16)
#963    StatefulElement.performRebuild (package:flutter/src/widgets/framework.dart:5985:11)
#964    Element.rebuild (package:flutter/src/widgets/framework.dart:5532:7)
#965    StatefulElement.update (package:flutter/src/widgets/framework.dart:6010:5)
#966    Element.updateChild (package:flutter/src/widgets/framework.dart:4037:15)
#967    ComponentElement.performRebuild (package:flutter/src/widgets/framework.dart:5844:16)
#968    Element.rebuild (package:flutter/src/widgets/framework.dart:5532:7)
#969    ProxyElement.update (package:flutter/src/widgets/framework.dart:6152:5)
#970    Element.updateChild (package:flutter/src/widgets/framework.dart:4037:15)
#971    ComponentElement.performRebuild (package:flutter/src/widgets/framework.dart:5844:16)
#972    Element.rebuild (package:flutter/src/widgets/framework.dart:5532:7)
#973    ProxyElement.update (package:flutter/src/widgets/framework.dart:6152:5)
#974    Element.updateChild (package:flutter/src/widgets/framework.dart:4037:15)
#975    _RawViewElement._updateChild (package:flutter/src/widgets/view.dart:481:16)
#976    _RawViewElement.update (package:flutter/src/widgets/view.dart:568:5)
#977    Element.updateChild (package:flutter/src/widgets/framework.dart:4037:15)
#978    ComponentElement.performRebuild (package:flutter/src/widgets/framework.dart:5844:16)
#979    Element.rebuild (package:flutter/src/widgets/framework.dart:5532:7)
#980    StatelessElement.update (package:flutter/src/widgets/framework.dart:5898:5)
#981    Element.updateChild (package:flutter/src/widgets/framework.dart:4037:15)
#982    ComponentElement.performRebuild (package:flutter/src/widgets/framework.dart:5844:16)
#983    StatefulElement.performRebuild (package:flutter/src/widgets/framework.dart:5985:11)
#984    Element.rebuild (package:flutter/src/widgets/framework.dart:5532:7)
#985    StatefulElement.update (package:flutter/src/widgets/framework.dart:6010:5)
#986    Element.updateChild (package:flutter/src/widgets/framework.dart:4037:15)
#987    RootElement._rebuild (package:flutter/src/widgets/binding.dart:1782:16)
#988    RootElement.update (package:flutter/src/widgets/binding.dart:1760:5)
#989    RootElement.performRebuild (package:flutter/src/widgets/binding.dart:1774:7)
#990    Element.rebuild (package:flutter/src/widgets/framework.dart:5532:7)
#991    BuildScope._tryRebuild (package:flutter/src/widgets/framework.dart:2750:15)
#992    BuildScope._flushDirtyElements (package:flutter/src/widgets/framework.dart:2807:11)
#993    BuildOwner.buildScope (package:flutter/src/widgets/framework.dart:3111:18)
#994    AutomatedTestWidgetsFlutterBinding.drawFrame (package:flutter_test/src/binding.dart:1506:19)
#995    RendererBinding._handlePersistentFrameCallback (package:flutter/src/rendering/binding.dart:495:5)
#996    SchedulerBinding._invokeFrameCallback (package:flutter/src/scheduler/binding.dart:1434:15)
#997    SchedulerBinding.handleDrawFrame (package:flutter/src/scheduler/binding.dart:1347:9)
#998    AutomatedTestWidgetsFlutterBinding.pump.<anonymous closure> (package:flutter_test/src/binding.dart:1335:9)
#1001   TestAsyncUtils.guard (package:flutter_test/src/test_async_utils.dart:74:41)
#1002   AutomatedTestWidgetsFlutterBinding.pump (package:flutter_test/src/binding.dart:1324:27)
#1003   WidgetTester.pumpWidget.<anonymous closure> (package:flutter_test/src/widget_tester.dart:598:22)
#1006   TestAsyncUtils.guard (package:flutter_test/src/test_async_utils.dart:74:41)
#1007   WidgetTester.pumpWidget (package:flutter_test/src/widget_tester.dart:595:27)
#1008   main.<anonymous closure> (file:///C:/Users/leora/Documents/REMUH/test/widget_test.dart:10:18)
#1009   testWidgets.<anonymous closure>.<anonymous closure> (package:flutter_test/src/widget_tester.dart:192:29)
#1010   TestWidgetsFlutterBinding._runTestBody (package:flutter_test/src/binding.dart:1059:5)
#1012   ProviderElementBase.watch (package:riverpod/src/framework/element.dart:742:20)
#1013   libraryViewModelProvider.<anonymous closure> (package:remuh/presentation/providers/library_view_model.dart:43:30)
#1014   ProviderContainer.listen (package:riverpod/src/framework/container.dart:280:21)
#1015   ConsumerStatefulElement.watch.<anonymous closure> (package:flutter_riverpod/src/consumer.dart:564:25)
#1016   _LinkedHashMapMixin.putIfAbsent (dart:_compact_hash:675:23)
#1017   ConsumerStatefulElement.watch (package:flutter_riverpod/src/consumer.dart:557:26)
#1018   LibraryScreen.build (package:remuh/presentation/screens/library_screen.dart:22:30)
#1019   _ConsumerState.build (package:flutter_riverpod/src/consumer.dart:476:19)
#1020   StatefulElement.build (package:flutter/src/widgets/framework.dart:5934:27)
#1021   ConsumerStatefulElement.build (package:flutter_riverpod/src/consumer.dart:539:20)
#1022   ComponentElement.performRebuild (package:flutter/src/widgets/framework.dart:5820:15)
#1023   StatefulElement.performRebuild (package:flutter/src/widgets/framework.dart:5985:11)
#1024   Element.rebuild (package:flutter/src/widgets/framework.dart:5532:7)
#1025   ComponentElement._firstBuild (package:flutter/src/widgets/framework.dart:5802:5)
#1026   StatefulElement._firstBuild (package:flutter/src/widgets/framework.dart:5976:11)
#1027   ComponentElement.mount (package:flutter/src/widgets/framework.dart:5796:5)
...     Normal element mounting (39 frames)
#1066   Element.inflateWidget (package:flutter/src/widgets/framework.dart:4590:20)
#1067   MultiChildRenderObjectElement.inflateWidget (package:flutter/src/widgets/framework.dart:7269:36)
#1068   MultiChildRenderObjectElement.mount (package:flutter/src/widgets/framework.dart:7285:32)
...     Normal element mounting (31 frames)
#1099   Element.inflateWidget (package:flutter/src/widgets/framework.dart:4590:20)
#1100   MultiChildRenderObjectElement.inflateWidget (package:flutter/src/widgets/framework.dart:7269:36)
#1101   MultiChildRenderObjectElement.mount (package:flutter/src/widgets/framework.dart:7285:32)
...     Normal element mounting (372 frames)
#1473   Element.inflateWidget (package:flutter/src/widgets/framework.dart:4590:20)
#1474   MultiChildRenderObjectElement.inflateWidget (package:flutter/src/widgets/framework.dart:7269:36)
#1475   MultiChildRenderObjectElement.mount (package:flutter/src/widgets/framework.dart:7285:32)
...     Normal element mounting (462 frames)
#1937   _UncontrolledProviderScopeElement.mount (package:flutter_riverpod/src/framework.dart:315:11)
...     Normal element mounting (9 frames)
#1946   Element.inflateWidget (package:flutter/src/widgets/framework.dart:4590:20)
#1947   Element.updateChild (package:flutter/src/widgets/framework.dart:4053:20)
#1948   ComponentElement.performRebuild (package:flutter/src/widgets/framework.dart:5844:16)
#1949   Element.rebuild (package:flutter/src/widgets/framework.dart:5532:7)
#1950   ProxyElement.update (package:flutter/src/widgets/framework.dart:6152:5)
#1951   _InheritedNotifierElement.update (package:flutter/src/widgets/inherited_notifier.dart:108:11)
#1952   Element.updateChild (package:flutter/src/widgets/framework.dart:4037:15)
#1953   ComponentElement.performRebuild (package:flutter/src/widgets/framework.dart:5844:16)
#1954   StatefulElement.performRebuild (package:flutter/src/widgets/framework.dart:5985:11)
#1955   Element.rebuild (package:flutter/src/widgets/framework.dart:5532:7)
#1956   StatefulElement.update (package:flutter/src/widgets/framework.dart:6010:5)
#1957   Element.updateChild (package:flutter/src/widgets/framework.dart:4037:15)
#1958   ComponentElement.performRebuild (package:flutter/src/widgets/framework.dart:5844:16)
#1959   Element.rebuild (package:flutter/src/widgets/framework.dart:5532:7)
#1960   ProxyElement.update (package:flutter/src/widgets/framework.dart:6152:5)
#1961   _InheritedNotifierElement.update (package:flutter/src/widgets/inherited_notifier.dart:108:11)
#1962   Element.updateChild (package:flutter/src/widgets/framework.dart:4037:15)
#1963   ComponentElement.performRebuild (package:flutter/src/widgets/framework.dart:5844:16)
#1964   StatefulElement.performRebuild (package:flutter/src/widgets/framework.dart:5985:11)
#1965   Element.rebuild (package:flutter/src/widgets/framework.dart:5532:7)
#1966   StatefulElement.update (package:flutter/src/widgets/framework.dart:6010:5)
#1967   Element.updateChild (package:flutter/src/widgets/framework.dart:4037:15)
#1968   ComponentElement.performRebuild (package:flutter/src/widgets/framework.dart:5844:16)
#1969   StatefulElement.performRebuild (package:flutter/src/widgets/framework.dart:5985:11)
#1970   Element.rebuild (package:flutter/src/widgets/framework.dart:5532:7)
#1971   StatefulElement.update (package:flutter/src/widgets/framework.dart:6010:5)
#1972   Element.updateChild (package:flutter/src/widgets/framework.dart:4037:15)
#1973   ComponentElement.performRebuild (package:flutter/src/widgets/framework.dart:5844:16)
#1974   Element.rebuild (package:flutter/src/widgets/framework.dart:5532:7)
#1975   ProxyElement.update (package:flutter/src/widgets/framework.dart:6152:5)
#1976   Element.updateChild (package:flutter/src/widgets/framework.dart:4037:15)
#1977   ComponentElement.performRebuild (package:flutter/src/widgets/framework.dart:5844:16)
#1978   StatefulElement.performRebuild (package:flutter/src/widgets/framework.dart:5985:11)
#1979   Element.rebuild (package:flutter/src/widgets/framework.dart:5532:7)
#1980   StatefulElement.update (package:flutter/src/widgets/framework.dart:6010:5)
#1981   Element.updateChild (package:flutter/src/widgets/framework.dart:4037:15)
#1982   ComponentElement.performRebuild (package:flutter/src/widgets/framework.dart:5844:16)
#1983   Element.rebuild (package:flutter/src/widgets/framework.dart:5532:7)
#1984   ProxyElement.update (package:flutter/src/widgets/framework.dart:6152:5)
#1985   Element.updateChild (package:flutter/src/widgets/framework.dart:4037:15)
#1986   ComponentElement.performRebuild (package:flutter/src/widgets/framework.dart:5844:16)
#1987   Element.rebuild (package:flutter/src/widgets/framework.dart:5532:7)
#1988   ProxyElement.update (package:flutter/src/widgets/framework.dart:6152:5)
#1989   Element.updateChild (package:flutter/src/widgets/framework.dart:4037:15)
#1990   _RawViewElement._updateChild (package:flutter/src/widgets/view.dart:481:16)
#1991   _RawViewElement.update (package:flutter/src/widgets/view.dart:568:5)
#1992   Element.updateChild (package:flutter/src/widgets/framework.dart:4037:15)
#1993   ComponentElement.performRebuild (package:flutter/src/widgets/framework.dart:5844:16)
#1994   Element.rebuild (package:flutter/src/widgets/framework.dart:5532:7)
#1995   StatelessElement.update (package:flutter/src/widgets/framework.dart:5898:5)
#1996   Element.updateChild (package:flutter/src/widgets/framework.dart:4037:15)
#1997   ComponentElement.performRebuild (package:flutter/src/widgets/framework.dart:5844:16)
#1998   StatefulElement.performRebuild (package:flutter/src/widgets/framework.dart:5985:11)
#1999   Element.rebuild (package:flutter/src/widgets/framework.dart:5532:7)
#2000   StatefulElement.update (package:flutter/src/widgets/framework.dart:6010:5)
#2001   Element.updateChild (package:flutter/src/widgets/framework.dart:4037:15)
#2002   RootElement._rebuild (package:flutter/src/widgets/binding.dart:1782:16)
#2003   RootElement.update (package:flutter/src/widgets/binding.dart:1760:5)
#2004   RootElement.performRebuild (package:flutter/src/widgets/binding.dart:1774:7)
#2005   Element.rebuild (package:flutter/src/widgets/framework.dart:5532:7)
#2006   BuildScope._tryRebuild (package:flutter/src/widgets/framework.dart:2750:15)
#2007   BuildScope._flushDirtyElements (package:flutter/src/widgets/framework.dart:2807:11)
#2008   BuildOwner.buildScope (package:flutter/src/widgets/framework.dart:3111:18)
#2009   AutomatedTestWidgetsFlutterBinding.drawFrame (package:flutter_test/src/binding.dart:1506:19)
#2010   RendererBinding._handlePersistentFrameCallback (package:flutter/src/rendering/binding.dart:495:5)
#2011   SchedulerBinding._invokeFrameCallback (package:flutter/src/scheduler/binding.dart:1434:15)
#2012   SchedulerBinding.handleDrawFrame (package:flutter/src/scheduler/binding.dart:1347:9)
#2013   AutomatedTestWidgetsFlutterBinding.pump.<anonymous closure> (package:flutter_test/src/binding.dart:1335:9)
#2016   TestAsyncUtils.guard (package:flutter_test/src/test_async_utils.dart:74:41)
#2017   AutomatedTestWidgetsFlutterBinding.pump (package:flutter_test/src/binding.dart:1324:27)
#2018   WidgetTester.pumpWidget.<anonymous closure> (package:flutter_test/src/widget_tester.dart:598:22)
#2021   TestAsyncUtils.guard (package:flutter_test/src/test_async_utils.dart:74:41)
#2022   WidgetTester.pumpWidget (package:flutter_test/src/widget_tester.dart:595:27)
#2023   main.<anonymous closure> (file:///C:/Users/leora/Documents/REMUH/test/widget_test.dart:10:18)
#2024   testWidgets.<anonymous closure>.<anonymous closure> (package:flutter_test/src/widget_tester.dart:192:29)
#2025   TestWidgetsFlutterBinding._runTestBody (package:flutter_test/src/binding.dart:1059:5)
#2027   ProviderElementBase.watch (package:riverpod/src/framework/element.dart:742:20)
#2028   scanTracksUseCaseProvider.<anonymous closure> (package:remuh/presentation/providers/audio_player_provider.dart:61:26)
#2029   ProviderElementBase.watch (package:riverpod/src/framework/element.dart:714:12)
#2030   libraryViewModelProvider.<anonymous closure> (package:remuh/presentation/providers/library_view_model.dart:43:30)
#2031   ProviderContainer.listen (package:riverpod/src/framework/container.dart:280:21)
#2032   ConsumerStatefulElement.watch.<anonymous closure> (package:flutter_riverpod/src/consumer.dart:564:25)
#2033   _LinkedHashMapMixin.putIfAbsent (dart:_compact_hash:675:23)
#2034   ConsumerStatefulElement.watch (package:flutter_riverpod/src/consumer.dart:557:26)
#2035   LibraryScreen.build (package:remuh/presentation/screens/library_screen.dart:22:30)
#2036   _ConsumerState.build (package:flutter_riverpod/src/consumer.dart:476:19)
#2037   StatefulElement.build (package:flutter/src/widgets/framework.dart:5934:27)
#2038   ConsumerStatefulElement.build (package:flutter_riverpod/src/consumer.dart:539:20)
#2039   ComponentElement.performRebuild (package:flutter/src/widgets/framework.dart:5820:15)
#2040   StatefulElement.performRebuild (package:flutter/src/widgets/framework.dart:5985:11)
#2041   Element.rebuild (package:flutter/src/widgets/framework.dart:5532:7)
#2042   ComponentElement._firstBuild (package:flutter/src/widgets/framework.dart:5802:5)
#2043   StatefulElement._firstBuild (package:flutter/src/widgets/framework.dart:5976:11)
#2044   ComponentElement.mount (package:flutter/src/widgets/framework.dart:5796:5)
...     Normal element mounting (39 frames)
#2083   Element.inflateWidget (package:flutter/src/widgets/framework.dart:4590:20)
#2084   MultiChildRenderObjectElement.inflateWidget (package:flutter/src/widgets/framework.dart:7269:36)
#2085   MultiChildRenderObjectElement.mount (package:flutter/src/widgets/framework.dart:7285:32)
...     Normal element mounting (31 frames)
#2116   Element.inflateWidget (package:flutter/src/widgets/framework.dart:4590:20)
#2117   MultiChildRenderObjectElement.inflateWidget (package:flutter/src/widgets/framework.dart:7269:36)
#2118   MultiChildRenderObjectElement.mount (package:flutter/src/widgets/framework.dart:7285:32)
...     Normal element mounting (372 frames)
#2490   Element.inflateWidget (package:flutter/src/widgets/framework.dart:4590:20)
#2491   MultiChildRenderObjectElement.inflateWidget (package:flutter/src/widgets/framework.dart:7269:36)
#2492   MultiChildRenderObjectElement.mount (package:flutter/src/widgets/framework.dart:7285:32)
...     Normal element mounting (462 frames)
#2954   _UncontrolledProviderScopeElement.mount (package:flutter_riverpod/src/framework.dart:315:11)
...     Normal element mounting (9 frames)
#2963   Element.inflateWidget (package:flutter/src/widgets/framework.dart:4590:20)
#2964   Element.updateChild (package:flutter/src/widgets/framework.dart:4053:20)
#2965   ComponentElement.performRebuild (package:flutter/src/widgets/framework.dart:5844:16)
#2966   Element.rebuild (package:flutter/src/widgets/framework.dart:5532:7)
#2967   ProxyElement.update (package:flutter/src/widgets/framework.dart:6152:5)
#2968   _InheritedNotifierElement.update (package:flutter/src/widgets/inherited_notifier.dart:108:11)
#2969   Element.updateChild (package:flutter/src/widgets/framework.dart:4037:15)
#2970   ComponentElement.performRebuild (package:flutter/src/widgets/framework.dart:5844:16)
#2971   StatefulElement.performRebuild (package:flutter/src/widgets/framework.dart:5985:11)
#2972   Element.rebuild (package:flutter/src/widgets/framework.dart:5532:7)
#2973   StatefulElement.update (package:flutter/src/widgets/framework.dart:6010:5)
#2974   Element.updateChild (package:flutter/src/widgets/framework.dart:4037:15)
#2975   ComponentElement.performRebuild (package:flutter/src/widgets/framework.dart:5844:16)
#2976   Element.rebuild (package:flutter/src/widgets/framework.dart:5532:7)
#2977   ProxyElement.update (package:flutter/src/widgets/framework.dart:6152:5)
#2978   _InheritedNotifierElement.update (package:flutter/src/widgets/inherited_notifier.dart:108:11)
#2979   Element.updateChild (package:flutter/src/widgets/framework.dart:4037:15)
#2980   ComponentElement.performRebuild (package:flutter/src/widgets/framework.dart:5844:16)
#2981   StatefulElement.performRebuild (package:flutter/src/widgets/framework.dart:5985:11)
#2982   Element.rebuild (package:flutter/src/widgets/framework.dart:5532:7)
#2983   StatefulElement.update (package:flutter/src/widgets/framework.dart:6010:5)
#2984   Element.updateChild (package:flutter/src/widgets/framework.dart:4037:15)
#2985   ComponentElement.performRebuild (package:flutter/src/widgets/framework.dart:5844:16)
#2986   StatefulElement.performRebuild (package:flutter/src/widgets/framework.dart:5985:11)
#2987   Element.rebuild (package:flutter/src/widgets/framework.dart:5532:7)
#2988   StatefulElement.update (package:flutter/src/widgets/framework.dart:6010:5)
#2989   Element.updateChild (package:flutter/src/widgets/framework.dart:4037:15)
#2990   ComponentElement.performRebuild (package:flutter/src/widgets/framework.dart:5844:16)
#2991   Element.rebuild (package:flutter/src/widgets/framework.dart:5532:7)
#2992   ProxyElement.update (package:flutter/src/widgets/framework.dart:6152:5)
#2993   Element.updateChild (package:flutter/src/widgets/framework.dart:4037:15)
#2994   ComponentElement.performRebuild (package:flutter/src/widgets/framework.dart:5844:16)
#2995   StatefulElement.performRebuild (package:flutter/src/widgets/framework.dart:5985:11)
#2996   Element.rebuild (package:flutter/src/widgets/framework.dart:5532:7)
#2997   StatefulElement.update (package:flutter/src/widgets/framework.dart:6010:5)
#2998   Element.updateChild (package:flutter/src/widgets/framework.dart:4037:15)
#2999   ComponentElement.performRebuild (package:flutter/src/widgets/framework.dart:5844:16)
#3000   Element.rebuild (package:flutter/src/widgets/framework.dart:5532:7)
#3001   ProxyElement.update (package:flutter/src/widgets/framework.dart:6152:5)
#3002   Element.updateChild (package:flutter/src/widgets/framework.dart:4037:15)
#3003   ComponentElement.performRebuild (package:flutter/src/widgets/framework.dart:5844:16)
#3004   Element.rebuild (package:flutter/src/widgets/framework.dart:5532:7)
#3005   ProxyElement.update (package:flutter/src/widgets/framework.dart:6152:5)
#3006   Element.updateChild (package:flutter/src/widgets/framework.dart:4037:15)
#3007   _RawViewElement._updateChild (package:flutter/src/widgets/view.dart:481:16)
#3008   _RawViewElement.update (package:flutter/src/widgets/view.dart:568:5)
#3009   Element.updateChild (package:flutter/src/widgets/framework.dart:4037:15)
#3010   ComponentElement.performRebuild (package:flutter/src/widgets/framework.dart:5844:16)
#3011   Element.rebuild (package:flutter/src/widgets/framework.dart:5532:7)
#3012   StatelessElement.update (package:flutter/src/widgets/framework.dart:5898:5)
#3013   Element.updateChild (package:flutter/src/widgets/framework.dart:4037:15)
#3014   ComponentElement.performRebuild (package:flutter/src/widgets/framework.dart:5844:16)
#3015   StatefulElement.performRebuild (package:flutter/src/widgets/framework.dart:5985:11)
#3016   Element.rebuild (package:flutter/src/widgets/framework.dart:5532:7)
#3017   StatefulElement.update (package:flutter/src/widgets/framework.dart:6010:5)
#3018   Element.updateChild (package:flutter/src/widgets/framework.dart:4037:15)
#3019   RootElement._rebuild (package:flutter/src/widgets/binding.dart:1782:16)
#3020   RootElement.update (package:flutter/src/widgets/binding.dart:1760:5)
#3021   RootElement.performRebuild (package:flutter/src/widgets/binding.dart:1774:7)
#3022   Element.rebuild (package:flutter/src/widgets/framework.dart:5532:7)
#3023   BuildScope._tryRebuild (package:flutter/src/widgets/framework.dart:2750:15)
#3024   BuildScope._flushDirtyElements (package:flutter/src/widgets/framework.dart:2807:11)
#3025   BuildOwner.buildScope (package:flutter/src/widgets/framework.dart:3111:18)
#3026   AutomatedTestWidgetsFlutterBinding.drawFrame (package:flutter_test/src/binding.dart:1506:19)
#3027   RendererBinding._handlePersistentFrameCallback (package:flutter/src/rendering/binding.dart:495:5)
#3028   SchedulerBinding._invokeFrameCallback (package:flutter/src/scheduler/binding.dart:1434:15)
#3029   SchedulerBinding.handleDrawFrame (package:flutter/src/scheduler/binding.dart:1347:9)
#3030   AutomatedTestWidgetsFlutterBinding.pump.<anonymous closure> (package:flutter_test/src/binding.dart:1335:9)
#3033   TestAsyncUtils.guard (package:flutter_test/src/test_async_utils.dart:74:41)
#3034   AutomatedTestWidgetsFlutterBinding.pump (package:flutter_test/src/binding.dart:1324:27)
#3035   WidgetTester.pumpWidget.<anonymous closure> (package:flutter_test/src/widget_tester.dart:598:22)
#3038   TestAsyncUtils.guard (package:flutter_test/src/test_async_utils.dart:74:41)
#3039   WidgetTester.pumpWidget (package:flutter_test/src/widget_tester.dart:595:27)
#3040   main.<anonymous closure> (file:///C:/Users/leora/Documents/REMUH/test/widget_test.dart:10:18)
#3041   testWidgets.<anonymous closure>.<anonymous closure> (package:flutter_test/src/widget_tester.dart:192:29)
#3042   TestWidgetsFlutterBinding._runTestBody (package:flutter_test/src/binding.dart:1059:5)
#3044   ProviderElementBase.watch (package:riverpod/src/framework/element.dart:742:20)
#3045   audioRepositoryProvider.<anonymous closure> (package:remuh/presentation/providers/audio_player_provider.dart:33:28)
#3046   ProviderElementBase.watch (package:riverpod/src/framework/element.dart:714:12)
#3047   scanTracksUseCaseProvider.<anonymous closure> (package:remuh/presentation/providers/audio_player_provider.dart:61:26)
#3048   ProviderElementBase.watch (package:riverpod/src/framework/element.dart:714:12)
#3049   libraryViewModelProvider.<anonymous closure> (package:remuh/presentation/providers/library_view_model.dart:43:30)
#3050   ProviderContainer.listen (package:riverpod/src/framework/container.dart:280:21)
#3051   ConsumerStatefulElement.watch.<anonymous closure> (package:flutter_riverpod/src/consumer.dart:564:25)
#3052   _LinkedHashMapMixin.putIfAbsent (dart:_compact_hash:675:23)
#3053   ConsumerStatefulElement.watch (package:flutter_riverpod/src/consumer.dart:557:26)
#3054   LibraryScreen.build (package:remuh/presentation/screens/library_screen.dart:22:30)
#3055   _ConsumerState.build (package:flutter_riverpod/src/consumer.dart:476:19)
#3056   StatefulElement.build (package:flutter/src/widgets/framework.dart:5934:27)
#3057   ConsumerStatefulElement.build (package:flutter_riverpod/src/consumer.dart:539:20)
#3058   ComponentElement.performRebuild (package:flutter/src/widgets/framework.dart:5820:15)
#3059   StatefulElement.performRebuild (package:flutter/src/widgets/framework.dart:5985:11)
#3060   Element.rebuild (package:flutter/src/widgets/framework.dart:5532:7)
#3061   ComponentElement._firstBuild (package:flutter/src/widgets/framework.dart:5802:5)
#3062   StatefulElement._firstBuild (package:flutter/src/widgets/framework.dart:5976:11)
#3063   ComponentElement.mount (package:flutter/src/widgets/framework.dart:5796:5)
...     Normal element mounting (39 frames)
#3102   Element.inflateWidget (package:flutter/src/widgets/framework.dart:4590:20)
#3103   MultiChildRenderObjectElement.inflateWidget (package:flutter/src/widgets/framework.dart:7269:36)
#3104   MultiChildRenderObjectElement.mount (package:flutter/src/widgets/framework.dart:7285:32)
...     Normal element mounting (31 frames)
#3135   Element.inflateWidget (package:flutter/src/widgets/framework.dart:4590:20)
#3136   MultiChildRenderObjectElement.inflateWidget (package:flutter/src/widgets/framework.dart:7269:36)
#3137   MultiChildRenderObjectElement.mount (package:flutter/src/widgets/framework.dart:7285:32)
...     Normal element mounting (372 frames)
#3509   Element.inflateWidget (package:flutter/src/widgets/framework.dart:4590:20)
#3510   MultiChildRenderObjectElement.inflateWidget (package:flutter/src/widgets/framework.dart:7269:36)
#3511   MultiChildRenderObjectElement.mount (package:flutter/src/widgets/framework.dart:7285:32)
...     Normal element mounting (462 frames)
#3973   _UncontrolledProviderScopeElement.mount (package:flutter_riverpod/src/framework.dart:315:11)
...     Normal element mounting (9 frames)
#3982   Element.inflateWidget (package:flutter/src/widgets/framework.dart:4590:20)
#3983   Element.updateChild (package:flutter/src/widgets/framework.dart:4053:20)
#3984   ComponentElement.performRebuild (package:flutter/src/widgets/framework.dart:5844:16)
#3985   Element.rebuild (package:flutter/src/widgets/framework.dart:5532:7)
#3986   ProxyElement.update (package:flutter/src/widgets/framework.dart:6152:5)
#3987   _InheritedNotifierElement.update (package:flutter/src/widgets/inherited_notifier.dart:108:11)
#3988   Element.updateChild (package:flutter/src/widgets/framework.dart:4037:15)
#3989   ComponentElement.performRebuild (package:flutter/src/widgets/framework.dart:5844:16)
#3990   StatefulElement.performRebuild (package:flutter/src/widgets/framework.dart:5985:11)
#3991   Element.rebuild (package:flutter/src/widgets/framework.dart:5532:7)
#3992   StatefulElement.update (package:flutter/src/widgets/framework.dart:6010:5)
#3993   Element.updateChild (package:flutter/src/widgets/framework.dart:4037:15)
#3994   ComponentElement.performRebuild (package:flutter/src/widgets/framework.dart:5844:16)
#3995   Element.rebuild (package:flutter/src/widgets/framework.dart:5532:7)
#3996   ProxyElement.update (package:flutter/src/widgets/framework.dart:6152:5)
#3997   _InheritedNotifierElement.update (package:flutter/src/widgets/inherited_notifier.dart:108:11)
#3998   Element.updateChild (package:flutter/src/widgets/framework.dart:4037:15)
#3999   ComponentElement.performRebuild (package:flutter/src/widgets/framework.dart:5844:16)
#4000   StatefulElement.performRebuild (package:flutter/src/widgets/framework.dart:5985:11)
#4001   Element.rebuild (package:flutter/src/widgets/framework.dart:5532:7)
#4002   StatefulElement.update (package:flutter/src/widgets/framework.dart:6010:5)
#4003   Element.updateChild (package:flutter/src/widgets/framework.dart:4037:15)
#4004   ComponentElement.performRebuild (package:flutter/src/widgets/framework.dart:5844:16)
#4005   StatefulElement.performRebuild (package:flutter/src/widgets/framework.dart:5985:11)
#4006   Element.rebuild (package:flutter/src/widgets/framework.dart:5532:7)
#4007   StatefulElement.update (package:flutter/src/widgets/framework.dart:6010:5)
#4008   Element.updateChild (package:flutter/src/widgets/framework.dart:4037:15)
#4009   ComponentElement.performRebuild (package:flutter/src/widgets/framework.dart:5844:16)
#4010   Element.rebuild (package:flutter/src/widgets/framework.dart:5532:7)
#4011   ProxyElement.update (package:flutter/src/widgets/framework.dart:6152:5)
#4012   Element.updateChild (package:flutter/src/widgets/framework.dart:4037:15)
#4013   ComponentElement.performRebuild (package:flutter/src/widgets/framework.dart:5844:16)
#4014   StatefulElement.performRebuild (package:flutter/src/widgets/framework.dart:5985:11)
#4015   Element.rebuild (package:flutter/src/widgets/framework.dart:5532:7)
#4016   StatefulElement.update (package:flutter/src/widgets/framework.dart:6010:5)
#4017   Element.updateChild (package:flutter/src/widgets/framework.dart:4037:15)
#4018   ComponentElement.performRebuild (package:flutter/src/widgets/framework.dart:5844:16)
#4019   Element.rebuild (package:flutter/src/widgets/framework.dart:5532:7)
#4020   ProxyElement.update (package:flutter/src/widgets/framework.dart:6152:5)
#4021   Element.updateChild (package:flutter/src/widgets/framework.dart:4037:15)
#4022   ComponentElement.performRebuild (package:flutter/src/widgets/framework.dart:5844:16)
#4023   Element.rebuild (package:flutter/src/widgets/framework.dart:5532:7)
#4024   ProxyElement.update (package:flutter/src/widgets/framework.dart:6152:5)
#4025   Element.updateChild (package:flutter/src/widgets/framework.dart:4037:15)
#4026   _RawViewElement._updateChild (package:flutter/src/widgets/view.dart:481:16)
#4027   _RawViewElement.update (package:flutter/src/widgets/view.dart:568:5)
#4028   Element.updateChild (package:flutter/src/widgets/framework.dart:4037:15)
#4029   ComponentElement.performRebuild (package:flutter/src/widgets/framework.dart:5844:16)
#4030   Element.rebuild (package:flutter/src/widgets/framework.dart:5532:7)
#4031   StatelessElement.update (package:flutter/src/widgets/framework.dart:5898:5)
#4032   Element.updateChild (package:flutter/src/widgets/framework.dart:4037:15)
#4033   ComponentElement.performRebuild (package:flutter/src/widgets/framework.dart:5844:16)
#4034   StatefulElement.performRebuild (package:flutter/src/widgets/framework.dart:5985:11)
#4035   Element.rebuild (package:flutter/src/widgets/framework.dart:5532:7)
#4036   StatefulElement.update (package:flutter/src/widgets/framework.dart:6010:5)
#4037   Element.updateChild (package:flutter/src/widgets/framework.dart:4037:15)
#4038   RootElement._rebuild (package:flutter/src/widgets/binding.dart:1782:16)
#4039   RootElement.update (package:flutter/src/widgets/binding.dart:1760:5)
#4040   RootElement.performRebuild (package:flutter/src/widgets/binding.dart:1774:7)
#4041   Element.rebuild (package:flutter/src/widgets/framework.dart:5532:7)
#4042   BuildScope._tryRebuild (package:flutter/src/widgets/framework.dart:2750:15)
#4043   BuildScope._flushDirtyElements (package:flutter/src/widgets/framework.dart:2807:11)
#4044   BuildOwner.buildScope (package:flutter/src/widgets/framework.dart:3111:18)
#4045   AutomatedTestWidgetsFlutterBinding.drawFrame (package:flutter_test/src/binding.dart:1506:19)
#4046   RendererBinding._handlePersistentFrameCallback (package:flutter/src/rendering/binding.dart:495:5)
#4047   SchedulerBinding._invokeFrameCallback (package:flutter/src/scheduler/binding.dart:1434:15)
#4048   SchedulerBinding.handleDrawFrame (package:flutter/src/scheduler/binding.dart:1347:9)
#4049   AutomatedTestWidgetsFlutterBinding.pump.<anonymous closure> (package:flutter_test/src/binding.dart:1335:9)
#4052   TestAsyncUtils.guard (package:flutter_test/src/test_async_utils.dart:74:41)
#4053   AutomatedTestWidgetsFlutterBinding.pump (package:flutter_test/src/binding.dart:1324:27)
#4054   WidgetTester.pumpWidget.<anonymous closure> (package:flutter_test/src/widget_tester.dart:598:22)
#4057   TestAsyncUtils.guard (package:flutter_test/src/test_async_utils.dart:74:41)
#4058   WidgetTester.pumpWidget (package:flutter_test/src/widget_tester.dart:595:27)
#4059   main.<anonymous closure> (file:///C:/Users/leora/Documents/REMUH/test/widget_test.dart:10:18)
#4060   testWidgets.<anonymous closure>.<anonymous closure> (package:flutter_test/src/widget_tester.dart:192:29)
#4061   TestWidgetsFlutterBinding._runTestBody (package:flutter_test/src/binding.dart:1059:5)
#4063   audioHandlerProvider.<anonymous closure> (package:remuh/presentation/providers/audio_player_provider.dart:20:3)
#4064   ProviderElementBase.watch (package:riverpod/src/framework/element.dart:714:12)
#4065   audioRepositoryProvider.<anonymous closure> (package:remuh/presentation/providers/audio_player_provider.dart:33:28)
#4066   ProviderElementBase.watch (package:riverpod/src/framework/element.dart:714:12)
#4067   scanTracksUseCaseProvider.<anonymous closure> (package:remuh/presentation/providers/audio_player_provider.dart:61:26)
#4068   ProviderElementBase.watch (package:riverpod/src/framework/element.dart:714:12)
#4069   libraryViewModelProvider.<anonymous closure> (package:remuh/presentation/providers/library_view_model.dart:43:30)
#4070   ProviderContainer.listen (package:riverpod/src/framework/container.dart:280:21)
#4071   ConsumerStatefulElement.watch.<anonymous closure> (package:flutter_riverpod/src/consumer.dart:564:25)
#4072   _LinkedHashMapMixin.putIfAbsent (dart:_compact_hash:675:23)
#4073   ConsumerStatefulElement.watch (package:flutter_riverpod/src/consumer.dart:557:26)
#4074   LibraryScreen.build (package:remuh/presentation/screens/library_screen.dart:22:30)
#4075   _ConsumerState.build (package:flutter_riverpod/src/consumer.dart:476:19)
#4076   StatefulElement.build (package:flutter/src/widgets/framework.dart:5934:27)
#4077   ConsumerStatefulElement.build (package:flutter_riverpod/src/consumer.dart:539:20)
#4078   ComponentElement.performRebuild (package:flutter/src/widgets/framework.dart:5820:15)
#4079   StatefulElement.performRebuild (package:flutter/src/widgets/framework.dart:5985:11)
#4080   Element.rebuild (package:flutter/src/widgets/framework.dart:5532:7)
#4081   ComponentElement._firstBuild (package:flutter/src/widgets/framework.dart:5802:5)
#4082   StatefulElement._firstBuild (package:flutter/src/widgets/framework.dart:5976:11)
#4083   ComponentElement.mount (package:flutter/src/widgets/framework.dart:5796:5)
...     Normal element mounting (39 frames)
#4122   Element.inflateWidget (package:flutter/src/widgets/framework.dart:4590:20)
#4123   MultiChildRenderObjectElement.inflateWidget (package:flutter/src/widgets/framework.dart:7269:36)
#4124   MultiChildRenderObjectElement.mount (package:flutter/src/widgets/framework.dart:7285:32)
...     Normal element mounting (31 frames)
#4155   Element.inflateWidget (package:flutter/src/widgets/framework.dart:4590:20)
#4156   MultiChildRenderObjectElement.inflateWidget (package:flutter/src/widgets/framework.dart:7269:36)
#4157   MultiChildRenderObjectElement.mount (package:flutter/src/widgets/framework.dart:7285:32)
...     Normal element mounting (372 frames)
#4529   Element.inflateWidget (package:flutter/src/widgets/framework.dart:4590:20)
#4530   MultiChildRenderObjectElement.inflateWidget (package:flutter/src/widgets/framework.dart:7269:36)
#4531   MultiChildRenderObjectElement.mount (package:flutter/src/widgets/framework.dart:7285:32)
...     Normal element mounting (462 frames)
#4993   _UncontrolledProviderScopeElement.mount (package:flutter_riverpod/src/framework.dart:315:11)
...     Normal element mounting (9 frames)
#5002   Element.inflateWidget (package:flutter/src/widgets/framework.dart:4590:20)
#5003   Element.updateChild (package:flutter/src/widgets/framework.dart:4053:20)
#5004   ComponentElement.performRebuild (package:flutter/src/widgets/framework.dart:5844:16)
#5005   Element.rebuild (package:flutter/src/widgets/framework.dart:5532:7)
#5006   ProxyElement.update (package:flutter/src/widgets/framework.dart:6152:5)
#5007   _InheritedNotifierElement.update (package:flutter/src/widgets/inherited_notifier.dart:108:11)
#5008   Element.updateChild (package:flutter/src/widgets/framework.dart:4037:15)
#5009   ComponentElement.performRebuild (package:flutter/src/widgets/framework.dart:5844:16)
#5010   StatefulElement.performRebuild (package:flutter/src/widgets/framework.dart:5985:11)
#5011   Element.rebuild (package:flutter/src/widgets/framework.dart:5532:7)
#5012   StatefulElement.update (package:flutter/src/widgets/framework.dart:6010:5)
#5013   Element.updateChild (package:flutter/src/widgets/framework.dart:4037:15)
#5014   ComponentElement.performRebuild (package:flutter/src/widgets/framework.dart:5844:16)
#5015   Element.rebuild (package:flutter/src/widgets/framework.dart:5532:7)
#5016   ProxyElement.update (package:flutter/src/widgets/framework.dart:6152:5)
#5017   _InheritedNotifierElement.update (package:flutter/src/widgets/inherited_notifier.dart:108:11)
#5018   Element.updateChild (package:flutter/src/widgets/framework.dart:4037:15)
#5019   ComponentElement.performRebuild (package:flutter/src/widgets/framework.dart:5844:16)
#5020   StatefulElement.performRebuild (package:flutter/src/widgets/framework.dart:5985:11)
#5021   Element.rebuild (package:flutter/src/widgets/framework.dart:5532:7)
#5022   StatefulElement.update (package:flutter/src/widgets/framework.dart:6010:5)
#5023   Element.updateChild (package:flutter/src/widgets/framework.dart:4037:15)
#5024   ComponentElement.performRebuild (package:flutter/src/widgets/framework.dart:5844:16)
#5025   StatefulElement.performRebuild (package:flutter/src/widgets/framework.dart:5985:11)
#5026   Element.rebuild (package:flutter/src/widgets/framework.dart:5532:7)
#5027   StatefulElement.update (package:flutter/src/widgets/framework.dart:6010:5)
#5028   Element.updateChild (package:flutter/src/widgets/framework.dart:4037:15)
#5029   ComponentElement.performRebuild (package:flutter/src/widgets/framework.dart:5844:16)
#5030   Element.rebuild (package:flutter/src/widgets/framework.dart:5532:7)
#5031   ProxyElement.update (package:flutter/src/widgets/framework.dart:6152:5)
#5032   Element.updateChild (package:flutter/src/widgets/framework.dart:4037:15)
#5033   ComponentElement.performRebuild (package:flutter/src/widgets/framework.dart:5844:16)
#5034   StatefulElement.performRebuild (package:flutter/src/widgets/framework.dart:5985:11)
#5035   Element.rebuild (package:flutter/src/widgets/framework.dart:5532:7)
#5036   StatefulElement.update (package:flutter/src/widgets/framework.dart:6010:5)
#5037   Element.updateChild (package:flutter/src/widgets/framework.dart:4037:15)
#5038   ComponentElement.performRebuild (package:flutter/src/widgets/framework.dart:5844:16)
#5039   Element.rebuild (package:flutter/src/widgets/framework.dart:5532:7)
#5040   ProxyElement.update (package:flutter/src/widgets/framework.dart:6152:5)
#5041   Element.updateChild (package:flutter/src/widgets/framework.dart:4037:15)
#5042   ComponentElement.performRebuild (package:flutter/src/widgets/framework.dart:5844:16)
#5043   Element.rebuild (package:flutter/src/widgets/framework.dart:5532:7)
#5044   ProxyElement.update (package:flutter/src/widgets/framework.dart:6152:5)
#5045   Element.updateChild (package:flutter/src/widgets/framework.dart:4037:15)
#5046   _RawViewElement._updateChild (package:flutter/src/widgets/view.dart:481:16)
#5047   _RawViewElement.update (package:flutter/src/widgets/view.dart:568:5)
#5048   Element.updateChild (package:flutter/src/widgets/framework.dart:4037:15)
#5049   ComponentElement.performRebuild (package:flutter/src/widgets/framework.dart:5844:16)
#5050   Element.rebuild (package:flutter/src/widgets/framework.dart:5532:7)
#5051   StatelessElement.update (package:flutter/src/widgets/framework.dart:5898:5)
#5052   Element.updateChild (package:flutter/src/widgets/framework.dart:4037:15)
#5053   ComponentElement.performRebuild (package:flutter/src/widgets/framework.dart:5844:16)
#5054   StatefulElement.performRebuild (package:flutter/src/widgets/framework.dart:5985:11)
#5055   Element.rebuild (package:flutter/src/widgets/framework.dart:5532:7)
#5056   StatefulElement.update (package:flutter/src/widgets/framework.dart:6010:5)
#5057   Element.updateChild (package:flutter/src/widgets/framework.dart:4037:15)
#5058   RootElement._rebuild (package:flutter/src/widgets/binding.dart:1782:16)
#5059   RootElement.update (package:flutter/src/widgets/binding.dart:1760:5)
#5060   RootElement.performRebuild (package:flutter/src/widgets/binding.dart:1774:7)
#5061   Element.rebuild (package:flutter/src/widgets/framework.dart:5532:7)
#5062   BuildScope._tryRebuild (package:flutter/src/widgets/framework.dart:2750:15)
#5063   BuildScope._flushDirtyElements (package:flutter/src/widgets/framework.dart:2807:11)
#5064   BuildOwner.buildScope (package:flutter/src/widgets/framework.dart:3111:18)
#5065   AutomatedTestWidgetsFlutterBinding.drawFrame (package:flutter_test/src/binding.dart:1506:19)
#5066   RendererBinding._handlePersistentFrameCallback (package:flutter/src/rendering/binding.dart:495:5)
#5067   SchedulerBinding._invokeFrameCallback (package:flutter/src/scheduler/binding.dart:1434:15)
#5068   SchedulerBinding.handleDrawFrame (package:flutter/src/scheduler/binding.dart:1347:9)
#5069   AutomatedTestWidgetsFlutterBinding.pump.<anonymous closure> (package:flutter_test/src/binding.dart:1335:9)
#5072   TestAsyncUtils.guard (package:flutter_test/src/test_async_utils.dart:74:41)
#5073   AutomatedTestWidgetsFlutterBinding.pump (package:flutter_test/src/binding.dart:1324:27)
#5074   WidgetTester.pumpWidget.<anonymous closure> (package:flutter_test/src/widget_tester.dart:598:22)
#5077   TestAsyncUtils.guard (package:flutter_test/src/test_async_utils.dart:74:41)
#5078   WidgetTester.pumpWidget (package:flutter_test/src/widget_tester.dart:595:27)
#5079   main.<anonymous closure> (file:///C:/Users/leora/Documents/REMUH/test/widget_test.dart:10:18)
#5080   testWidgets.<anonymous closure>.<anonymous closure> (package:flutter_test/src/widget_tester.dart:192:29)
#5082   testWidgets.<anonymous closure>.<anonymous closure> (package:flutter_test/src/widget_tester.dart:189:25)
#5083   TestWidgetsFlutterBinding._runTestBody (package:flutter_test/src/binding.dart:1059:19)
#5085   TestWidgetsFlutterBinding._runTestBody (package:flutter_test/src/binding.dart:1048:5)
#5088   TestWidgetsFlutterBinding._runTest (package:flutter_test/src/binding.dart:1033:10)
#5089   AutomatedTestWidgetsFlutterBinding.runTest.<anonymous closure> (package:flutter_test/src/binding.dart:1564:24)
#5090   FakeAsync.run.<anonymous closure>.<anonymous closure> (package:fake_async/fake_async.dart:182:47)
#5095   withClock (package:clock/src/default.dart:52:10)
#5096   FakeAsync.run.<anonymous closure> (package:fake_async/fake_async.dart:182:15)
#5101   FakeAsync.run (package:fake_async/fake_async.dart:181:52)
#5102   AutomatedTestWidgetsFlutterBinding.runTest (package:flutter_test/src/binding.dart:1561:15)
#5103   testWidgets.<anonymous closure> (package:flutter_test/src/widget_tester.dart:184:24)
#5104   Declarer.test.<anonymous closure>.<anonymous closure> (package:test_api/src/backend/declarer.dart:242:19)
#5106   Declarer.test.<anonymous closure>.<anonymous closure> (package:test_api/src/backend/declarer.dart:241:9)
#5111   Declarer.test.<anonymous closure> (package:test_api/src/backend/declarer.dart:240:13)
#5112   Invoker._waitForOutstandingCallbacks.<anonymous closure> (package:test_api/src/backend/invoker.dart:282:17)
#5117   Invoker._waitForOutstandingCallbacks (package:test_api/src/backend/invoker.dart:278:5)
#5118   Invoker._onRun.<anonymous closure>.<anonymous closure>.<anonymous closure> (package:test_api/src/backend/invoker.dart:418:17)
#5120   Invoker._onRun.<anonymous closure>.<anonymous closure>.<anonymous closure> (package:test_api/src/backend/invoker.dart:416:11)
#5125   Invoker._onRun.<anonymous closure>.<anonymous closure> (package:test_api/src/backend/invoker.dart:407:9)
#5126   Invoker._guardIfGuarded (package:test_api/src/backend/invoker.dart:450:15)
#5127   Invoker._onRun.<anonymous closure> (package:test_api/src/backend/invoker.dart:406:7)
#5134   Invoker._onRun (package:test_api/src/backend/invoker.dart:405:11)
#5135   LiveTestController.run (package:test_api/src/backend/live_test_controller.dart:153:11)
#5136   RemoteListener._runLiveTest.<anonymous closure> (package:test_api/src/backend/remote_listener.dart:275:16)
#5141   RemoteListener._runLiveTest (package:test_api/src/backend/remote_listener.dart:274:5)
#5142   RemoteListener._serializeTest.<anonymous closure> (package:test_api/src/backend/remote_listener.dart:221:7)
#5160   _GuaranteeSink.add (package:stream_channel/src/guarantee_channel.dart:125:12)
#5161   new _MultiChannel.<anonymous closure> (package:stream_channel/src/multi_channel.dart:159:31)
#5163   CastStreamSubscription._onData (dart:_internal/async_cast.dart:95:11)
#5189   new _WebSocketImpl._fromSocket.<anonymous closure> (dart:_http/websocket_impl.dart:1252:27)
#5195   _WebSocketProtocolTransformer._messageFrameEnd (dart:_http/websocket_impl.dart:348:23)
#5196   _WebSocketProtocolTransformer.add (dart:_http/websocket_impl.dart:238:46)
#5204   _Socket._onData (dart:io-patch/socket_patch.dart:2880:41)
#5211   new _RawSocket.<anonymous closure> (dart:io-patch/socket_patch.dart:2315:31)
#5212   _NativeSocket.issueReadEvent.issue (dart:io-patch/socket_patch.dart:1655:14)
#5216   testWidgets.<anonymous closure>.<anonymous closure> (package:flutter_test/src/widget_tester.dart:189:25)
#5217   TestWidgetsFlutterBinding._runTestBody (package:flutter_test/src/binding.dart:1059:19)
#5219   TestWidgetsFlutterBinding._runTestBody (package:flutter_test/src/binding.dart:1048:5)
#5222   TestWidgetsFlutterBinding._runTest (package:flutter_test/src/binding.dart:1033:10)
#5223   AutomatedTestWidgetsFlutterBinding.runTest.<anonymous closure> (package:flutter_test/src/binding.dart:1564:24)
#5224   FakeAsync.run.<anonymous closure>.<anonymous closure> (package:fake_async/fake_async.dart:182:47)
#5229   withClock (package:clock/src/default.dart:52:10)
#5230   FakeAsync.run.<anonymous closure> (package:fake_async/fake_async.dart:182:15)
#5235   FakeAsync.run (package:fake_async/fake_async.dart:181:52)
#5236   AutomatedTestWidgetsFlutterBinding.runTest (package:flutter_test/src/binding.dart:1561:15)
#5237   testWidgets.<anonymous closure> (package:flutter_test/src/widget_tester.dart:184:24)
#5238   Declarer.test.<anonymous closure>.<anonymous closure> (package:test_api/src/backend/declarer.dart:242:19)
#5240   Declarer.test.<anonymous closure>.<anonymous closure> (package:test_api/src/backend/declarer.dart:241:9)
#5245   Declarer.test.<anonymous closure> (package:test_api/src/backend/declarer.dart:240:13)
#5246   Invoker._waitForOutstandingCallbacks.<anonymous closure> (package:test_api/src/backend/invoker.dart:282:17)
#5251   Invoker._waitForOutstandingCallbacks (package:test_api/src/backend/invoker.dart:278:5)
#5252   Invoker._onRun.<anonymous closure>.<anonymous closure>.<anonymous closure> (package:test_api/src/backend/invoker.dart:418:17)
#5254   Invoker._onRun.<anonymous closure>.<anonymous closure>.<anonymous closure> (package:test_api/src/backend/invoker.dart:416:11)
#5259   Invoker._onRun.<anonymous closure>.<anonymous closure> (package:test_api/src/backend/invoker.dart:407:9)
#5260   Invoker._guardIfGuarded (package:test_api/src/backend/invoker.dart:450:15)
#5261   Invoker._onRun.<anonymous closure> (package:test_api/src/backend/invoker.dart:406:7)
#5268   Invoker._onRun (package:test_api/src/backend/invoker.dart:405:11)
#5269   LiveTestController.run (package:test_api/src/backend/live_test_controller.dart:153:11)
#5270   RemoteListener._runLiveTest.<anonymous closure> (package:test_api/src/backend/remote_listener.dart:275:16)
#5275   RemoteListener._runLiveTest (package:test_api/src/backend/remote_listener.dart:274:5)
#5276   RemoteListener._serializeTest.<anonymous closure> (package:test_api/src/backend/remote_listener.dart:221:7)
#5294   _GuaranteeSink.add (package:stream_channel/src/guarantee_channel.dart:125:12)
#5295   new _MultiChannel.<anonymous closure> (package:stream_channel/src/multi_channel.dart:159:31)
#5297   CastStreamSubscription._onData (dart:_internal/async_cast.dart:95:11)
#5323   new _WebSocketImpl._fromSocket.<anonymous closure> (dart:_http/websocket_impl.dart:1252:27)
#5329   _WebSocketProtocolTransformer._messageFrameEnd (dart:_http/websocket_impl.dart:348:23)
#5330   _WebSocketProtocolTransformer.add (dart:_http/websocket_impl.dart:238:46)
#5338   _Socket._onData (dart:io-patch/socket_patch.dart:2880:41)
#5345   new _RawSocket.<anonymous closure> (dart:io-patch/socket_patch.dart:2315:31)
#5346   _NativeSocket.issueReadEvent.issue (dart:io-patch/socket_patch.dart:1655:14)
#5350   testWidgets.<anonymous closure>.<anonymous closure> (package:flutter_test/src/widget_tester.dart:189:25)
#5351   TestWidgetsFlutterBinding._runTestBody (package:flutter_test/src/binding.dart:1059:19)
#5353   TestWidgetsFlutterBinding._runTestBody (package:flutter_test/src/binding.dart:1048:5)
#5356   TestWidgetsFlutterBinding._runTest (package:flutter_test/src/binding.dart:1033:10)
#5357   AutomatedTestWidgetsFlutterBinding.runTest.<anonymous closure> (package:flutter_test/src/binding.dart:1564:24)
#5358   FakeAsync.run.<anonymous closure>.<anonymous closure> (package:fake_async/fake_async.dart:182:47)
#5363   withClock (package:clock/src/default.dart:52:10)
#5364   FakeAsync.run.<anonymous closure> (package:fake_async/fake_async.dart:182:15)
#5369   FakeAsync.run (package:fake_async/fake_async.dart:181:52)
#5370   AutomatedTestWidgetsFlutterBinding.runTest (package:flutter_test/src/binding.dart:1561:15)
#5371   testWidgets.<anonymous closure> (package:flutter_test/src/widget_tester.dart:184:24)
#5372   Declarer.test.<anonymous closure>.<anonymous closure> (package:test_api/src/backend/declarer.dart:242:19)
#5374   Declarer.test.<anonymous closure>.<anonymous closure> (package:test_api/src/backend/declarer.dart:241:9)
#5379   Declarer.test.<anonymous closure> (package:test_api/src/backend/declarer.dart:240:13)
#5380   Invoker._waitForOutstandingCallbacks.<anonymous closure> (package:test_api/src/backend/invoker.dart:282:17)
#5385   Invoker._waitForOutstandingCallbacks (package:test_api/src/backend/invoker.dart:278:5)
#5386   Invoker._onRun.<anonymous closure>.<anonymous closure>.<anonymous closure> (package:test_api/src/backend/invoker.dart:418:17)
#5388   Invoker._onRun.<anonymous closure>.<anonymous closure>.<anonymous closure> (package:test_api/src/backend/invoker.dart:416:11)
#5393   Invoker._onRun.<anonymous closure>.<anonymous closure> (package:test_api/src/backend/invoker.dart:407:9)
#5394   Invoker._guardIfGuarded (package:test_api/src/backend/invoker.dart:450:15)
#5395   Invoker._onRun.<anonymous closure> (package:test_api/src/backend/invoker.dart:406:7)
#5402   Invoker._onRun (package:test_api/src/backend/invoker.dart:405:11)
#5403   LiveTestController.run (package:test_api/src/backend/live_test_controller.dart:153:11)
#5404   RemoteListener._runLiveTest.<anonymous closure> (package:test_api/src/backend/remote_listener.dart:275:16)
#5409   RemoteListener._runLiveTest (package:test_api/src/backend/remote_listener.dart:274:5)
#5410   RemoteListener._serializeTest.<anonymous closure> (package:test_api/src/backend/remote_listener.dart:221:7)
#5428   _GuaranteeSink.add (package:stream_channel/src/guarantee_channel.dart:125:12)
#5429   new _MultiChannel.<anonymous closure> (package:stream_channel/src/multi_channel.dart:159:31)
#5431   CastStreamSubscription._onData (dart:_internal/async_cast.dart:95:11)
#5457   new _WebSocketImpl._fromSocket.<anonymous closure> (dart:_http/websocket_impl.dart:1252:27)
#5463   _WebSocketProtocolTransformer._messageFrameEnd (dart:_http/websocket_impl.dart:348:23)
#5464   _WebSocketProtocolTransformer.add (dart:_http/websocket_impl.dart:238:46)
#5472   _Socket._onData (dart:io-patch/socket_patch.dart:2880:41)
#5479   new _RawSocket.<anonymous closure> (dart:io-patch/socket_patch.dart:2315:31)
#5480   _NativeSocket.issueReadEvent.issue (dart:io-patch/socket_patch.dart:1655:14)
#5484   testWidgets.<anonymous closure>.<anonymous closure> (package:flutter_test/src/widget_tester.dart:189:25)
#5485   TestWidgetsFlutterBinding._runTestBody (package:flutter_test/src/binding.dart:1059:19)
#5487   TestWidgetsFlutterBinding._runTestBody (package:flutter_test/src/binding.dart:1048:5)
#5490   TestWidgetsFlutterBinding._runTest (package:flutter_test/src/binding.dart:1033:10)
#5491   AutomatedTestWidgetsFlutterBinding.runTest.<anonymous closure> (package:flutter_test/src/binding.dart:1564:24)
#5492   FakeAsync.run.<anonymous closure>.<anonymous closure> (package:fake_async/fake_async.dart:182:47)
#5497   withClock (package:clock/src/default.dart:52:10)
#5498   FakeAsync.run.<anonymous closure> (package:fake_async/fake_async.dart:182:15)
#5503   FakeAsync.run (package:fake_async/fake_async.dart:181:52)
#5504   AutomatedTestWidgetsFlutterBinding.runTest (package:flutter_test/src/binding.dart:1561:15)
#5505   testWidgets.<anonymous closure> (package:flutter_test/src/widget_tester.dart:184:24)
#5506   Declarer.test.<anonymous closure>.<anonymous closure> (package:test_api/src/backend/declarer.dart:242:19)
#5508   Declarer.test.<anonymous closure>.<anonymous closure> (package:test_api/src/backend/declarer.dart:241:9)
#5513   Declarer.test.<anonymous closure> (package:test_api/src/backend/declarer.dart:240:13)
#5514   Invoker._waitForOutstandingCallbacks.<anonymous closure> (package:test_api/src/backend/invoker.dart:282:17)
#5519   Invoker._waitForOutstandingCallbacks (package:test_api/src/backend/invoker.dart:278:5)
#5520   Invoker._onRun.<anonymous closure>.<anonymous closure>.<anonymous closure> (package:test_api/src/backend/invoker.dart:418:17)
#5522   Invoker._onRun.<anonymous closure>.<anonymous closure>.<anonymous closure> (package:test_api/src/backend/invoker.dart:416:11)
#5527   Invoker._onRun.<anonymous closure>.<anonymous closure> (package:test_api/src/backend/invoker.dart:407:9)
#5528   Invoker._guardIfGuarded (package:test_api/src/backend/invoker.dart:450:15)
#5529   Invoker._onRun.<anonymous closure> (package:test_api/src/backend/invoker.dart:406:7)
#5536   Invoker._onRun (package:test_api/src/backend/invoker.dart:405:11)
#5537   LiveTestController.run (package:test_api/src/backend/live_test_controller.dart:153:11)
#5538   RemoteListener._runLiveTest.<anonymous closure> (package:test_api/src/backend/remote_listener.dart:275:16)
#5543   RemoteListener._runLiveTest (package:test_api/src/backend/remote_listener.dart:274:5)
#5544   RemoteListener._serializeTest.<anonymous closure> (package:test_api/src/backend/remote_listener.dart:221:7)
#5562   _GuaranteeSink.add (package:stream_channel/src/guarantee_channel.dart:125:12)
#5563   new _MultiChannel.<anonymous closure> (package:stream_channel/src/multi_channel.dart:159:31)
#5565   CastStreamSubscription._onData (dart:_internal/async_cast.dart:95:11)
#5591   new _WebSocketImpl._fromSocket.<anonymous closure> (dart:_http/websocket_impl.dart:1252:27)
#5597   _WebSocketProtocolTransformer._messageFrameEnd (dart:_http/websocket_impl.dart:348:23)
#5598   _WebSocketProtocolTransformer.add (dart:_http/websocket_impl.dart:238:46)
#5606   _Socket._onData (dart:io-patch/socket_patch.dart:2880:41)
#5613   new _RawSocket.<anonymous closure> (dart:io-patch/socket_patch.dart:2315:31)
#5614   _NativeSocket.issueReadEvent.issue (dart:io-patch/socket_patch.dart:1655:14)
(elided 420 frames from dart:async and package:stack_trace)

ÔòÉÔòÉÔòÉÔòÉÔòÉÔòÉÔòÉÔòÉÔòÉÔòÉÔòÉÔòÉÔòÉÔòÉÔòÉÔòÉÔòÉÔòÉÔòÉÔòÉÔòÉÔòÉÔòÉÔòÉÔòÉÔòÉÔòÉÔòÉÔòÉÔòÉÔòÉÔòÉÔòÉÔòÉÔòÉÔòÉÔòÉÔòÉÔòÉÔòÉÔòÉÔòÉÔòÉÔòÉÔòÉÔòÉÔòÉÔòÉÔòÉÔòÉÔòÉÔòÉÔòÉÔòÉÔòÉÔòÉÔòÉÔòÉÔòÉÔòÉÔòÉÔòÉÔòÉÔòÉÔòÉÔòÉÔòÉÔòÉÔòÉÔòÉÔòÉÔòÉÔòÉÔòÉÔòÉÔòÉÔòÉÔòÉÔòÉÔòÉÔòÉÔòÉÔòÉÔòÉÔòÉÔòÉÔòÉÔòÉÔòÉÔòÉÔòÉÔòÉÔòÉÔòÉÔòÉÔòÉÔòÉÔòÉÔòÉÔòÉ
ÔòÉÔòÉÔòí EXCEPTION CAUGHT BY WIDGETS LIBRARY Ôò×ÔòÉÔòÉÔòÉÔòÉÔòÉÔòÉÔòÉÔòÉÔòÉÔòÉÔòÉÔòÉÔòÉÔòÉÔòÉÔòÉÔòÉÔòÉÔòÉÔòÉÔòÉÔòÉÔòÉÔòÉÔòÉÔòÉÔòÉÔòÉÔòÉÔòÉÔòÉÔòÉÔòÉÔòÉÔòÉÔòÉÔòÉÔòÉÔòÉÔòÉÔòÉÔòÉÔòÉÔòÉÔòÉÔòÉÔòÉÔòÉÔòÉÔòÉÔòÉÔòÉÔòÉÔòÉÔòÉÔòÉÔòÉÔòÉÔòÉ
The following UnimplementedError was thrown building FavoritesScreen(dirty, dependencies:
[UncontrolledProviderScope], state: _ConsumerState#0c2cf):
Provider was not overridden

The relevant error-causing widget was:
  FavoritesScreen
  FavoritesScreen:file:///C:/Users/leora/Documents/REMUH/lib/presentation/screens/main_scaffold.dart:23:13

When the exception was thrown, this was the stack:
#1      _ProviderStateSubscription.read (package:riverpod/src/framework/provider_base.dart:181:28)
#2      ConsumerStatefulElement.watch (package:flutter_riverpod/src/consumer.dart:568:8)
#3      FavoritesScreen.build (package:remuh/presentation/screens/favorites_screen.dart:15:32)
#4      _ConsumerState.build (package:flutter_riverpod/src/consumer.dart:476:19)
#5      StatefulElement.build (package:flutter/src/widgets/framework.dart:5934:27)
#6      ConsumerStatefulElement.build (package:flutter_riverpod/src/consumer.dart:539:20)
#7      ComponentElement.performRebuild (package:flutter/src/widgets/framework.dart:5820:15)
#8      StatefulElement.performRebuild (package:flutter/src/widgets/framework.dart:5985:11)
#9      Element.rebuild (package:flutter/src/widgets/framework.dart:5532:7)
#10     ComponentElement._firstBuild (package:flutter/src/widgets/framework.dart:5802:5)
#11     StatefulElement._firstBuild (package:flutter/src/widgets/framework.dart:5976:11)
#12     ComponentElement.mount (package:flutter/src/widgets/framework.dart:5796:5)
...     Normal element mounting (39 frames)
#51     Element.inflateWidget (package:flutter/src/widgets/framework.dart:4590:20)
#52     MultiChildRenderObjectElement.inflateWidget (package:flutter/src/widgets/framework.dart:7269:36)
#53     MultiChildRenderObjectElement.mount (package:flutter/src/widgets/framework.dart:7285:32)
...     Normal element mounting (31 frames)
#84     Element.inflateWidget (package:flutter/src/widgets/framework.dart:4590:20)
#85     MultiChildRenderObjectElement.inflateWidget (package:flutter/src/widgets/framework.dart:7269:36)
#86     MultiChildRenderObjectElement.mount (package:flutter/src/widgets/framework.dart:7285:32)
...     Normal element mounting (372 frames)
#458    Element.inflateWidget (package:flutter/src/widgets/framework.dart:4590:20)
#459    MultiChildRenderObjectElement.inflateWidget (package:flutter/src/widgets/framework.dart:7269:36)
#460    MultiChildRenderObjectElement.mount (package:flutter/src/widgets/framework.dart:7285:32)
...     Normal element mounting (462 frames)
#922    _UncontrolledProviderScopeElement.mount (package:flutter_riverpod/src/framework.dart:315:11)
...     Normal element mounting (9 frames)
#931    Element.inflateWidget (package:flutter/src/widgets/framework.dart:4590:20)
#932    Element.updateChild (package:flutter/src/widgets/framework.dart:4053:20)
#933    ComponentElement.performRebuild (package:flutter/src/widgets/framework.dart:5844:16)
#934    Element.rebuild (package:flutter/src/widgets/framework.dart:5532:7)
#935    ProxyElement.update (package:flutter/src/widgets/framework.dart:6152:5)
#936    _InheritedNotifierElement.update (package:flutter/src/widgets/inherited_notifier.dart:108:11)
#937    Element.updateChild (package:flutter/src/widgets/framework.dart:4037:15)
#938    ComponentElement.performRebuild (package:flutter/src/widgets/framework.dart:5844:16)
#939    StatefulElement.performRebuild (package:flutter/src/widgets/framework.dart:5985:11)
#940    Element.rebuild (package:flutter/src/widgets/framework.dart:5532:7)
#941    StatefulElement.update (package:flutter/src/widgets/framework.dart:6010:5)
#942    Element.updateChild (package:flutter/src/widgets/framework.dart:4037:15)
#943    ComponentElement.performRebuild (package:flutter/src/widgets/framework.dart:5844:16)
#944    Element.rebuild (package:flutter/src/widgets/framework.dart:5532:7)
#945    ProxyElement.update (package:flutter/src/widgets/framework.dart:6152:5)
#946    _InheritedNotifierElement.update (package:flutter/src/widgets/inherited_notifier.dart:108:11)
#947    Element.updateChild (package:flutter/src/widgets/framework.dart:4037:15)
#948    ComponentElement.performRebuild (package:flutter/src/widgets/framework.dart:5844:16)
#949    StatefulElement.performRebuild (package:flutter/src/widgets/framework.dart:5985:11)
#950    Element.rebuild (package:flutter/src/widgets/framework.dart:5532:7)
#951    StatefulElement.update (package:flutter/src/widgets/framework.dart:6010:5)
#952    Element.updateChild (package:flutter/src/widgets/framework.dart:4037:15)
#953    ComponentElement.performRebuild (package:flutter/src/widgets/framework.dart:5844:16)
#954    StatefulElement.performRebuild (package:flutter/src/widgets/framework.dart:5985:11)
#955    Element.rebuild (package:flutter/src/widgets/framework.dart:5532:7)
#956    StatefulElement.update (package:flutter/src/widgets/framework.dart:6010:5)
#957    Element.updateChild (package:flutter/src/widgets/framework.dart:4037:15)
#958    ComponentElement.performRebuild (package:flutter/src/widgets/framework.dart:5844:16)
#959    Element.rebuild (package:flutter/src/widgets/framework.dart:5532:7)
#960    ProxyElement.update (package:flutter/src/widgets/framework.dart:6152:5)
#961    Element.updateChild (package:flutter/src/widgets/framework.dart:4037:15)
#962    ComponentElement.performRebuild (package:flutter/src/widgets/framework.dart:5844:16)
#963    StatefulElement.performRebuild (package:flutter/src/widgets/framework.dart:5985:11)
#964    Element.rebuild (package:flutter/src/widgets/framework.dart:5532:7)
#965    StatefulElement.update (package:flutter/src/widgets/framework.dart:6010:5)
#966    Element.updateChild (package:flutter/src/widgets/framework.dart:4037:15)
#967    ComponentElement.performRebuild (package:flutter/src/widgets/framework.dart:5844:16)
#968    Element.rebuild (package:flutter/src/widgets/framework.dart:5532:7)
#969    ProxyElement.update (package:flutter/src/widgets/framework.dart:6152:5)
#970    Element.updateChild (package:flutter/src/widgets/framework.dart:4037:15)
#971    ComponentElement.performRebuild (package:flutter/src/widgets/framework.dart:5844:16)
#972    Element.rebuild (package:flutter/src/widgets/framework.dart:5532:7)
#973    ProxyElement.update (package:flutter/src/widgets/framework.dart:6152:5)
#974    Element.updateChild (package:flutter/src/widgets/framework.dart:4037:15)
#975    _RawViewElement._updateChild (package:flutter/src/widgets/view.dart:481:16)
#976    _RawViewElement.update (package:flutter/src/widgets/view.dart:568:5)
#977    Element.updateChild (package:flutter/src/widgets/framework.dart:4037:15)
#978    ComponentElement.performRebuild (package:flutter/src/widgets/framework.dart:5844:16)
#979    Element.rebuild (package:flutter/src/widgets/framework.dart:5532:7)
#980    StatelessElement.update (package:flutter/src/widgets/framework.dart:5898:5)
#981    Element.updateChild (package:flutter/src/widgets/framework.dart:4037:15)
#982    ComponentElement.performRebuild (package:flutter/src/widgets/framework.dart:5844:16)
#983    StatefulElement.performRebuild (package:flutter/src/widgets/framework.dart:5985:11)
#984    Element.rebuild (package:flutter/src/widgets/framework.dart:5532:7)
#985    StatefulElement.update (package:flutter/src/widgets/framework.dart:6010:5)
#986    Element.updateChild (package:flutter/src/widgets/framework.dart:4037:15)
#987    RootElement._rebuild (package:flutter/src/widgets/binding.dart:1782:16)
#988    RootElement.update (package:flutter/src/widgets/binding.dart:1760:5)
#989    RootElement.performRebuild (package:flutter/src/widgets/binding.dart:1774:7)
#990    Element.rebuild (package:flutter/src/widgets/framework.dart:5532:7)
#991    BuildScope._tryRebuild (package:flutter/src/widgets/framework.dart:2750:15)
#992    BuildScope._flushDirtyElements (package:flutter/src/widgets/framework.dart:2807:11)
#993    BuildOwner.buildScope (package:flutter/src/widgets/framework.dart:3111:18)
#994    AutomatedTestWidgetsFlutterBinding.drawFrame (package:flutter_test/src/binding.dart:1506:19)
#995    RendererBinding._handlePersistentFrameCallback (package:flutter/src/rendering/binding.dart:495:5)
#996    SchedulerBinding._invokeFrameCallback (package:flutter/src/scheduler/binding.dart:1434:15)
#997    SchedulerBinding.handleDrawFrame (package:flutter/src/scheduler/binding.dart:1347:9)
#998    AutomatedTestWidgetsFlutterBinding.pump.<anonymous closure> (package:flutter_test/src/binding.dart:1335:9)
#1001   TestAsyncUtils.guard (package:flutter_test/src/test_async_utils.dart:74:41)
#1002   AutomatedTestWidgetsFlutterBinding.pump (package:flutter_test/src/binding.dart:1324:27)
#1003   WidgetTester.pumpWidget.<anonymous closure> (package:flutter_test/src/widget_tester.dart:598:22)
#1006   TestAsyncUtils.guard (package:flutter_test/src/test_async_utils.dart:74:41)
#1007   WidgetTester.pumpWidget (package:flutter_test/src/widget_tester.dart:595:27)
#1008   main.<anonymous closure> (file:///C:/Users/leora/Documents/REMUH/test/widget_test.dart:10:18)
#1009   testWidgets.<anonymous closure>.<anonymous closure> (package:flutter_test/src/widget_tester.dart:192:29)
#1010   TestWidgetsFlutterBinding._runTestBody (package:flutter_test/src/binding.dart:1059:5)
#1012   ProviderElementBase.watch (package:riverpod/src/framework/element.dart:742:20)
#1013   favoriteTracksProvider.<anonymous closure> (package:remuh/presentation/providers/favorites_provider.dart:55:25)
#1014   ProviderContainer.listen (package:riverpod/src/framework/container.dart:280:21)
#1015   ConsumerStatefulElement.watch.<anonymous closure> (package:flutter_riverpod/src/consumer.dart:564:25)
#1016   _LinkedHashMapMixin.putIfAbsent (dart:_compact_hash:675:23)
#1017   ConsumerStatefulElement.watch (package:flutter_riverpod/src/consumer.dart:557:26)
#1018   FavoritesScreen.build (package:remuh/presentation/screens/favorites_screen.dart:15:32)
#1019   _ConsumerState.build (package:flutter_riverpod/src/consumer.dart:476:19)
#1020   StatefulElement.build (package:flutter/src/widgets/framework.dart:5934:27)
#1021   ConsumerStatefulElement.build (package:flutter_riverpod/src/consumer.dart:539:20)
#1022   ComponentElement.performRebuild (package:flutter/src/widgets/framework.dart:5820:15)
#1023   StatefulElement.performRebuild (package:flutter/src/widgets/framework.dart:5985:11)
#1024   Element.rebuild (package:flutter/src/widgets/framework.dart:5532:7)
#1025   ComponentElement._firstBuild (package:flutter/src/widgets/framework.dart:5802:5)
#1026   StatefulElement._firstBuild (package:flutter/src/widgets/framework.dart:5976:11)
#1027   ComponentElement.mount (package:flutter/src/widgets/framework.dart:5796:5)
...     Normal element mounting (39 frames)
#1066   Element.inflateWidget (package:flutter/src/widgets/framework.dart:4590:20)
#1067   MultiChildRenderObjectElement.inflateWidget (package:flutter/src/widgets/framework.dart:7269:36)
#1068   MultiChildRenderObjectElement.mount (package:flutter/src/widgets/framework.dart:7285:32)
...     Normal element mounting (31 frames)
#1099   Element.inflateWidget (package:flutter/src/widgets/framework.dart:4590:20)
#1100   MultiChildRenderObjectElement.inflateWidget (package:flutter/src/widgets/framework.dart:7269:36)
#1101   MultiChildRenderObjectElement.mount (package:flutter/src/widgets/framework.dart:7285:32)
...     Normal element mounting (372 frames)
#1473   Element.inflateWidget (package:flutter/src/widgets/framework.dart:4590:20)
#1474   MultiChildRenderObjectElement.inflateWidget (package:flutter/src/widgets/framework.dart:7269:36)
#1475   MultiChildRenderObjectElement.mount (package:flutter/src/widgets/framework.dart:7285:32)
...     Normal element mounting (462 frames)
#1937   _UncontrolledProviderScopeElement.mount (package:flutter_riverpod/src/framework.dart:315:11)
...     Normal element mounting (9 frames)
#1946   Element.inflateWidget (package:flutter/src/widgets/framework.dart:4590:20)
#1947   Element.updateChild (package:flutter/src/widgets/framework.dart:4053:20)
#1948   ComponentElement.performRebuild (package:flutter/src/widgets/framework.dart:5844:16)
#1949   Element.rebuild (package:flutter/src/widgets/framework.dart:5532:7)
#1950   ProxyElement.update (package:flutter/src/widgets/framework.dart:6152:5)
#1951   _InheritedNotifierElement.update (package:flutter/src/widgets/inherited_notifier.dart:108:11)
#1952   Element.updateChild (package:flutter/src/widgets/framework.dart:4037:15)
#1953   ComponentElement.performRebuild (package:flutter/src/widgets/framework.dart:5844:16)
#1954   StatefulElement.performRebuild (package:flutter/src/widgets/framework.dart:5985:11)
#1955   Element.rebuild (package:flutter/src/widgets/framework.dart:5532:7)
#1956   StatefulElement.update (package:flutter/src/widgets/framework.dart:6010:5)
#1957   Element.updateChild (package:flutter/src/widgets/framework.dart:4037:15)
#1958   ComponentElement.performRebuild (package:flutter/src/widgets/framework.dart:5844:16)
#1959   Element.rebuild (package:flutter/src/widgets/framework.dart:5532:7)
#1960   ProxyElement.update (package:flutter/src/widgets/framework.dart:6152:5)
#1961   _InheritedNotifierElement.update (package:flutter/src/widgets/inherited_notifier.dart:108:11)
#1962   Element.updateChild (package:flutter/src/widgets/framework.dart:4037:15)
#1963   ComponentElement.performRebuild (package:flutter/src/widgets/framework.dart:5844:16)
#1964   StatefulElement.performRebuild (package:flutter/src/widgets/framework.dart:5985:11)
#1965   Element.rebuild (package:flutter/src/widgets/framework.dart:5532:7)
#1966   StatefulElement.update (package:flutter/src/widgets/framework.dart:6010:5)
#1967   Element.updateChild (package:flutter/src/widgets/framework.dart:4037:15)
#1968   ComponentElement.performRebuild (package:flutter/src/widgets/framework.dart:5844:16)
#1969   StatefulElement.performRebuild (package:flutter/src/widgets/framework.dart:5985:11)
#1970   Element.rebuild (package:flutter/src/widgets/framework.dart:5532:7)
#1971   StatefulElement.update (package:flutter/src/widgets/framework.dart:6010:5)
#1972   Element.updateChild (package:flutter/src/widgets/framework.dart:4037:15)
#1973   ComponentElement.performRebuild (package:flutter/src/widgets/framework.dart:5844:16)
#1974   Element.rebuild (package:flutter/src/widgets/framework.dart:5532:7)
#1975   ProxyElement.update (package:flutter/src/widgets/framework.dart:6152:5)
#1976   Element.updateChild (package:flutter/src/widgets/framework.dart:4037:15)
#1977   ComponentElement.performRebuild (package:flutter/src/widgets/framework.dart:5844:16)
#1978   StatefulElement.performRebuild (package:flutter/src/widgets/framework.dart:5985:11)
#1979   Element.rebuild (package:flutter/src/widgets/framework.dart:5532:7)
#1980   StatefulElement.update (package:flutter/src/widgets/framework.dart:6010:5)
#1981   Element.updateChild (package:flutter/src/widgets/framework.dart:4037:15)
#1982   ComponentElement.performRebuild (package:flutter/src/widgets/framework.dart:5844:16)
#1983   Element.rebuild (package:flutter/src/widgets/framework.dart:5532:7)
#1984   ProxyElement.update (package:flutter/src/widgets/framework.dart:6152:5)
#1985   Element.updateChild (package:flutter/src/widgets/framework.dart:4037:15)
#1986   ComponentElement.performRebuild (package:flutter/src/widgets/framework.dart:5844:16)
#1987   Element.rebuild (package:flutter/src/widgets/framework.dart:5532:7)
#1988   ProxyElement.update (package:flutter/src/widgets/framework.dart:6152:5)
#1989   Element.updateChild (package:flutter/src/widgets/framework.dart:4037:15)
#1990   _RawViewElement._updateChild (package:flutter/src/widgets/view.dart:481:16)
#1991   _RawViewElement.update (package:flutter/src/widgets/view.dart:568:5)
#1992   Element.updateChild (package:flutter/src/widgets/framework.dart:4037:15)
#1993   ComponentElement.performRebuild (package:flutter/src/widgets/framework.dart:5844:16)
#1994   Element.rebuild (package:flutter/src/widgets/framework.dart:5532:7)
#1995   StatelessElement.update (package:flutter/src/widgets/framework.dart:5898:5)
#1996   Element.updateChild (package:flutter/src/widgets/framework.dart:4037:15)
#1997   ComponentElement.performRebuild (package:flutter/src/widgets/framework.dart:5844:16)
#1998   StatefulElement.performRebuild (package:flutter/src/widgets/framework.dart:5985:11)
#1999   Element.rebuild (package:flutter/src/widgets/framework.dart:5532:7)
#2000   StatefulElement.update (package:flutter/src/widgets/framework.dart:6010:5)
#2001   Element.updateChild (package:flutter/src/widgets/framework.dart:4037:15)
#2002   RootElement._rebuild (package:flutter/src/widgets/binding.dart:1782:16)
#2003   RootElement.update (package:flutter/src/widgets/binding.dart:1760:5)
#2004   RootElement.performRebuild (package:flutter/src/widgets/binding.dart:1774:7)
#2005   Element.rebuild (package:flutter/src/widgets/framework.dart:5532:7)
#2006   BuildScope._tryRebuild (package:flutter/src/widgets/framework.dart:2750:15)
#2007   BuildScope._flushDirtyElements (package:flutter/src/widgets/framework.dart:2807:11)
#2008   BuildOwner.buildScope (package:flutter/src/widgets/framework.dart:3111:18)
#2009   AutomatedTestWidgetsFlutterBinding.drawFrame (package:flutter_test/src/binding.dart:1506:19)
#2010   RendererBinding._handlePersistentFrameCallback (package:flutter/src/rendering/binding.dart:495:5)
#2011   SchedulerBinding._invokeFrameCallback (package:flutter/src/scheduler/binding.dart:1434:15)
#2012   SchedulerBinding.handleDrawFrame (package:flutter/src/scheduler/binding.dart:1347:9)
#2013   AutomatedTestWidgetsFlutterBinding.pump.<anonymous closure> (package:flutter_test/src/binding.dart:1335:9)
#2016   TestAsyncUtils.guard (package:flutter_test/src/test_async_utils.dart:74:41)
#2017   AutomatedTestWidgetsFlutterBinding.pump (package:flutter_test/src/binding.dart:1324:27)
#2018   WidgetTester.pumpWidget.<anonymous closure> (package:flutter_test/src/widget_tester.dart:598:22)
#2021   TestAsyncUtils.guard (package:flutter_test/src/test_async_utils.dart:74:41)
#2022   WidgetTester.pumpWidget (package:flutter_test/src/widget_tester.dart:595:27)
#2023   main.<anonymous closure> (file:///C:/Users/leora/Documents/REMUH/test/widget_test.dart:10:18)
#2024   testWidgets.<anonymous closure>.<anonymous closure> (package:flutter_test/src/widget_tester.dart:192:29)
#2025   TestWidgetsFlutterBinding._runTestBody (package:flutter_test/src/binding.dart:1059:5)
#2027   ProviderElementBase.watch (package:riverpod/src/framework/element.dart:742:20)
#2028   libraryViewModelProvider.<anonymous closure> (package:remuh/presentation/providers/library_view_model.dart:43:30)
#2029   ProviderContainer.listen (package:riverpod/src/framework/container.dart:280:21)
#2030   ConsumerStatefulElement.watch.<anonymous closure> (package:flutter_riverpod/src/consumer.dart:564:25)
#2031   _LinkedHashMapMixin.putIfAbsent (dart:_compact_hash:675:23)
#2032   ConsumerStatefulElement.watch (package:flutter_riverpod/src/consumer.dart:557:26)
#2033   LibraryScreen.build (package:remuh/presentation/screens/library_screen.dart:22:30)
#2034   _ConsumerState.build (package:flutter_riverpod/src/consumer.dart:476:19)
#2035   StatefulElement.build (package:flutter/src/widgets/framework.dart:5934:27)
#2036   ConsumerStatefulElement.build (package:flutter_riverpod/src/consumer.dart:539:20)
#2037   ComponentElement.performRebuild (package:flutter/src/widgets/framework.dart:5820:15)
#2038   StatefulElement.performRebuild (package:flutter/src/widgets/framework.dart:5985:11)
#2039   Element.rebuild (package:flutter/src/widgets/framework.dart:5532:7)
#2040   ComponentElement._firstBuild (package:flutter/src/widgets/framework.dart:5802:5)
#2041   StatefulElement._firstBuild (package:flutter/src/widgets/framework.dart:5976:11)
#2042   ComponentElement.mount (package:flutter/src/widgets/framework.dart:5796:5)
...     Normal element mounting (39 frames)
#2081   Element.inflateWidget (package:flutter/src/widgets/framework.dart:4590:20)
#2082   MultiChildRenderObjectElement.inflateWidget (package:flutter/src/widgets/framework.dart:7269:36)
#2083   MultiChildRenderObjectElement.mount (package:flutter/src/widgets/framework.dart:7285:32)
...     Normal element mounting (31 frames)
#2114   Element.inflateWidget (package:flutter/src/widgets/framework.dart:4590:20)
#2115   MultiChildRenderObjectElement.inflateWidget (package:flutter/src/widgets/framework.dart:7269:36)
#2116   MultiChildRenderObjectElement.mount (package:flutter/src/widgets/framework.dart:7285:32)
...     Normal element mounting (372 frames)
#2488   Element.inflateWidget (package:flutter/src/widgets/framework.dart:4590:20)
#2489   MultiChildRenderObjectElement.inflateWidget (package:flutter/src/widgets/framework.dart:7269:36)
#2490   MultiChildRenderObjectElement.mount (package:flutter/src/widgets/framework.dart:7285:32)
...     Normal element mounting (462 frames)
#2952   _UncontrolledProviderScopeElement.mount (package:flutter_riverpod/src/framework.dart:315:11)
...     Normal element mounting (9 frames)
#2961   Element.inflateWidget (package:flutter/src/widgets/framework.dart:4590:20)
#2962   Element.updateChild (package:flutter/src/widgets/framework.dart:4053:20)
#2963   ComponentElement.performRebuild (package:flutter/src/widgets/framework.dart:5844:16)
#2964   Element.rebuild (package:flutter/src/widgets/framework.dart:5532:7)
#2965   ProxyElement.update (package:flutter/src/widgets/framework.dart:6152:5)
#2966   _InheritedNotifierElement.update (package:flutter/src/widgets/inherited_notifier.dart:108:11)
#2967   Element.updateChild (package:flutter/src/widgets/framework.dart:4037:15)
#2968   ComponentElement.performRebuild (package:flutter/src/widgets/framework.dart:5844:16)
#2969   StatefulElement.performRebuild (package:flutter/src/widgets/framework.dart:5985:11)
#2970   Element.rebuild (package:flutter/src/widgets/framework.dart:5532:7)
#2971   StatefulElement.update (package:flutter/src/widgets/framework.dart:6010:5)
#2972   Element.updateChild (package:flutter/src/widgets/framework.dart:4037:15)
#2973   ComponentElement.performRebuild (package:flutter/src/widgets/framework.dart:5844:16)
#2974   Element.rebuild (package:flutter/src/widgets/framework.dart:5532:7)
#2975   ProxyElement.update (package:flutter/src/widgets/framework.dart:6152:5)
#2976   _InheritedNotifierElement.update (package:flutter/src/widgets/inherited_notifier.dart:108:11)
#2977   Element.updateChild (package:flutter/src/widgets/framework.dart:4037:15)
#2978   ComponentElement.performRebuild (package:flutter/src/widgets/framework.dart:5844:16)
#2979   StatefulElement.performRebuild (package:flutter/src/widgets/framework.dart:5985:11)
#2980   Element.rebuild (package:flutter/src/widgets/framework.dart:5532:7)
#2981   StatefulElement.update (package:flutter/src/widgets/framework.dart:6010:5)
#2982   Element.updateChild (package:flutter/src/widgets/framework.dart:4037:15)
#2983   ComponentElement.performRebuild (package:flutter/src/widgets/framework.dart:5844:16)
#2984   StatefulElement.performRebuild (package:flutter/src/widgets/framework.dart:5985:11)
#2985   Element.rebuild (package:flutter/src/widgets/framework.dart:5532:7)
#2986   StatefulElement.update (package:flutter/src/widgets/framework.dart:6010:5)
#2987   Element.updateChild (package:flutter/src/widgets/framework.dart:4037:15)
#2988   ComponentElement.performRebuild (package:flutter/src/widgets/framework.dart:5844:16)
#2989   Element.rebuild (package:flutter/src/widgets/framework.dart:5532:7)
#2990   ProxyElement.update (package:flutter/src/widgets/framework.dart:6152:5)
#2991   Element.updateChild (package:flutter/src/widgets/framework.dart:4037:15)
#2992   ComponentElement.performRebuild (package:flutter/src/widgets/framework.dart:5844:16)
#2993   StatefulElement.performRebuild (package:flutter/src/widgets/framework.dart:5985:11)
#2994   Element.rebuild (package:flutter/src/widgets/framework.dart:5532:7)
#2995   StatefulElement.update (package:flutter/src/widgets/framework.dart:6010:5)
#2996   Element.updateChild (package:flutter/src/widgets/framework.dart:4037:15)
#2997   ComponentElement.performRebuild (package:flutter/src/widgets/framework.dart:5844:16)
#2998   Element.rebuild (package:flutter/src/widgets/framework.dart:5532:7)
#2999   ProxyElement.update (package:flutter/src/widgets/framework.dart:6152:5)
#3000   Element.updateChild (package:flutter/src/widgets/framework.dart:4037:15)
#3001   ComponentElement.performRebuild (package:flutter/src/widgets/framework.dart:5844:16)
#3002   Element.rebuild (package:flutter/src/widgets/framework.dart:5532:7)
#3003   ProxyElement.update (package:flutter/src/widgets/framework.dart:6152:5)
#3004   Element.updateChild (package:flutter/src/widgets/framework.dart:4037:15)
#3005   _RawViewElement._updateChild (package:flutter/src/widgets/view.dart:481:16)
#3006   _RawViewElement.update (package:flutter/src/widgets/view.dart:568:5)
#3007   Element.updateChild (package:flutter/src/widgets/framework.dart:4037:15)
#3008   ComponentElement.performRebuild (package:flutter/src/widgets/framework.dart:5844:16)
#3009   Element.rebuild (package:flutter/src/widgets/framework.dart:5532:7)
#3010   StatelessElement.update (package:flutter/src/widgets/framework.dart:5898:5)
#3011   Element.updateChild (package:flutter/src/widgets/framework.dart:4037:15)
#3012   ComponentElement.performRebuild (package:flutter/src/widgets/framework.dart:5844:16)
#3013   StatefulElement.performRebuild (package:flutter/src/widgets/framework.dart:5985:11)
#3014   Element.rebuild (package:flutter/src/widgets/framework.dart:5532:7)
#3015   StatefulElement.update (package:flutter/src/widgets/framework.dart:6010:5)
#3016   Element.updateChild (package:flutter/src/widgets/framework.dart:4037:15)
#3017   RootElement._rebuild (package:flutter/src/widgets/binding.dart:1782:16)
#3018   RootElement.update (package:flutter/src/widgets/binding.dart:1760:5)
#3019   RootElement.performRebuild (package:flutter/src/widgets/binding.dart:1774:7)
#3020   Element.rebuild (package:flutter/src/widgets/framework.dart:5532:7)
#3021   BuildScope._tryRebuild (package:flutter/src/widgets/framework.dart:2750:15)
#3022   BuildScope._flushDirtyElements (package:flutter/src/widgets/framework.dart:2807:11)
#3023   BuildOwner.buildScope (package:flutter/src/widgets/framework.dart:3111:18)
#3024   AutomatedTestWidgetsFlutterBinding.drawFrame (package:flutter_test/src/binding.dart:1506:19)
#3025   RendererBinding._handlePersistentFrameCallback (package:flutter/src/rendering/binding.dart:495:5)
#3026   SchedulerBinding._invokeFrameCallback (package:flutter/src/scheduler/binding.dart:1434:15)
#3027   SchedulerBinding.handleDrawFrame (package:flutter/src/scheduler/binding.dart:1347:9)
#3028   AutomatedTestWidgetsFlutterBinding.pump.<anonymous closure> (package:flutter_test/src/binding.dart:1335:9)
#3031   TestAsyncUtils.guard (package:flutter_test/src/test_async_utils.dart:74:41)
#3032   AutomatedTestWidgetsFlutterBinding.pump (package:flutter_test/src/binding.dart:1324:27)
#3033   WidgetTester.pumpWidget.<anonymous closure> (package:flutter_test/src/widget_tester.dart:598:22)
#3036   TestAsyncUtils.guard (package:flutter_test/src/test_async_utils.dart:74:41)
#3037   WidgetTester.pumpWidget (package:flutter_test/src/widget_tester.dart:595:27)
#3038   main.<anonymous closure> (file:///C:/Users/leora/Documents/REMUH/test/widget_test.dart:10:18)
#3039   testWidgets.<anonymous closure>.<anonymous closure> (package:flutter_test/src/widget_tester.dart:192:29)
#3040   TestWidgetsFlutterBinding._runTestBody (package:flutter_test/src/binding.dart:1059:5)
#3042   ProviderElementBase.watch (package:riverpod/src/framework/element.dart:742:20)
#3043   scanTracksUseCaseProvider.<anonymous closure> (package:remuh/presentation/providers/audio_player_provider.dart:61:26)
#3044   ProviderElementBase.watch (package:riverpod/src/framework/element.dart:714:12)
#3045   libraryViewModelProvider.<anonymous closure> (package:remuh/presentation/providers/library_view_model.dart:43:30)
#3046   ProviderContainer.listen (package:riverpod/src/framework/container.dart:280:21)
#3047   ConsumerStatefulElement.watch.<anonymous closure> (package:flutter_riverpod/src/consumer.dart:564:25)
#3048   _LinkedHashMapMixin.putIfAbsent (dart:_compact_hash:675:23)
#3049   ConsumerStatefulElement.watch (package:flutter_riverpod/src/consumer.dart:557:26)
#3050   LibraryScreen.build (package:remuh/presentation/screens/library_screen.dart:22:30)
#3051   _ConsumerState.build (package:flutter_riverpod/src/consumer.dart:476:19)
#3052   StatefulElement.build (package:flutter/src/widgets/framework.dart:5934:27)
#3053   ConsumerStatefulElement.build (package:flutter_riverpod/src/consumer.dart:539:20)
#3054   ComponentElement.performRebuild (package:flutter/src/widgets/framework.dart:5820:15)
#3055   StatefulElement.performRebuild (package:flutter/src/widgets/framework.dart:5985:11)
#3056   Element.rebuild (package:flutter/src/widgets/framework.dart:5532:7)
#3057   ComponentElement._firstBuild (package:flutter/src/widgets/framework.dart:5802:5)
#3058   StatefulElement._firstBuild (package:flutter/src/widgets/framework.dart:5976:11)
#3059   ComponentElement.mount (package:flutter/src/widgets/framework.dart:5796:5)
...     Normal element mounting (39 frames)
#3098   Element.inflateWidget (package:flutter/src/widgets/framework.dart:4590:20)
#3099   MultiChildRenderObjectElement.inflateWidget (package:flutter/src/widgets/framework.dart:7269:36)
#3100   MultiChildRenderObjectElement.mount (package:flutter/src/widgets/framework.dart:7285:32)
...     Normal element mounting (31 frames)
#3131   Element.inflateWidget (package:flutter/src/widgets/framework.dart:4590:20)
#3132   MultiChildRenderObjectElement.inflateWidget (package:flutter/src/widgets/framework.dart:7269:36)
#3133   MultiChildRenderObjectElement.mount (package:flutter/src/widgets/framework.dart:7285:32)
...     Normal element mounting (372 frames)
#3505   Element.inflateWidget (package:flutter/src/widgets/framework.dart:4590:20)
#3506   MultiChildRenderObjectElement.inflateWidget (package:flutter/src/widgets/framework.dart:7269:36)
#3507   MultiChildRenderObjectElement.mount (package:flutter/src/widgets/framework.dart:7285:32)
...     Normal element mounting (462 frames)
#3969   _UncontrolledProviderScopeElement.mount (package:flutter_riverpod/src/framework.dart:315:11)
...     Normal element mounting (9 frames)
#3978   Element.inflateWidget (package:flutter/src/widgets/framework.dart:4590:20)
#3979   Element.updateChild (package:flutter/src/widgets/framework.dart:4053:20)
#3980   ComponentElement.performRebuild (package:flutter/src/widgets/framework.dart:5844:16)
#3981   Element.rebuild (package:flutter/src/widgets/framework.dart:5532:7)
#3982   ProxyElement.update (package:flutter/src/widgets/framework.dart:6152:5)
#3983   _InheritedNotifierElement.update (package:flutter/src/widgets/inherited_notifier.dart:108:11)
#3984   Element.updateChild (package:flutter/src/widgets/framework.dart:4037:15)
#3985   ComponentElement.performRebuild (package:flutter/src/widgets/framework.dart:5844:16)
#3986   StatefulElement.performRebuild (package:flutter/src/widgets/framework.dart:5985:11)
#3987   Element.rebuild (package:flutter/src/widgets/framework.dart:5532:7)
#3988   StatefulElement.update (package:flutter/src/widgets/framework.dart:6010:5)
#3989   Element.updateChild (package:flutter/src/widgets/framework.dart:4037:15)
#3990   ComponentElement.performRebuild (package:flutter/src/widgets/framework.dart:5844:16)
#3991   Element.rebuild (package:flutter/src/widgets/framework.dart:5532:7)
#3992   ProxyElement.update (package:flutter/src/widgets/framework.dart:6152:5)
#3993   _InheritedNotifierElement.update (package:flutter/src/widgets/inherited_notifier.dart:108:11)
#3994   Element.updateChild (package:flutter/src/widgets/framework.dart:4037:15)
#3995   ComponentElement.performRebuild (package:flutter/src/widgets/framework.dart:5844:16)
#3996   StatefulElement.performRebuild (package:flutter/src/widgets/framework.dart:5985:11)
#3997   Element.rebuild (package:flutter/src/widgets/framework.dart:5532:7)
#3998   StatefulElement.update (package:flutter/src/widgets/framework.dart:6010:5)
#3999   Element.updateChild (package:flutter/src/widgets/framework.dart:4037:15)
#4000   ComponentElement.performRebuild (package:flutter/src/widgets/framework.dart:5844:16)
#4001   StatefulElement.performRebuild (package:flutter/src/widgets/framework.dart:5985:11)
#4002   Element.rebuild (package:flutter/src/widgets/framework.dart:5532:7)
#4003   StatefulElement.update (package:flutter/src/widgets/framework.dart:6010:5)
#4004   Element.updateChild (package:flutter/src/widgets/framework.dart:4037:15)
#4005   ComponentElement.performRebuild (package:flutter/src/widgets/framework.dart:5844:16)
#4006   Element.rebuild (package:flutter/src/widgets/framework.dart:5532:7)
#4007   ProxyElement.update (package:flutter/src/widgets/framework.dart:6152:5)
#4008   Element.updateChild (package:flutter/src/widgets/framework.dart:4037:15)
#4009   ComponentElement.performRebuild (package:flutter/src/widgets/framework.dart:5844:16)
#4010   StatefulElement.performRebuild (package:flutter/src/widgets/framework.dart:5985:11)
#4011   Element.rebuild (package:flutter/src/widgets/framework.dart:5532:7)
#4012   StatefulElement.update (package:flutter/src/widgets/framework.dart:6010:5)
#4013   Element.updateChild (package:flutter/src/widgets/framework.dart:4037:15)
#4014   ComponentElement.performRebuild (package:flutter/src/widgets/framework.dart:5844:16)
#4015   Element.rebuild (package:flutter/src/widgets/framework.dart:5532:7)
#4016   ProxyElement.update (package:flutter/src/widgets/framework.dart:6152:5)
#4017   Element.updateChild (package:flutter/src/widgets/framework.dart:4037:15)
#4018   ComponentElement.performRebuild (package:flutter/src/widgets/framework.dart:5844:16)
#4019   Element.rebuild (package:flutter/src/widgets/framework.dart:5532:7)
#4020   ProxyElement.update (package:flutter/src/widgets/framework.dart:6152:5)
#4021   Element.updateChild (package:flutter/src/widgets/framework.dart:4037:15)
#4022   _RawViewElement._updateChild (package:flutter/src/widgets/view.dart:481:16)
#4023   _RawViewElement.update (package:flutter/src/widgets/view.dart:568:5)
#4024   Element.updateChild (package:flutter/src/widgets/framework.dart:4037:15)
#4025   ComponentElement.performRebuild (package:flutter/src/widgets/framework.dart:5844:16)
#4026   Element.rebuild (package:flutter/src/widgets/framework.dart:5532:7)
#4027   StatelessElement.update (package:flutter/src/widgets/framework.dart:5898:5)
#4028   Element.updateChild (package:flutter/src/widgets/framework.dart:4037:15)
#4029   ComponentElement.performRebuild (package:flutter/src/widgets/framework.dart:5844:16)
#4030   StatefulElement.performRebuild (package:flutter/src/widgets/framework.dart:5985:11)
#4031   Element.rebuild (package:flutter/src/widgets/framework.dart:5532:7)
#4032   StatefulElement.update (package:flutter/src/widgets/framework.dart:6010:5)
#4033   Element.updateChild (package:flutter/src/widgets/framework.dart:4037:15)
#4034   RootElement._rebuild (package:flutter/src/widgets/binding.dart:1782:16)
#4035   RootElement.update (package:flutter/src/widgets/binding.dart:1760:5)
#4036   RootElement.performRebuild (package:flutter/src/widgets/binding.dart:1774:7)
#4037   Element.rebuild (package:flutter/src/widgets/framework.dart:5532:7)
#4038   BuildScope._tryRebuild (package:flutter/src/widgets/framework.dart:2750:15)
#4039   BuildScope._flushDirtyElements (package:flutter/src/widgets/framework.dart:2807:11)
#4040   BuildOwner.buildScope (package:flutter/src/widgets/framework.dart:3111:18)
#4041   AutomatedTestWidgetsFlutterBinding.drawFrame (package:flutter_test/src/binding.dart:1506:19)
#4042   RendererBinding._handlePersistentFrameCallback (package:flutter/src/rendering/binding.dart:495:5)
#4043   SchedulerBinding._invokeFrameCallback (package:flutter/src/scheduler/binding.dart:1434:15)
#4044   SchedulerBinding.handleDrawFrame (package:flutter/src/scheduler/binding.dart:1347:9)
#4045   AutomatedTestWidgetsFlutterBinding.pump.<anonymous closure> (package:flutter_test/src/binding.dart:1335:9)
#4048   TestAsyncUtils.guard (package:flutter_test/src/test_async_utils.dart:74:41)
#4049   AutomatedTestWidgetsFlutterBinding.pump (package:flutter_test/src/binding.dart:1324:27)
#4050   WidgetTester.pumpWidget.<anonymous closure> (package:flutter_test/src/widget_tester.dart:598:22)
#4053   TestAsyncUtils.guard (package:flutter_test/src/test_async_utils.dart:74:41)
#4054   WidgetTester.pumpWidget (package:flutter_test/src/widget_tester.dart:595:27)
#4055   main.<anonymous closure> (file:///C:/Users/leora/Documents/REMUH/test/widget_test.dart:10:18)
#4056   testWidgets.<anonymous closure>.<anonymous closure> (package:flutter_test/src/widget_tester.dart:192:29)
#4057   TestWidgetsFlutterBinding._runTestBody (package:flutter_test/src/binding.dart:1059:5)
#4059   ProviderElementBase.watch (package:riverpod/src/framework/element.dart:742:20)
#4060   audioRepositoryProvider.<anonymous closure> (package:remuh/presentation/providers/audio_player_provider.dart:33:28)
#4061   ProviderElementBase.watch (package:riverpod/src/framework/element.dart:714:12)
#4062   scanTracksUseCaseProvider.<anonymous closure> (package:remuh/presentation/providers/audio_player_provider.dart:61:26)
#4063   ProviderElementBase.watch (package:riverpod/src/framework/element.dart:714:12)
#4064   libraryViewModelProvider.<anonymous closure> (package:remuh/presentation/providers/library_view_model.dart:43:30)
#4065   ProviderContainer.listen (package:riverpod/src/framework/container.dart:280:21)
#4066   ConsumerStatefulElement.watch.<anonymous closure> (package:flutter_riverpod/src/consumer.dart:564:25)
#4067   _LinkedHashMapMixin.putIfAbsent (dart:_compact_hash:675:23)
#4068   ConsumerStatefulElement.watch (package:flutter_riverpod/src/consumer.dart:557:26)
#4069   LibraryScreen.build (package:remuh/presentation/screens/library_screen.dart:22:30)
#4070   _ConsumerState.build (package:flutter_riverpod/src/consumer.dart:476:19)
#4071   StatefulElement.build (package:flutter/src/widgets/framework.dart:5934:27)
#4072   ConsumerStatefulElement.build (package:flutter_riverpod/src/consumer.dart:539:20)
#4073   ComponentElement.performRebuild (package:flutter/src/widgets/framework.dart:5820:15)
#4074   StatefulElement.performRebuild (package:flutter/src/widgets/framework.dart:5985:11)
#4075   Element.rebuild (package:flutter/src/widgets/framework.dart:5532:7)
#4076   ComponentElement._firstBuild (package:flutter/src/widgets/framework.dart:5802:5)
#4077   StatefulElement._firstBuild (package:flutter/src/widgets/framework.dart:5976:11)
#4078   ComponentElement.mount (package:flutter/src/widgets/framework.dart:5796:5)
...     Normal element mounting (39 frames)
#4117   Element.inflateWidget (package:flutter/src/widgets/framework.dart:4590:20)
#4118   MultiChildRenderObjectElement.inflateWidget (package:flutter/src/widgets/framework.dart:7269:36)
#4119   MultiChildRenderObjectElement.mount (package:flutter/src/widgets/framework.dart:7285:32)
...     Normal element mounting (31 frames)
#4150   Element.inflateWidget (package:flutter/src/widgets/framework.dart:4590:20)
#4151   MultiChildRenderObjectElement.inflateWidget (package:flutter/src/widgets/framework.dart:7269:36)
#4152   MultiChildRenderObjectElement.mount (package:flutter/src/widgets/framework.dart:7285:32)
...     Normal element mounting (372 frames)
#4524   Element.inflateWidget (package:flutter/src/widgets/framework.dart:4590:20)
#4525   MultiChildRenderObjectElement.inflateWidget (package:flutter/src/widgets/framework.dart:7269:36)
#4526   MultiChildRenderObjectElement.mount (package:flutter/src/widgets/framework.dart:7285:32)
...     Normal element mounting (462 frames)
#4988   _UncontrolledProviderScopeElement.mount (package:flutter_riverpod/src/framework.dart:315:11)
...     Normal element mounting (9 frames)
#4997   Element.inflateWidget (package:flutter/src/widgets/framework.dart:4590:20)
#4998   Element.updateChild (package:flutter/src/widgets/framework.dart:4053:20)
#4999   ComponentElement.performRebuild (package:flutter/src/widgets/framework.dart:5844:16)
#5000   Element.rebuild (package:flutter/src/widgets/framework.dart:5532:7)
#5001   ProxyElement.update (package:flutter/src/widgets/framework.dart:6152:5)
#5002   _InheritedNotifierElement.update (package:flutter/src/widgets/inherited_notifier.dart:108:11)
#5003   Element.updateChild (package:flutter/src/widgets/framework.dart:4037:15)
#5004   ComponentElement.performRebuild (package:flutter/src/widgets/framework.dart:5844:16)
#5005   StatefulElement.performRebuild (package:flutter/src/widgets/framework.dart:5985:11)
#5006   Element.rebuild (package:flutter/src/widgets/framework.dart:5532:7)
#5007   StatefulElement.update (package:flutter/src/widgets/framework.dart:6010:5)
#5008   Element.updateChild (package:flutter/src/widgets/framework.dart:4037:15)
#5009   ComponentElement.performRebuild (package:flutter/src/widgets/framework.dart:5844:16)
#5010   Element.rebuild (package:flutter/src/widgets/framework.dart:5532:7)
#5011   ProxyElement.update (package:flutter/src/widgets/framework.dart:6152:5)
#5012   _InheritedNotifierElement.update (package:flutter/src/widgets/inherited_notifier.dart:108:11)
#5013   Element.updateChild (package:flutter/src/widgets/framework.dart:4037:15)
#5014   ComponentElement.performRebuild (package:flutter/src/widgets/framework.dart:5844:16)
#5015   StatefulElement.performRebuild (package:flutter/src/widgets/framework.dart:5985:11)
#5016   Element.rebuild (package:flutter/src/widgets/framework.dart:5532:7)
#5017   StatefulElement.update (package:flutter/src/widgets/framework.dart:6010:5)
#5018   Element.updateChild (package:flutter/src/widgets/framework.dart:4037:15)
#5019   ComponentElement.performRebuild (package:flutter/src/widgets/framework.dart:5844:16)
#5020   StatefulElement.performRebuild (package:flutter/src/widgets/framework.dart:5985:11)
#5021   Element.rebuild (package:flutter/src/widgets/framework.dart:5532:7)
#5022   StatefulElement.update (package:flutter/src/widgets/framework.dart:6010:5)
#5023   Element.updateChild (package:flutter/src/widgets/framework.dart:4037:15)
#5024   ComponentElement.performRebuild (package:flutter/src/widgets/framework.dart:5844:16)
#5025   Element.rebuild (package:flutter/src/widgets/framework.dart:5532:7)
#5026   ProxyElement.update (package:flutter/src/widgets/framework.dart:6152:5)
#5027   Element.updateChild (package:flutter/src/widgets/framework.dart:4037:15)
#5028   ComponentElement.performRebuild (package:flutter/src/widgets/framework.dart:5844:16)
#5029   StatefulElement.performRebuild (package:flutter/src/widgets/framework.dart:5985:11)
#5030   Element.rebuild (package:flutter/src/widgets/framework.dart:5532:7)
#5031   StatefulElement.update (package:flutter/src/widgets/framework.dart:6010:5)
#5032   Element.updateChild (package:flutter/src/widgets/framework.dart:4037:15)
#5033   ComponentElement.performRebuild (package:flutter/src/widgets/framework.dart:5844:16)
#5034   Element.rebuild (package:flutter/src/widgets/framework.dart:5532:7)
#5035   ProxyElement.update (package:flutter/src/widgets/framework.dart:6152:5)
#5036   Element.updateChild (package:flutter/src/widgets/framework.dart:4037:15)
#5037   ComponentElement.performRebuild (package:flutter/src/widgets/framework.dart:5844:16)
#5038   Element.rebuild (package:flutter/src/widgets/framework.dart:5532:7)
#5039   ProxyElement.update (package:flutter/src/widgets/framework.dart:6152:5)
#5040   Element.updateChild (package:flutter/src/widgets/framework.dart:4037:15)
#5041   _RawViewElement._updateChild (package:flutter/src/widgets/view.dart:481:16)
#5042   _RawViewElement.update (package:flutter/src/widgets/view.dart:568:5)
#5043   Element.updateChild (package:flutter/src/widgets/framework.dart:4037:15)
#5044   ComponentElement.performRebuild (package:flutter/src/widgets/framework.dart:5844:16)
#5045   Element.rebuild (package:flutter/src/widgets/framework.dart:5532:7)
#5046   StatelessElement.update (package:flutter/src/widgets/framework.dart:5898:5)
#5047   Element.updateChild (package:flutter/src/widgets/framework.dart:4037:15)
#5048   ComponentElement.performRebuild (package:flutter/src/widgets/framework.dart:5844:16)
#5049   StatefulElement.performRebuild (package:flutter/src/widgets/framework.dart:5985:11)
#5050   Element.rebuild (package:flutter/src/widgets/framework.dart:5532:7)
#5051   StatefulElement.update (package:flutter/src/widgets/framework.dart:6010:5)
#5052   Element.updateChild (package:flutter/src/widgets/framework.dart:4037:15)
#5053   RootElement._rebuild (package:flutter/src/widgets/binding.dart:1782:16)
#5054   RootElement.update (package:flutter/src/widgets/binding.dart:1760:5)
#5055   RootElement.performRebuild (package:flutter/src/widgets/binding.dart:1774:7)
#5056   Element.rebuild (package:flutter/src/widgets/framework.dart:5532:7)
#5057   BuildScope._tryRebuild (package:flutter/src/widgets/framework.dart:2750:15)
#5058   BuildScope._flushDirtyElements (package:flutter/src/widgets/framework.dart:2807:11)
#5059   BuildOwner.buildScope (package:flutter/src/widgets/framework.dart:3111:18)
#5060   AutomatedTestWidgetsFlutterBinding.drawFrame (package:flutter_test/src/binding.dart:1506:19)
#5061   RendererBinding._handlePersistentFrameCallback (package:flutter/src/rendering/binding.dart:495:5)
#5062   SchedulerBinding._invokeFrameCallback (package:flutter/src/scheduler/binding.dart:1434:15)
#5063   SchedulerBinding.handleDrawFrame (package:flutter/src/scheduler/binding.dart:1347:9)
#5064   AutomatedTestWidgetsFlutterBinding.pump.<anonymous closure> (package:flutter_test/src/binding.dart:1335:9)
#5067   TestAsyncUtils.guard (package:flutter_test/src/test_async_utils.dart:74:41)
#5068   AutomatedTestWidgetsFlutterBinding.pump (package:flutter_test/src/binding.dart:1324:27)
#5069   WidgetTester.pumpWidget.<anonymous closure> (package:flutter_test/src/widget_tester.dart:598:22)
#5072   TestAsyncUtils.guard (package:flutter_test/src/test_async_utils.dart:74:41)
#5073   WidgetTester.pumpWidget (package:flutter_test/src/widget_tester.dart:595:27)
#5074   main.<anonymous closure> (file:///C:/Users/leora/Documents/REMUH/test/widget_test.dart:10:18)
#5075   testWidgets.<anonymous closure>.<anonymous closure> (package:flutter_test/src/widget_tester.dart:192:29)
#5076   TestWidgetsFlutterBinding._runTestBody (package:flutter_test/src/binding.dart:1059:5)
#5078   audioHandlerProvider.<anonymous closure> (package:remuh/presentation/providers/audio_player_provider.dart:20:3)
#5079   ProviderElementBase.watch (package:riverpod/src/framework/element.dart:714:12)
#5080   audioRepositoryProvider.<anonymous closure> (package:remuh/presentation/providers/audio_player_provider.dart:33:28)
#5081   ProviderElementBase.watch (package:riverpod/src/framework/element.dart:714:12)
#5082   scanTracksUseCaseProvider.<anonymous closure> (package:remuh/presentation/providers/audio_player_provider.dart:61:26)
#5083   ProviderElementBase.watch (package:riverpod/src/framework/element.dart:714:12)
#5084   libraryViewModelProvider.<anonymous closure> (package:remuh/presentation/providers/library_view_model.dart:43:30)
#5085   ProviderContainer.listen (package:riverpod/src/framework/container.dart:280:21)
#5086   ConsumerStatefulElement.watch.<anonymous closure> (package:flutter_riverpod/src/consumer.dart:564:25)
#5087   _LinkedHashMapMixin.putIfAbsent (dart:_compact_hash:675:23)
#5088   ConsumerStatefulElement.watch (package:flutter_riverpod/src/consumer.dart:557:26)
#5089   LibraryScreen.build (package:remuh/presentation/screens/library_screen.dart:22:30)
#5090   _ConsumerState.build (package:flutter_riverpod/src/consumer.dart:476:19)
#5091   StatefulElement.build (package:flutter/src/widgets/framework.dart:5934:27)
#5092   ConsumerStatefulElement.build (package:flutter_riverpod/src/consumer.dart:539:20)
#5093   ComponentElement.performRebuild (package:flutter/src/widgets/framework.dart:5820:15)
#5094   StatefulElement.performRebuild (package:flutter/src/widgets/framework.dart:5985:11)
#5095   Element.rebuild (package:flutter/src/widgets/framework.dart:5532:7)
#5096   ComponentElement._firstBuild (package:flutter/src/widgets/framework.dart:5802:5)
#5097   StatefulElement._firstBuild (package:flutter/src/widgets/framework.dart:5976:11)
#5098   ComponentElement.mount (package:flutter/src/widgets/framework.dart:5796:5)
...     Normal element mounting (39 frames)
#5137   Element.inflateWidget (package:flutter/src/widgets/framework.dart:4590:20)
#5138   MultiChildRenderObjectElement.inflateWidget (package:flutter/src/widgets/framework.dart:7269:36)
#5139   MultiChildRenderObjectElement.mount (package:flutter/src/widgets/framework.dart:7285:32)
...     Normal element mounting (31 frames)
#5170   Element.inflateWidget (package:flutter/src/widgets/framework.dart:4590:20)
#5171   MultiChildRenderObjectElement.inflateWidget (package:flutter/src/widgets/framework.dart:7269:36)
#5172   MultiChildRenderObjectElement.mount (package:flutter/src/widgets/framework.dart:7285:32)
...     Normal element mounting (372 frames)
#5544   Element.inflateWidget (package:flutter/src/widgets/framework.dart:4590:20)
#5545   MultiChildRenderObjectElement.inflateWidget (package:flutter/src/widgets/framework.dart:7269:36)
#5546   MultiChildRenderObjectElement.mount (package:flutter/src/widgets/framework.dart:7285:32)
...     Normal element mounting (462 frames)
#6008   _UncontrolledProviderScopeElement.mount (package:flutter_riverpod/src/framework.dart:315:11)
...     Normal element mounting (9 frames)
#6017   Element.inflateWidget (package:flutter/src/widgets/framework.dart:4590:20)
#6018   Element.updateChild (package:flutter/src/widgets/framework.dart:4053:20)
#6019   ComponentElement.performRebuild (package:flutter/src/widgets/framework.dart:5844:16)
#6020   Element.rebuild (package:flutter/src/widgets/framework.dart:5532:7)
#6021   ProxyElement.update (package:flutter/src/widgets/framework.dart:6152:5)
#6022   _InheritedNotifierElement.update (package:flutter/src/widgets/inherited_notifier.dart:108:11)
#6023   Element.updateChild (package:flutter/src/widgets/framework.dart:4037:15)
#6024   ComponentElement.performRebuild (package:flutter/src/widgets/framework.dart:5844:16)
#6025   StatefulElement.performRebuild (package:flutter/src/widgets/framework.dart:5985:11)
#6026   Element.rebuild (package:flutter/src/widgets/framework.dart:5532:7)
#6027   StatefulElement.update (package:flutter/src/widgets/framework.dart:6010:5)
#6028   Element.updateChild (package:flutter/src/widgets/framework.dart:4037:15)
#6029   ComponentElement.performRebuild (package:flutter/src/widgets/framework.dart:5844:16)
#6030   Element.rebuild (package:flutter/src/widgets/framework.dart:5532:7)
#6031   ProxyElement.update (package:flutter/src/widgets/framework.dart:6152:5)
#6032   _InheritedNotifierElement.update (package:flutter/src/widgets/inherited_notifier.dart:108:11)
#6033   Element.updateChild (package:flutter/src/widgets/framework.dart:4037:15)
#6034   ComponentElement.performRebuild (package:flutter/src/widgets/framework.dart:5844:16)
#6035   StatefulElement.performRebuild (package:flutter/src/widgets/framework.dart:5985:11)
#6036   Element.rebuild (package:flutter/src/widgets/framework.dart:5532:7)
#6037   StatefulElement.update (package:flutter/src/widgets/framework.dart:6010:5)
#6038   Element.updateChild (package:flutter/src/widgets/framework.dart:4037:15)
#6039   ComponentElement.performRebuild (package:flutter/src/widgets/framework.dart:5844:16)
#6040   StatefulElement.performRebuild (package:flutter/src/widgets/framework.dart:5985:11)
#6041   Element.rebuild (package:flutter/src/widgets/framework.dart:5532:7)
#6042   StatefulElement.update (package:flutter/src/widgets/framework.dart:6010:5)
#6043   Element.updateChild (package:flutter/src/widgets/framework.dart:4037:15)
#6044   ComponentElement.performRebuild (package:flutter/src/widgets/framework.dart:5844:16)
#6045   Element.rebuild (package:flutter/src/widgets/framework.dart:5532:7)
#6046   ProxyElement.update (package:flutter/src/widgets/framework.dart:6152:5)
#6047   Element.updateChild (package:flutter/src/widgets/framework.dart:4037:15)
#6048   ComponentElement.performRebuild (package:flutter/src/widgets/framework.dart:5844:16)
#6049   StatefulElement.performRebuild (package:flutter/src/widgets/framework.dart:5985:11)
#6050   Element.rebuild (package:flutter/src/widgets/framework.dart:5532:7)
#6051   StatefulElement.update (package:flutter/src/widgets/framework.dart:6010:5)
#6052   Element.updateChild (package:flutter/src/widgets/framework.dart:4037:15)
#6053   ComponentElement.performRebuild (package:flutter/src/widgets/framework.dart:5844:16)
#6054   Element.rebuild (package:flutter/src/widgets/framework.dart:5532:7)
#6055   ProxyElement.update (package:flutter/src/widgets/framework.dart:6152:5)
#6056   Element.updateChild (package:flutter/src/widgets/framework.dart:4037:15)
#6057   ComponentElement.performRebuild (package:flutter/src/widgets/framework.dart:5844:16)
#6058   Element.rebuild (package:flutter/src/widgets/framework.dart:5532:7)
#6059   ProxyElement.update (package:flutter/src/widgets/framework.dart:6152:5)
#6060   Element.updateChild (package:flutter/src/widgets/framework.dart:4037:15)
#6061   _RawViewElement._updateChild (package:flutter/src/widgets/view.dart:481:16)
#6062   _RawViewElement.update (package:flutter/src/widgets/view.dart:568:5)
#6063   Element.updateChild (package:flutter/src/widgets/framework.dart:4037:15)
#6064   ComponentElement.performRebuild (package:flutter/src/widgets/framework.dart:5844:16)
#6065   Element.rebuild (package:flutter/src/widgets/framework.dart:5532:7)
#6066   StatelessElement.update (package:flutter/src/widgets/framework.dart:5898:5)
#6067   Element.updateChild (package:flutter/src/widgets/framework.dart:4037:15)
#6068   ComponentElement.performRebuild (package:flutter/src/widgets/framework.dart:5844:16)
#6069   StatefulElement.performRebuild (package:flutter/src/widgets/framework.dart:5985:11)
#6070   Element.rebuild (package:flutter/src/widgets/framework.dart:5532:7)
#6071   StatefulElement.update (package:flutter/src/widgets/framework.dart:6010:5)
#6072   Element.updateChild (package:flutter/src/widgets/framework.dart:4037:15)
#6073   RootElement._rebuild (package:flutter/src/widgets/binding.dart:1782:16)
#6074   RootElement.update (package:flutter/src/widgets/binding.dart:1760:5)
#6075   RootElement.performRebuild (package:flutter/src/widgets/binding.dart:1774:7)
#6076   Element.rebuild (package:flutter/src/widgets/framework.dart:5532:7)
#6077   BuildScope._tryRebuild (package:flutter/src/widgets/framework.dart:2750:15)
#6078   BuildScope._flushDirtyElements (package:flutter/src/widgets/framework.dart:2807:11)
#6079   BuildOwner.buildScope (package:flutter/src/widgets/framework.dart:3111:18)
#6080   AutomatedTestWidgetsFlutterBinding.drawFrame (package:flutter_test/src/binding.dart:1506:19)
#6081   RendererBinding._handlePersistentFrameCallback (package:flutter/src/rendering/binding.dart:495:5)
#6082   SchedulerBinding._invokeFrameCallback (package:flutter/src/scheduler/binding.dart:1434:15)
#6083   SchedulerBinding.handleDrawFrame (package:flutter/src/scheduler/binding.dart:1347:9)
#6084   AutomatedTestWidgetsFlutterBinding.pump.<anonymous closure> (package:flutter_test/src/binding.dart:1335:9)
#6087   TestAsyncUtils.guard (package:flutter_test/src/test_async_utils.dart:74:41)
#6088   AutomatedTestWidgetsFlutterBinding.pump (package:flutter_test/src/binding.dart:1324:27)
#6089   WidgetTester.pumpWidget.<anonymous closure> (package:flutter_test/src/widget_tester.dart:598:22)
#6092   TestAsyncUtils.guard (package:flutter_test/src/test_async_utils.dart:74:41)
#6093   WidgetTester.pumpWidget (package:flutter_test/src/widget_tester.dart:595:27)
#6094   main.<anonymous closure> (file:///C:/Users/leora/Documents/REMUH/test/widget_test.dart:10:18)
#6095   testWidgets.<anonymous closure>.<anonymous closure> (package:flutter_test/src/widget_tester.dart:192:29)
#6097   testWidgets.<anonymous closure>.<anonymous closure> (package:flutter_test/src/widget_tester.dart:189:25)
#6098   TestWidgetsFlutterBinding._runTestBody (package:flutter_test/src/binding.dart:1059:19)
#6100   TestWidgetsFlutterBinding._runTestBody (package:flutter_test/src/binding.dart:1048:5)
#6103   TestWidgetsFlutterBinding._runTest (package:flutter_test/src/binding.dart:1033:10)
#6104   AutomatedTestWidgetsFlutterBinding.runTest.<anonymous closure> (package:flutter_test/src/binding.dart:1564:24)
#6105   FakeAsync.run.<anonymous closure>.<anonymous closure> (package:fake_async/fake_async.dart:182:47)
#6110   withClock (package:clock/src/default.dart:52:10)
#6111   FakeAsync.run.<anonymous closure> (package:fake_async/fake_async.dart:182:15)
#6116   FakeAsync.run (package:fake_async/fake_async.dart:181:52)
#6117   AutomatedTestWidgetsFlutterBinding.runTest (package:flutter_test/src/binding.dart:1561:15)
#6118   testWidgets.<anonymous closure> (package:flutter_test/src/widget_tester.dart:184:24)
#6119   Declarer.test.<anonymous closure>.<anonymous closure> (package:test_api/src/backend/declarer.dart:242:19)
#6121   Declarer.test.<anonymous closure>.<anonymous closure> (package:test_api/src/backend/declarer.dart:241:9)
#6126   Declarer.test.<anonymous closure> (package:test_api/src/backend/declarer.dart:240:13)
#6127   Invoker._waitForOutstandingCallbacks.<anonymous closure> (package:test_api/src/backend/invoker.dart:282:17)
#6132   Invoker._waitForOutstandingCallbacks (package:test_api/src/backend/invoker.dart:278:5)
#6133   Invoker._onRun.<anonymous closure>.<anonymous closure>.<anonymous closure> (package:test_api/src/backend/invoker.dart:418:17)
#6135   Invoker._onRun.<anonymous closure>.<anonymous closure>.<anonymous closure> (package:test_api/src/backend/invoker.dart:416:11)
#6140   Invoker._onRun.<anonymous closure>.<anonymous closure> (package:test_api/src/backend/invoker.dart:407:9)
#6141   Invoker._guardIfGuarded (package:test_api/src/backend/invoker.dart:450:15)
#6142   Invoker._onRun.<anonymous closure> (package:test_api/src/backend/invoker.dart:406:7)
#6149   Invoker._onRun (package:test_api/src/backend/invoker.dart:405:11)
#6150   LiveTestController.run (package:test_api/src/backend/live_test_controller.dart:153:11)
#6151   RemoteListener._runLiveTest.<anonymous closure> (package:test_api/src/backend/remote_listener.dart:275:16)
#6156   RemoteListener._runLiveTest (package:test_api/src/backend/remote_listener.dart:274:5)
#6157   RemoteListener._serializeTest.<anonymous closure> (package:test_api/src/backend/remote_listener.dart:221:7)
#6175   _GuaranteeSink.add (package:stream_channel/src/guarantee_channel.dart:125:12)
#6176   new _MultiChannel.<anonymous closure> (package:stream_channel/src/multi_channel.dart:159:31)
#6178   CastStreamSubscription._onData (dart:_internal/async_cast.dart:95:11)
#6204   new _WebSocketImpl._fromSocket.<anonymous closure> (dart:_http/websocket_impl.dart:1252:27)
#6210   _WebSocketProtocolTransformer._messageFrameEnd (dart:_http/websocket_impl.dart:348:23)
#6211   _WebSocketProtocolTransformer.add (dart:_http/websocket_impl.dart:238:46)
#6219   _Socket._onData (dart:io-patch/socket_patch.dart:2880:41)
#6226   new _RawSocket.<anonymous closure> (dart:io-patch/socket_patch.dart:2315:31)
#6227   _NativeSocket.issueReadEvent.issue (dart:io-patch/socket_patch.dart:1655:14)
#6231   testWidgets.<anonymous closure>.<anonymous closure> (package:flutter_test/src/widget_tester.dart:189:25)
#6232   TestWidgetsFlutterBinding._runTestBody (package:flutter_test/src/binding.dart:1059:19)
#6234   TestWidgetsFlutterBinding._runTestBody (package:flutter_test/src/binding.dart:1048:5)
#6237   TestWidgetsFlutterBinding._runTest (package:flutter_test/src/binding.dart:1033:10)
#6238   AutomatedTestWidgetsFlutterBinding.runTest.<anonymous closure> (package:flutter_test/src/binding.dart:1564:24)
#6239   FakeAsync.run.<anonymous closure>.<anonymous closure> (package:fake_async/fake_async.dart:182:47)
#6244   withClock (package:clock/src/default.dart:52:10)
#6245   FakeAsync.run.<anonymous closure> (package:fake_async/fake_async.dart:182:15)
#6250   FakeAsync.run (package:fake_async/fake_async.dart:181:52)
#6251   AutomatedTestWidgetsFlutterBinding.runTest (package:flutter_test/src/binding.dart:1561:15)
#6252   testWidgets.<anonymous closure> (package:flutter_test/src/widget_tester.dart:184:24)
#6253   Declarer.test.<anonymous closure>.<anonymous closure> (package:test_api/src/backend/declarer.dart:242:19)
#6255   Declarer.test.<anonymous closure>.<anonymous closure> (package:test_api/src/backend/declarer.dart:241:9)
#6260   Declarer.test.<anonymous closure> (package:test_api/src/backend/declarer.dart:240:13)
#6261   Invoker._waitForOutstandingCallbacks.<anonymous closure> (package:test_api/src/backend/invoker.dart:282:17)
#6266   Invoker._waitForOutstandingCallbacks (package:test_api/src/backend/invoker.dart:278:5)
#6267   Invoker._onRun.<anonymous closure>.<anonymous closure>.<anonymous closure> (package:test_api/src/backend/invoker.dart:418:17)
#6269   Invoker._onRun.<anonymous closure>.<anonymous closure>.<anonymous closure> (package:test_api/src/backend/invoker.dart:416:11)
#6274   Invoker._onRun.<anonymous closure>.<anonymous closure> (package:test_api/src/backend/invoker.dart:407:9)
#6275   Invoker._guardIfGuarded (package:test_api/src/backend/invoker.dart:450:15)
#6276   Invoker._onRun.<anonymous closure> (package:test_api/src/backend/invoker.dart:406:7)
#6283   Invoker._onRun (package:test_api/src/backend/invoker.dart:405:11)
#6284   LiveTestController.run (package:test_api/src/backend/live_test_controller.dart:153:11)
#6285   RemoteListener._runLiveTest.<anonymous closure> (package:test_api/src/backend/remote_listener.dart:275:16)
#6290   RemoteListener._runLiveTest (package:test_api/src/backend/remote_listener.dart:274:5)
#6291   RemoteListener._serializeTest.<anonymous closure> (package:test_api/src/backend/remote_listener.dart:221:7)
#6309   _GuaranteeSink.add (package:stream_channel/src/guarantee_channel.dart:125:12)
#6310   new _MultiChannel.<anonymous closure> (package:stream_channel/src/multi_channel.dart:159:31)
#6312   CastStreamSubscription._onData (dart:_internal/async_cast.dart:95:11)
#6338   new _WebSocketImpl._fromSocket.<anonymous closure> (dart:_http/websocket_impl.dart:1252:27)
#6344   _WebSocketProtocolTransformer._messageFrameEnd (dart:_http/websocket_impl.dart:348:23)
#6345   _WebSocketProtocolTransformer.add (dart:_http/websocket_impl.dart:238:46)
#6353   _Socket._onData (dart:io-patch/socket_patch.dart:2880:41)
#6360   new _RawSocket.<anonymous closure> (dart:io-patch/socket_patch.dart:2315:31)
#6361   _NativeSocket.issueReadEvent.issue (dart:io-patch/socket_patch.dart:1655:14)
#6365   testWidgets.<anonymous closure>.<anonymous closure> (package:flutter_test/src/widget_tester.dart:189:25)
#6366   TestWidgetsFlutterBinding._runTestBody (package:flutter_test/src/binding.dart:1059:19)
#6368   TestWidgetsFlutterBinding._runTestBody (package:flutter_test/src/binding.dart:1048:5)
#6371   TestWidgetsFlutterBinding._runTest (package:flutter_test/src/binding.dart:1033:10)
#6372   AutomatedTestWidgetsFlutterBinding.runTest.<anonymous closure> (package:flutter_test/src/binding.dart:1564:24)
#6373   FakeAsync.run.<anonymous closure>.<anonymous closure> (package:fake_async/fake_async.dart:182:47)
#6378   withClock (package:clock/src/default.dart:52:10)
#6379   FakeAsync.run.<anonymous closure> (package:fake_async/fake_async.dart:182:15)
#6384   FakeAsync.run (package:fake_async/fake_async.dart:181:52)
#6385   AutomatedTestWidgetsFlutterBinding.runTest (package:flutter_test/src/binding.dart:1561:15)
#6386   testWidgets.<anonymous closure> (package:flutter_test/src/widget_tester.dart:184:24)
#6387   Declarer.test.<anonymous closure>.<anonymous closure> (package:test_api/src/backend/declarer.dart:242:19)
#6389   Declarer.test.<anonymous closure>.<anonymous closure> (package:test_api/src/backend/declarer.dart:241:9)
#6394   Declarer.test.<anonymous closure> (package:test_api/src/backend/declarer.dart:240:13)
#6395   Invoker._waitForOutstandingCallbacks.<anonymous closure> (package:test_api/src/backend/invoker.dart:282:17)
#6400   Invoker._waitForOutstandingCallbacks (package:test_api/src/backend/invoker.dart:278:5)
#6401   Invoker._onRun.<anonymous closure>.<anonymous closure>.<anonymous closure> (package:test_api/src/backend/invoker.dart:418:17)
#6403   Invoker._onRun.<anonymous closure>.<anonymous closure>.<anonymous closure> (package:test_api/src/backend/invoker.dart:416:11)
#6408   Invoker._onRun.<anonymous closure>.<anonymous closure> (package:test_api/src/backend/invoker.dart:407:9)
#6409   Invoker._guardIfGuarded (package:test_api/src/backend/invoker.dart:450:15)
#6410   Invoker._onRun.<anonymous closure> (package:test_api/src/backend/invoker.dart:406:7)
#6417   Invoker._onRun (package:test_api/src/backend/invoker.dart:405:11)
#6418   LiveTestController.run (package:test_api/src/backend/live_test_controller.dart:153:11)
#6419   RemoteListener._runLiveTest.<anonymous closure> (package:test_api/src/backend/remote_listener.dart:275:16)
#6424   RemoteListener._runLiveTest (package:test_api/src/backend/remote_listener.dart:274:5)
#6425   RemoteListener._serializeTest.<anonymous closure> (package:test_api/src/backend/remote_listener.dart:221:7)
#6443   _GuaranteeSink.add (package:stream_channel/src/guarantee_channel.dart:125:12)
#6444   new _MultiChannel.<anonymous closure> (package:stream_channel/src/multi_channel.dart:159:31)
#6446   CastStreamSubscription._onData (dart:_internal/async_cast.dart:95:11)
#6472   new _WebSocketImpl._fromSocket.<anonymous closure> (dart:_http/websocket_impl.dart:1252:27)
#6478   _WebSocketProtocolTransformer._messageFrameEnd (dart:_http/websocket_impl.dart:348:23)
#6479   _WebSocketProtocolTransformer.add (dart:_http/websocket_impl.dart:238:46)
#6487   _Socket._onData (dart:io-patch/socket_patch.dart:2880:41)
#6494   new _RawSocket.<anonymous closure> (dart:io-patch/socket_patch.dart:2315:31)
#6495   _NativeSocket.issueReadEvent.issue (dart:io-patch/socket_patch.dart:1655:14)
#6499   testWidgets.<anonymous closure>.<anonymous closure> (package:flutter_test/src/widget_tester.dart:189:25)
#6500   TestWidgetsFlutterBinding._runTestBody (package:flutter_test/src/binding.dart:1059:19)
#6502   TestWidgetsFlutterBinding._runTestBody (package:flutter_test/src/binding.dart:1048:5)
#6505   TestWidgetsFlutterBinding._runTest (package:flutter_test/src/binding.dart:1033:10)
#6506   AutomatedTestWidgetsFlutterBinding.runTest.<anonymous closure> (package:flutter_test/src/binding.dart:1564:24)
#6507   FakeAsync.run.<anonymous closure>.<anonymous closure> (package:fake_async/fake_async.dart:182:47)
#6512   withClock (package:clock/src/default.dart:52:10)
#6513   FakeAsync.run.<anonymous closure> (package:fake_async/fake_async.dart:182:15)
#6518   FakeAsync.run (package:fake_async/fake_async.dart:181:52)
#6519   AutomatedTestWidgetsFlutterBinding.runTest (package:flutter_test/src/binding.dart:1561:15)
#6520   testWidgets.<anonymous closure> (package:flutter_test/src/widget_tester.dart:184:24)
#6521   Declarer.test.<anonymous closure>.<anonymous closure> (package:test_api/src/backend/declarer.dart:242:19)
#6523   Declarer.test.<anonymous closure>.<anonymous closure> (package:test_api/src/backend/declarer.dart:241:9)
#6528   Declarer.test.<anonymous closure> (package:test_api/src/backend/declarer.dart:240:13)
#6529   Invoker._waitForOutstandingCallbacks.<anonymous closure> (package:test_api/src/backend/invoker.dart:282:17)
#6534   Invoker._waitForOutstandingCallbacks (package:test_api/src/backend/invoker.dart:278:5)
#6535   Invoker._onRun.<anonymous closure>.<anonymous closure>.<anonymous closure> (package:test_api/src/backend/invoker.dart:418:17)
#6537   Invoker._onRun.<anonymous closure>.<anonymous closure>.<anonymous closure> (package:test_api/src/backend/invoker.dart:416:11)
#6542   Invoker._onRun.<anonymous closure>.<anonymous closure> (package:test_api/src/backend/invoker.dart:407:9)
#6543   Invoker._guardIfGuarded (package:test_api/src/backend/invoker.dart:450:15)
#6544   Invoker._onRun.<anonymous closure> (package:test_api/src/backend/invoker.dart:406:7)
#6551   Invoker._onRun (package:test_api/src/backend/invoker.dart:405:11)
#6552   LiveTestController.run (package:test_api/src/backend/live_test_controller.dart:153:11)
#6553   RemoteListener._runLiveTest.<anonymous closure> (package:test_api/src/backend/remote_listener.dart:275:16)
#6558   RemoteListener._runLiveTest (package:test_api/src/backend/remote_listener.dart:274:5)
#6559   RemoteListener._serializeTest.<anonymous closure> (package:test_api/src/backend/remote_listener.dart:221:7)
#6577   _GuaranteeSink.add (package:stream_channel/src/guarantee_channel.dart:125:12)
#6578   new _MultiChannel.<anonymous closure> (package:stream_channel/src/multi_channel.dart:159:31)
#6580   CastStreamSubscription._onData (dart:_internal/async_cast.dart:95:11)
#6606   new _WebSocketImpl._fromSocket.<anonymous closure> (dart:_http/websocket_impl.dart:1252:27)
#6612   _WebSocketProtocolTransformer._messageFrameEnd (dart:_http/websocket_impl.dart:348:23)
#6613   _WebSocketProtocolTransformer.add (dart:_http/websocket_impl.dart:238:46)
#6621   _Socket._onData (dart:io-patch/socket_patch.dart:2880:41)
#6628   new _RawSocket.<anonymous closure> (dart:io-patch/socket_patch.dart:2315:31)
#6629   _NativeSocket.issueReadEvent.issue (dart:io-patch/socket_patch.dart:1655:14)
#6633   testWidgets.<anonymous closure>.<anonymous closure> (package:flutter_test/src/widget_tester.dart:189:25)
#6634   TestWidgetsFlutterBinding._runTestBody (package:flutter_test/src/binding.dart:1059:19)
#6636   TestWidgetsFlutterBinding._runTestBody (package:flutter_test/src/binding.dart:1048:5)
#6639   TestWidgetsFlutterBinding._runTest (package:flutter_test/src/binding.dart:1033:10)
#6640   AutomatedTestWidgetsFlutterBinding.runTest.<anonymous closure> (package:flutter_test/src/binding.dart:1564:24)
#6641   FakeAsync.run.<anonymous closure>.<anonymous closure> (package:fake_async/fake_async.dart:182:47)
#6646   withClock (package:clock/src/default.dart:52:10)
#6647   FakeAsync.run.<anonymous closure> (package:fake_async/fake_async.dart:182:15)
#6652   FakeAsync.run (package:fake_async/fake_async.dart:181:52)
#6653   AutomatedTestWidgetsFlutterBinding.runTest (package:flutter_test/src/binding.dart:1561:15)
#6654   testWidgets.<anonymous closure> (package:flutter_test/src/widget_tester.dart:184:24)
#6655   Declarer.test.<anonymous closure>.<anonymous closure> (package:test_api/src/backend/declarer.dart:242:19)
#6657   Declarer.test.<anonymous closure>.<anonymous closure> (package:test_api/src/backend/declarer.dart:241:9)
#6662   Declarer.test.<anonymous closure> (package:test_api/src/backend/declarer.dart:240:13)
#6663   Invoker._waitForOutstandingCallbacks.<anonymous closure> (package:test_api/src/backend/invoker.dart:282:17)
#6668   Invoker._waitForOutstandingCallbacks (package:test_api/src/backend/invoker.dart:278:5)
#6669   Invoker._onRun.<anonymous closure>.<anonymous closure>.<anonymous closure> (package:test_api/src/backend/invoker.dart:418:17)
#6671   Invoker._onRun.<anonymous closure>.<anonymous closure>.<anonymous closure> (package:test_api/src/backend/invoker.dart:416:11)
#6676   Invoker._onRun.<anonymous closure>.<anonymous closure> (package:test_api/src/backend/invoker.dart:407:9)
#6677   Invoker._guardIfGuarded (package:test_api/src/backend/invoker.dart:450:15)
#6678   Invoker._onRun.<anonymous closure> (package:test_api/src/backend/invoker.dart:406:7)
#6685   Invoker._onRun (package:test_api/src/backend/invoker.dart:405:11)
#6686   LiveTestController.run (package:test_api/src/backend/live_test_controller.dart:153:11)
#6687   RemoteListener._runLiveTest.<anonymous closure> (package:test_api/src/backend/remote_listener.dart:275:16)
#6692   RemoteListener._runLiveTest (package:test_api/src/backend/remote_listener.dart:274:5)
#6693   RemoteListener._serializeTest.<anonymous closure> (package:test_api/src/backend/remote_listener.dart:221:7)
#6711   _GuaranteeSink.add (package:stream_channel/src/guarantee_channel.dart:125:12)
#6712   new _MultiChannel.<anonymous closure> (package:stream_channel/src/multi_channel.dart:159:31)
#6714   CastStreamSubscription._onData (dart:_internal/async_cast.dart:95:11)
#6740   new _WebSocketImpl._fromSocket.<anonymous closure> (dart:_http/websocket_impl.dart:1252:27)
#6746   _WebSocketProtocolTransformer._messageFrameEnd (dart:_http/websocket_impl.dart:348:23)
#6747   _WebSocketProtocolTransformer.add (dart:_http/websocket_impl.dart:238:46)
#6755   _Socket._onData (dart:io-patch/socket_patch.dart:2880:41)
#6762   new _RawSocket.<anonymous closure> (dart:io-patch/socket_patch.dart:2315:31)
#6763   _NativeSocket.issueReadEvent.issue (dart:io-patch/socket_patch.dart:1655:14)
(elided 524 frames from dart:async and package:stack_trace)

ÔòÉÔòÉÔòÉÔòÉÔòÉÔòÉÔòÉÔòÉÔòÉÔòÉÔòÉÔòÉÔòÉÔòÉÔòÉÔòÉÔòÉÔòÉÔòÉÔòÉÔòÉÔòÉÔòÉÔòÉÔòÉÔòÉÔòÉÔòÉÔòÉÔòÉÔòÉÔòÉÔòÉÔòÉÔòÉÔòÉÔòÉÔòÉÔòÉÔòÉÔòÉÔòÉÔòÉÔòÉÔòÉÔòÉÔòÉÔòÉÔòÉÔòÉÔòÉÔòÉÔòÉÔòÉÔòÉÔòÉÔòÉÔòÉÔòÉÔòÉÔòÉÔòÉÔòÉÔòÉÔòÉÔòÉÔòÉÔòÉÔòÉÔòÉÔòÉÔòÉÔòÉÔòÉÔòÉÔòÉÔòÉÔòÉÔòÉÔòÉÔòÉÔòÉÔòÉÔòÉÔòÉÔòÉÔòÉÔòÉÔòÉÔòÉÔòÉÔòÉÔòÉÔòÉÔòÉÔòÉÔòÉÔòÉÔòÉÔòÉ
ÔòÉÔòÉÔòí EXCEPTION CAUGHT BY WIDGETS LIBRARY Ôò×ÔòÉÔòÉÔòÉÔòÉÔòÉÔòÉÔòÉÔòÉÔòÉÔòÉÔòÉÔòÉÔòÉÔòÉÔòÉÔòÉÔòÉÔòÉÔòÉÔòÉÔòÉÔòÉÔòÉÔòÉÔòÉÔòÉÔòÉÔòÉÔòÉÔòÉÔòÉÔòÉÔòÉÔòÉÔòÉÔòÉÔòÉÔòÉÔòÉÔòÉÔòÉÔòÉÔòÉÔòÉÔòÉÔòÉÔòÉÔòÉÔòÉÔòÉÔòÉÔòÉÔòÉÔòÉÔòÉÔòÉÔòÉÔòÉÔòÉ
The following UnimplementedError was thrown building MiniPlayer(dirty, dependencies:
[UncontrolledProviderScope], state: _MiniPlayerState#3038f):
Provider was not overridden

The relevant error-causing widget was:
  MiniPlayer
  MiniPlayer:file:///C:/Users/leora/Documents/REMUH/lib/presentation/screens/main_scaffold.dart:62:35

When the exception was thrown, this was the stack:
#1      _SelectorSubscription.read (package:riverpod/src/framework/selector.dart:185:18)
#2      ConsumerStatefulElement.watch (package:flutter_riverpod/src/consumer.dart:568:8)
#3      _MiniPlayerState.build (package:remuh/presentation/widgets/mini_player.dart:40:30)
#4      StatefulElement.build (package:flutter/src/widgets/framework.dart:5934:27)
#5      ConsumerStatefulElement.build (package:flutter_riverpod/src/consumer.dart:539:20)
#6      ComponentElement.performRebuild (package:flutter/src/widgets/framework.dart:5820:15)
#7      StatefulElement.performRebuild (package:flutter/src/widgets/framework.dart:5985:11)
#8      Element.rebuild (package:flutter/src/widgets/framework.dart:5532:7)
#9      ComponentElement._firstBuild (package:flutter/src/widgets/framework.dart:5802:5)
#10     StatefulElement._firstBuild (package:flutter/src/widgets/framework.dart:5976:11)
#11     ComponentElement.mount (package:flutter/src/widgets/framework.dart:5796:5)
...     Normal element mounting (23 frames)
#34     Element.inflateWidget (package:flutter/src/widgets/framework.dart:4590:20)
#35     MultiChildRenderObjectElement.inflateWidget (package:flutter/src/widgets/framework.dart:7269:36)
#36     MultiChildRenderObjectElement.mount (package:flutter/src/widgets/framework.dart:7285:32)
...     Normal element mounting (21 frames)
#57     Element.inflateWidget (package:flutter/src/widgets/framework.dart:4590:20)
#58     MultiChildRenderObjectElement.inflateWidget (package:flutter/src/widgets/framework.dart:7269:36)
#59     MultiChildRenderObjectElement.mount (package:flutter/src/widgets/framework.dart:7285:32)
...     Normal element mounting (372 frames)
#431    Element.inflateWidget (package:flutter/src/widgets/framework.dart:4590:20)
#432    MultiChildRenderObjectElement.inflateWidget (package:flutter/src/widgets/framework.dart:7269:36)
#433    MultiChildRenderObjectElement.mount (package:flutter/src/widgets/framework.dart:7285:32)
...     Normal element mounting (462 frames)
#895    _UncontrolledProviderScopeElement.mount (package:flutter_riverpod/src/framework.dart:315:11)
...     Normal element mounting (9 frames)
#904    Element.inflateWidget (package:flutter/src/widgets/framework.dart:4590:20)
#905    Element.updateChild (package:flutter/src/widgets/framework.dart:4053:20)
#906    ComponentElement.performRebuild (package:flutter/src/widgets/framework.dart:5844:16)
#907    Element.rebuild (package:flutter/src/widgets/framework.dart:5532:7)
#908    ProxyElement.update (package:flutter/src/widgets/framework.dart:6152:5)
#909    _InheritedNotifierElement.update (package:flutter/src/widgets/inherited_notifier.dart:108:11)
#910    Element.updateChild (package:flutter/src/widgets/framework.dart:4037:15)
#911    ComponentElement.performRebuild (package:flutter/src/widgets/framework.dart:5844:16)
#912    StatefulElement.performRebuild (package:flutter/src/widgets/framework.dart:5985:11)
#913    Element.rebuild (package:flutter/src/widgets/framework.dart:5532:7)
#914    StatefulElement.update (package:flutter/src/widgets/framework.dart:6010:5)
#915    Element.updateChild (package:flutter/src/widgets/framework.dart:4037:15)
#916    ComponentElement.performRebuild (package:flutter/src/widgets/framework.dart:5844:16)
#917    Element.rebuild (package:flutter/src/widgets/framework.dart:5532:7)
#918    ProxyElement.update (package:flutter/src/widgets/framework.dart:6152:5)
#919    _InheritedNotifierElement.update (package:flutter/src/widgets/inherited_notifier.dart:108:11)
#920    Element.updateChild (package:flutter/src/widgets/framework.dart:4037:15)
#921    ComponentElement.performRebuild (package:flutter/src/widgets/framework.dart:5844:16)
#922    StatefulElement.performRebuild (package:flutter/src/widgets/framework.dart:5985:11)
#923    Element.rebuild (package:flutter/src/widgets/framework.dart:5532:7)
#924    StatefulElement.update (package:flutter/src/widgets/framework.dart:6010:5)
#925    Element.updateChild (package:flutter/src/widgets/framework.dart:4037:15)
#926    ComponentElement.performRebuild (package:flutter/src/widgets/framework.dart:5844:16)
#927    StatefulElement.performRebuild (package:flutter/src/widgets/framework.dart:5985:11)
#928    Element.rebuild (package:flutter/src/widgets/framework.dart:5532:7)
#929    StatefulElement.update (package:flutter/src/widgets/framework.dart:6010:5)
#930    Element.updateChild (package:flutter/src/widgets/framework.dart:4037:15)
#931    ComponentElement.performRebuild (package:flutter/src/widgets/framework.dart:5844:16)
#932    Element.rebuild (package:flutter/src/widgets/framework.dart:5532:7)
#933    ProxyElement.update (package:flutter/src/widgets/framework.dart:6152:5)
#934    Element.updateChild (package:flutter/src/widgets/framework.dart:4037:15)
#935    ComponentElement.performRebuild (package:flutter/src/widgets/framework.dart:5844:16)
#936    StatefulElement.performRebuild (package:flutter/src/widgets/framework.dart:5985:11)
#937    Element.rebuild (package:flutter/src/widgets/framework.dart:5532:7)
#938    StatefulElement.update (package:flutter/src/widgets/framework.dart:6010:5)
#939    Element.updateChild (package:flutter/src/widgets/framework.dart:4037:15)
#940    ComponentElement.performRebuild (package:flutter/src/widgets/framework.dart:5844:16)
#941    Element.rebuild (package:flutter/src/widgets/framework.dart:5532:7)
#942    ProxyElement.update (package:flutter/src/widgets/framework.dart:6152:5)
#943    Element.updateChild (package:flutter/src/widgets/framework.dart:4037:15)
#944    ComponentElement.performRebuild (package:flutter/src/widgets/framework.dart:5844:16)
#945    Element.rebuild (package:flutter/src/widgets/framework.dart:5532:7)
#946    ProxyElement.update (package:flutter/src/widgets/framework.dart:6152:5)
#947    Element.updateChild (package:flutter/src/widgets/framework.dart:4037:15)
#948    _RawViewElement._updateChild (package:flutter/src/widgets/view.dart:481:16)
#949    _RawViewElement.update (package:flutter/src/widgets/view.dart:568:5)
#950    Element.updateChild (package:flutter/src/widgets/framework.dart:4037:15)
#951    ComponentElement.performRebuild (package:flutter/src/widgets/framework.dart:5844:16)
#952    Element.rebuild (package:flutter/src/widgets/framework.dart:5532:7)
#953    StatelessElement.update (package:flutter/src/widgets/framework.dart:5898:5)
#954    Element.updateChild (package:flutter/src/widgets/framework.dart:4037:15)
#955    ComponentElement.performRebuild (package:flutter/src/widgets/framework.dart:5844:16)
#956    StatefulElement.performRebuild (package:flutter/src/widgets/framework.dart:5985:11)
#957    Element.rebuild (package:flutter/src/widgets/framework.dart:5532:7)
#958    StatefulElement.update (package:flutter/src/widgets/framework.dart:6010:5)
#959    Element.updateChild (package:flutter/src/widgets/framework.dart:4037:15)
#960    RootElement._rebuild (package:flutter/src/widgets/binding.dart:1782:16)
#961    RootElement.update (package:flutter/src/widgets/binding.dart:1760:5)
#962    RootElement.performRebuild (package:flutter/src/widgets/binding.dart:1774:7)
#963    Element.rebuild (package:flutter/src/widgets/framework.dart:5532:7)
#964    BuildScope._tryRebuild (package:flutter/src/widgets/framework.dart:2750:15)
#965    BuildScope._flushDirtyElements (package:flutter/src/widgets/framework.dart:2807:11)
#966    BuildOwner.buildScope (package:flutter/src/widgets/framework.dart:3111:18)
#967    AutomatedTestWidgetsFlutterBinding.drawFrame (package:flutter_test/src/binding.dart:1506:19)
#968    RendererBinding._handlePersistentFrameCallback (package:flutter/src/rendering/binding.dart:495:5)
#969    SchedulerBinding._invokeFrameCallback (package:flutter/src/scheduler/binding.dart:1434:15)
#970    SchedulerBinding.handleDrawFrame (package:flutter/src/scheduler/binding.dart:1347:9)
#971    AutomatedTestWidgetsFlutterBinding.pump.<anonymous closure> (package:flutter_test/src/binding.dart:1335:9)
#974    TestAsyncUtils.guard (package:flutter_test/src/test_async_utils.dart:74:41)
#975    AutomatedTestWidgetsFlutterBinding.pump (package:flutter_test/src/binding.dart:1324:27)
#976    WidgetTester.pumpWidget.<anonymous closure> (package:flutter_test/src/widget_tester.dart:598:22)
#979    TestAsyncUtils.guard (package:flutter_test/src/test_async_utils.dart:74:41)
#980    WidgetTester.pumpWidget (package:flutter_test/src/widget_tester.dart:595:27)
#981    main.<anonymous closure> (file:///C:/Users/leora/Documents/REMUH/test/widget_test.dart:10:18)
#982    testWidgets.<anonymous closure>.<anonymous closure> (package:flutter_test/src/widget_tester.dart:192:29)
#983    TestWidgetsFlutterBinding._runTestBody (package:flutter_test/src/binding.dart:1059:5)
#985    ProviderElementBase.watch (package:riverpod/src/framework/element.dart:742:20)
#986    audioPlayerProvider.<anonymous closure> (package:remuh/presentation/providers/audio_player_provider.dart:532:30)
#987    ProviderContainer.listen (package:riverpod/src/framework/container.dart:280:21)
#988    ConsumerStatefulElement.watch.<anonymous closure> (package:flutter_riverpod/src/consumer.dart:564:25)
#989    _LinkedHashMapMixin.putIfAbsent (dart:_compact_hash:675:23)
#990    ConsumerStatefulElement.watch (package:flutter_riverpod/src/consumer.dart:557:26)
#991    _MiniPlayerState.build (package:remuh/presentation/widgets/mini_player.dart:40:30)
#992    StatefulElement.build (package:flutter/src/widgets/framework.dart:5934:27)
#993    ConsumerStatefulElement.build (package:flutter_riverpod/src/consumer.dart:539:20)
#994    ComponentElement.performRebuild (package:flutter/src/widgets/framework.dart:5820:15)
#995    StatefulElement.performRebuild (package:flutter/src/widgets/framework.dart:5985:11)
#996    Element.rebuild (package:flutter/src/widgets/framework.dart:5532:7)
#997    ComponentElement._firstBuild (package:flutter/src/widgets/framework.dart:5802:5)
#998    StatefulElement._firstBuild (package:flutter/src/widgets/framework.dart:5976:11)
#999    ComponentElement.mount (package:flutter/src/widgets/framework.dart:5796:5)
...     Normal element mounting (23 frames)
#1022   Element.inflateWidget (package:flutter/src/widgets/framework.dart:4590:20)
#1023   MultiChildRenderObjectElement.inflateWidget (package:flutter/src/widgets/framework.dart:7269:36)
#1024   MultiChildRenderObjectElement.mount (package:flutter/src/widgets/framework.dart:7285:32)
...     Normal element mounting (21 frames)
#1045   Element.inflateWidget (package:flutter/src/widgets/framework.dart:4590:20)
#1046   MultiChildRenderObjectElement.inflateWidget (package:flutter/src/widgets/framework.dart:7269:36)
#1047   MultiChildRenderObjectElement.mount (package:flutter/src/widgets/framework.dart:7285:32)
...     Normal element mounting (372 frames)
#1419   Element.inflateWidget (package:flutter/src/widgets/framework.dart:4590:20)
#1420   MultiChildRenderObjectElement.inflateWidget (package:flutter/src/widgets/framework.dart:7269:36)
#1421   MultiChildRenderObjectElement.mount (package:flutter/src/widgets/framework.dart:7285:32)
...     Normal element mounting (462 frames)
#1883   _UncontrolledProviderScopeElement.mount (package:flutter_riverpod/src/framework.dart:315:11)
...     Normal element mounting (9 frames)
#1892   Element.inflateWidget (package:flutter/src/widgets/framework.dart:4590:20)
#1893   Element.updateChild (package:flutter/src/widgets/framework.dart:4053:20)
#1894   ComponentElement.performRebuild (package:flutter/src/widgets/framework.dart:5844:16)
#1895   Element.rebuild (package:flutter/src/widgets/framework.dart:5532:7)
#1896   ProxyElement.update (package:flutter/src/widgets/framework.dart:6152:5)
#1897   _InheritedNotifierElement.update (package:flutter/src/widgets/inherited_notifier.dart:108:11)
#1898   Element.updateChild (package:flutter/src/widgets/framework.dart:4037:15)
#1899   ComponentElement.performRebuild (package:flutter/src/widgets/framework.dart:5844:16)
#1900   StatefulElement.performRebuild (package:flutter/src/widgets/framework.dart:5985:11)
#1901   Element.rebuild (package:flutter/src/widgets/framework.dart:5532:7)
#1902   StatefulElement.update (package:flutter/src/widgets/framework.dart:6010:5)
#1903   Element.updateChild (package:flutter/src/widgets/framework.dart:4037:15)
#1904   ComponentElement.performRebuild (package:flutter/src/widgets/framework.dart:5844:16)
#1905   Element.rebuild (package:flutter/src/widgets/framework.dart:5532:7)
#1906   ProxyElement.update (package:flutter/src/widgets/framework.dart:6152:5)
#1907   _InheritedNotifierElement.update (package:flutter/src/widgets/inherited_notifier.dart:108:11)
#1908   Element.updateChild (package:flutter/src/widgets/framework.dart:4037:15)
#1909   ComponentElement.performRebuild (package:flutter/src/widgets/framework.dart:5844:16)
#1910   StatefulElement.performRebuild (package:flutter/src/widgets/framework.dart:5985:11)
#1911   Element.rebuild (package:flutter/src/widgets/framework.dart:5532:7)
#1912   StatefulElement.update (package:flutter/src/widgets/framework.dart:6010:5)
#1913   Element.updateChild (package:flutter/src/widgets/framework.dart:4037:15)
#1914   ComponentElement.performRebuild (package:flutter/src/widgets/framework.dart:5844:16)
#1915   StatefulElement.performRebuild (package:flutter/src/widgets/framework.dart:5985:11)
#1916   Element.rebuild (package:flutter/src/widgets/framework.dart:5532:7)
#1917   StatefulElement.update (package:flutter/src/widgets/framework.dart:6010:5)
#1918   Element.updateChild (package:flutter/src/widgets/framework.dart:4037:15)
#1919   ComponentElement.performRebuild (package:flutter/src/widgets/framework.dart:5844:16)
#1920   Element.rebuild (package:flutter/src/widgets/framework.dart:5532:7)
#1921   ProxyElement.update (package:flutter/src/widgets/framework.dart:6152:5)
#1922   Element.updateChild (package:flutter/src/widgets/framework.dart:4037:15)
#1923   ComponentElement.performRebuild (package:flutter/src/widgets/framework.dart:5844:16)
#1924   StatefulElement.performRebuild (package:flutter/src/widgets/framework.dart:5985:11)
#1925   Element.rebuild (package:flutter/src/widgets/framework.dart:5532:7)
#1926   StatefulElement.update (package:flutter/src/widgets/framework.dart:6010:5)
#1927   Element.updateChild (package:flutter/src/widgets/framework.dart:4037:15)
#1928   ComponentElement.performRebuild (package:flutter/src/widgets/framework.dart:5844:16)
#1929   Element.rebuild (package:flutter/src/widgets/framework.dart:5532:7)
#1930   ProxyElement.update (package:flutter/src/widgets/framework.dart:6152:5)
#1931   Element.updateChild (package:flutter/src/widgets/framework.dart:4037:15)
#1932   ComponentElement.performRebuild (package:flutter/src/widgets/framework.dart:5844:16)
#1933   Element.rebuild (package:flutter/src/widgets/framework.dart:5532:7)
#1934   ProxyElement.update (package:flutter/src/widgets/framework.dart:6152:5)
#1935   Element.updateChild (package:flutter/src/widgets/framework.dart:4037:15)
#1936   _RawViewElement._updateChild (package:flutter/src/widgets/view.dart:481:16)
#1937   _RawViewElement.update (package:flutter/src/widgets/view.dart:568:5)
#1938   Element.updateChild (package:flutter/src/widgets/framework.dart:4037:15)
#1939   ComponentElement.performRebuild (package:flutter/src/widgets/framework.dart:5844:16)
#1940   Element.rebuild (package:flutter/src/widgets/framework.dart:5532:7)
#1941   StatelessElement.update (package:flutter/src/widgets/framework.dart:5898:5)
#1942   Element.updateChild (package:flutter/src/widgets/framework.dart:4037:15)
#1943   ComponentElement.performRebuild (package:flutter/src/widgets/framework.dart:5844:16)
#1944   StatefulElement.performRebuild (package:flutter/src/widgets/framework.dart:5985:11)
#1945   Element.rebuild (package:flutter/src/widgets/framework.dart:5532:7)
#1946   StatefulElement.update (package:flutter/src/widgets/framework.dart:6010:5)
#1947   Element.updateChild (package:flutter/src/widgets/framework.dart:4037:15)
#1948   RootElement._rebuild (package:flutter/src/widgets/binding.dart:1782:16)
#1949   RootElement.update (package:flutter/src/widgets/binding.dart:1760:5)
#1950   RootElement.performRebuild (package:flutter/src/widgets/binding.dart:1774:7)
#1951   Element.rebuild (package:flutter/src/widgets/framework.dart:5532:7)
#1952   BuildScope._tryRebuild (package:flutter/src/widgets/framework.dart:2750:15)
#1953   BuildScope._flushDirtyElements (package:flutter/src/widgets/framework.dart:2807:11)
#1954   BuildOwner.buildScope (package:flutter/src/widgets/framework.dart:3111:18)
#1955   AutomatedTestWidgetsFlutterBinding.drawFrame (package:flutter_test/src/binding.dart:1506:19)
#1956   RendererBinding._handlePersistentFrameCallback (package:flutter/src/rendering/binding.dart:495:5)
#1957   SchedulerBinding._invokeFrameCallback (package:flutter/src/scheduler/binding.dart:1434:15)
#1958   SchedulerBinding.handleDrawFrame (package:flutter/src/scheduler/binding.dart:1347:9)
#1959   AutomatedTestWidgetsFlutterBinding.pump.<anonymous closure> (package:flutter_test/src/binding.dart:1335:9)
#1962   TestAsyncUtils.guard (package:flutter_test/src/test_async_utils.dart:74:41)
#1963   AutomatedTestWidgetsFlutterBinding.pump (package:flutter_test/src/binding.dart:1324:27)
#1964   WidgetTester.pumpWidget.<anonymous closure> (package:flutter_test/src/widget_tester.dart:598:22)
#1967   TestAsyncUtils.guard (package:flutter_test/src/test_async_utils.dart:74:41)
#1968   WidgetTester.pumpWidget (package:flutter_test/src/widget_tester.dart:595:27)
#1969   main.<anonymous closure> (file:///C:/Users/leora/Documents/REMUH/test/widget_test.dart:10:18)
#1970   testWidgets.<anonymous closure>.<anonymous closure> (package:flutter_test/src/widget_tester.dart:192:29)
#1971   TestWidgetsFlutterBinding._runTestBody (package:flutter_test/src/binding.dart:1059:5)
#1973   ProviderElementBase.watch (package:riverpod/src/framework/element.dart:742:20)
#1974   audioRepositoryProvider.<anonymous closure> (package:remuh/presentation/providers/audio_player_provider.dart:33:28)
#1975   ProviderElementBase.watch (package:riverpod/src/framework/element.dart:714:12)
#1976   scanTracksUseCaseProvider.<anonymous closure> (package:remuh/presentation/providers/audio_player_provider.dart:61:26)
#1977   ProviderElementBase.watch (package:riverpod/src/framework/element.dart:714:12)
#1978   libraryViewModelProvider.<anonymous closure> (package:remuh/presentation/providers/library_view_model.dart:43:30)
#1979   ProviderContainer.listen (package:riverpod/src/framework/container.dart:280:21)
#1980   ConsumerStatefulElement.watch.<anonymous closure> (package:flutter_riverpod/src/consumer.dart:564:25)
#1981   _LinkedHashMapMixin.putIfAbsent (dart:_compact_hash:675:23)
#1982   ConsumerStatefulElement.watch (package:flutter_riverpod/src/consumer.dart:557:26)
#1983   LibraryScreen.build (package:remuh/presentation/screens/library_screen.dart:22:30)
#1984   _ConsumerState.build (package:flutter_riverpod/src/consumer.dart:476:19)
#1985   StatefulElement.build (package:flutter/src/widgets/framework.dart:5934:27)
#1986   ConsumerStatefulElement.build (package:flutter_riverpod/src/consumer.dart:539:20)
#1987   ComponentElement.performRebuild (package:flutter/src/widgets/framework.dart:5820:15)
#1988   StatefulElement.performRebuild (package:flutter/src/widgets/framework.dart:5985:11)
#1989   Element.rebuild (package:flutter/src/widgets/framework.dart:5532:7)
#1990   ComponentElement._firstBuild (package:flutter/src/widgets/framework.dart:5802:5)
#1991   StatefulElement._firstBuild (package:flutter/src/widgets/framework.dart:5976:11)
#1992   ComponentElement.mount (package:flutter/src/widgets/framework.dart:5796:5)
...     Normal element mounting (39 frames)
#2031   Element.inflateWidget (package:flutter/src/widgets/framework.dart:4590:20)
#2032   MultiChildRenderObjectElement.inflateWidget (package:flutter/src/widgets/framework.dart:7269:36)
#2033   MultiChildRenderObjectElement.mount (package:flutter/src/widgets/framework.dart:7285:32)
...     Normal element mounting (31 frames)
#2064   Element.inflateWidget (package:flutter/src/widgets/framework.dart:4590:20)
#2065   MultiChildRenderObjectElement.inflateWidget (package:flutter/src/widgets/framework.dart:7269:36)
#2066   MultiChildRenderObjectElement.mount (package:flutter/src/widgets/framework.dart:7285:32)
...     Normal element mounting (372 frames)
#2438   Element.inflateWidget (package:flutter/src/widgets/framework.dart:4590:20)
#2439   MultiChildRenderObjectElement.inflateWidget (package:flutter/src/widgets/framework.dart:7269:36)
#2440   MultiChildRenderObjectElement.mount (package:flutter/src/widgets/framework.dart:7285:32)
...     Normal element mounting (462 frames)
#2902   _UncontrolledProviderScopeElement.mount (package:flutter_riverpod/src/framework.dart:315:11)
...     Normal element mounting (9 frames)
#2911   Element.inflateWidget (package:flutter/src/widgets/framework.dart:4590:20)
#2912   Element.updateChild (package:flutter/src/widgets/framework.dart:4053:20)
#2913   ComponentElement.performRebuild (package:flutter/src/widgets/framework.dart:5844:16)
#2914   Element.rebuild (package:flutter/src/widgets/framework.dart:5532:7)
#2915   ProxyElement.update (package:flutter/src/widgets/framework.dart:6152:5)
#2916   _InheritedNotifierElement.update (package:flutter/src/widgets/inherited_notifier.dart:108:11)
#2917   Element.updateChild (package:flutter/src/widgets/framework.dart:4037:15)
#2918   ComponentElement.performRebuild (package:flutter/src/widgets/framework.dart:5844:16)
#2919   StatefulElement.performRebuild (package:flutter/src/widgets/framework.dart:5985:11)
#2920   Element.rebuild (package:flutter/src/widgets/framework.dart:5532:7)
#2921   StatefulElement.update (package:flutter/src/widgets/framework.dart:6010:5)
#2922   Element.updateChild (package:flutter/src/widgets/framework.dart:4037:15)
#2923   ComponentElement.performRebuild (package:flutter/src/widgets/framework.dart:5844:16)
#2924   Element.rebuild (package:flutter/src/widgets/framework.dart:5532:7)
#2925   ProxyElement.update (package:flutter/src/widgets/framework.dart:6152:5)
#2926   _InheritedNotifierElement.update (package:flutter/src/widgets/inherited_notifier.dart:108:11)
#2927   Element.updateChild (package:flutter/src/widgets/framework.dart:4037:15)
#2928   ComponentElement.performRebuild (package:flutter/src/widgets/framework.dart:5844:16)
#2929   StatefulElement.performRebuild (package:flutter/src/widgets/framework.dart:5985:11)
#2930   Element.rebuild (package:flutter/src/widgets/framework.dart:5532:7)
#2931   StatefulElement.update (package:flutter/src/widgets/framework.dart:6010:5)
#2932   Element.updateChild (package:flutter/src/widgets/framework.dart:4037:15)
#2933   ComponentElement.performRebuild (package:flutter/src/widgets/framework.dart:5844:16)
#2934   StatefulElement.performRebuild (package:flutter/src/widgets/framework.dart:5985:11)
#2935   Element.rebuild (package:flutter/src/widgets/framework.dart:5532:7)
#2936   StatefulElement.update (package:flutter/src/widgets/framework.dart:6010:5)
#2937   Element.updateChild (package:flutter/src/widgets/framework.dart:4037:15)
#2938   ComponentElement.performRebuild (package:flutter/src/widgets/framework.dart:5844:16)
#2939   Element.rebuild (package:flutter/src/widgets/framework.dart:5532:7)
#2940   ProxyElement.update (package:flutter/src/widgets/framework.dart:6152:5)
#2941   Element.updateChild (package:flutter/src/widgets/framework.dart:4037:15)
#2942   ComponentElement.performRebuild (package:flutter/src/widgets/framework.dart:5844:16)
#2943   StatefulElement.performRebuild (package:flutter/src/widgets/framework.dart:5985:11)
#2944   Element.rebuild (package:flutter/src/widgets/framework.dart:5532:7)
#2945   StatefulElement.update (package:flutter/src/widgets/framework.dart:6010:5)
#2946   Element.updateChild (package:flutter/src/widgets/framework.dart:4037:15)
#2947   ComponentElement.performRebuild (package:flutter/src/widgets/framework.dart:5844:16)
#2948   Element.rebuild (package:flutter/src/widgets/framework.dart:5532:7)
#2949   ProxyElement.update (package:flutter/src/widgets/framework.dart:6152:5)
#2950   Element.updateChild (package:flutter/src/widgets/framework.dart:4037:15)
#2951   ComponentElement.performRebuild (package:flutter/src/widgets/framework.dart:5844:16)
#2952   Element.rebuild (package:flutter/src/widgets/framework.dart:5532:7)
#2953   ProxyElement.update (package:flutter/src/widgets/framework.dart:6152:5)
#2954   Element.updateChild (package:flutter/src/widgets/framework.dart:4037:15)
#2955   _RawViewElement._updateChild (package:flutter/src/widgets/view.dart:481:16)
#2956   _RawViewElement.update (package:flutter/src/widgets/view.dart:568:5)
#2957   Element.updateChild (package:flutter/src/widgets/framework.dart:4037:15)
#2958   ComponentElement.performRebuild (package:flutter/src/widgets/framework.dart:5844:16)
#2959   Element.rebuild (package:flutter/src/widgets/framework.dart:5532:7)
#2960   StatelessElement.update (package:flutter/src/widgets/framework.dart:5898:5)
#2961   Element.updateChild (package:flutter/src/widgets/framework.dart:4037:15)
#2962   ComponentElement.performRebuild (package:flutter/src/widgets/framework.dart:5844:16)
#2963   StatefulElement.performRebuild (package:flutter/src/widgets/framework.dart:5985:11)
#2964   Element.rebuild (package:flutter/src/widgets/framework.dart:5532:7)
#2965   StatefulElement.update (package:flutter/src/widgets/framework.dart:6010:5)
#2966   Element.updateChild (package:flutter/src/widgets/framework.dart:4037:15)
#2967   RootElement._rebuild (package:flutter/src/widgets/binding.dart:1782:16)
#2968   RootElement.update (package:flutter/src/widgets/binding.dart:1760:5)
#2969   RootElement.performRebuild (package:flutter/src/widgets/binding.dart:1774:7)
#2970   Element.rebuild (package:flutter/src/widgets/framework.dart:5532:7)
#2971   BuildScope._tryRebuild (package:flutter/src/widgets/framework.dart:2750:15)
#2972   BuildScope._flushDirtyElements (package:flutter/src/widgets/framework.dart:2807:11)
#2973   BuildOwner.buildScope (package:flutter/src/widgets/framework.dart:3111:18)
#2974   AutomatedTestWidgetsFlutterBinding.drawFrame (package:flutter_test/src/binding.dart:1506:19)
#2975   RendererBinding._handlePersistentFrameCallback (package:flutter/src/rendering/binding.dart:495:5)
#2976   SchedulerBinding._invokeFrameCallback (package:flutter/src/scheduler/binding.dart:1434:15)
#2977   SchedulerBinding.handleDrawFrame (package:flutter/src/scheduler/binding.dart:1347:9)
#2978   AutomatedTestWidgetsFlutterBinding.pump.<anonymous closure> (package:flutter_test/src/binding.dart:1335:9)
#2981   TestAsyncUtils.guard (package:flutter_test/src/test_async_utils.dart:74:41)
#2982   AutomatedTestWidgetsFlutterBinding.pump (package:flutter_test/src/binding.dart:1324:27)
#2983   WidgetTester.pumpWidget.<anonymous closure> (package:flutter_test/src/widget_tester.dart:598:22)
#2986   TestAsyncUtils.guard (package:flutter_test/src/test_async_utils.dart:74:41)
#2987   WidgetTester.pumpWidget (package:flutter_test/src/widget_tester.dart:595:27)
#2988   main.<anonymous closure> (file:///C:/Users/leora/Documents/REMUH/test/widget_test.dart:10:18)
#2989   testWidgets.<anonymous closure>.<anonymous closure> (package:flutter_test/src/widget_tester.dart:192:29)
#2990   TestWidgetsFlutterBinding._runTestBody (package:flutter_test/src/binding.dart:1059:5)
#2992   audioHandlerProvider.<anonymous closure> (package:remuh/presentation/providers/audio_player_provider.dart:20:3)
#2993   ProviderElementBase.watch (package:riverpod/src/framework/element.dart:714:12)
#2994   audioRepositoryProvider.<anonymous closure> (package:remuh/presentation/providers/audio_player_provider.dart:33:28)
#2995   ProviderElementBase.watch (package:riverpod/src/framework/element.dart:714:12)
#2996   scanTracksUseCaseProvider.<anonymous closure> (package:remuh/presentation/providers/audio_player_provider.dart:61:26)
#2997   ProviderElementBase.watch (package:riverpod/src/framework/element.dart:714:12)
#2998   libraryViewModelProvider.<anonymous closure> (package:remuh/presentation/providers/library_view_model.dart:43:30)
#2999   ProviderContainer.listen (package:riverpod/src/framework/container.dart:280:21)
#3000   ConsumerStatefulElement.watch.<anonymous closure> (package:flutter_riverpod/src/consumer.dart:564:25)
#3001   _LinkedHashMapMixin.putIfAbsent (dart:_compact_hash:675:23)
#3002   ConsumerStatefulElement.watch (package:flutter_riverpod/src/consumer.dart:557:26)
#3003   LibraryScreen.build (package:remuh/presentation/screens/library_screen.dart:22:30)
#3004   _ConsumerState.build (package:flutter_riverpod/src/consumer.dart:476:19)
#3005   StatefulElement.build (package:flutter/src/widgets/framework.dart:5934:27)
#3006   ConsumerStatefulElement.build (package:flutter_riverpod/src/consumer.dart:539:20)
#3007   ComponentElement.performRebuild (package:flutter/src/widgets/framework.dart:5820:15)
#3008   StatefulElement.performRebuild (package:flutter/src/widgets/framework.dart:5985:11)
#3009   Element.rebuild (package:flutter/src/widgets/framework.dart:5532:7)
#3010   ComponentElement._firstBuild (package:flutter/src/widgets/framework.dart:5802:5)
#3011   StatefulElement._firstBuild (package:flutter/src/widgets/framework.dart:5976:11)
#3012   ComponentElement.mount (package:flutter/src/widgets/framework.dart:5796:5)
...     Normal element mounting (39 frames)
#3051   Element.inflateWidget (package:flutter/src/widgets/framework.dart:4590:20)
#3052   MultiChildRenderObjectElement.inflateWidget (package:flutter/src/widgets/framework.dart:7269:36)
#3053   MultiChildRenderObjectElement.mount (package:flutter/src/widgets/framework.dart:7285:32)
...     Normal element mounting (31 frames)
#3084   Element.inflateWidget (package:flutter/src/widgets/framework.dart:4590:20)
#3085   MultiChildRenderObjectElement.inflateWidget (package:flutter/src/widgets/framework.dart:7269:36)
#3086   MultiChildRenderObjectElement.mount (package:flutter/src/widgets/framework.dart:7285:32)
...     Normal element mounting (372 frames)
#3458   Element.inflateWidget (package:flutter/src/widgets/framework.dart:4590:20)
#3459   MultiChildRenderObjectElement.inflateWidget (package:flutter/src/widgets/framework.dart:7269:36)
#3460   MultiChildRenderObjectElement.mount (package:flutter/src/widgets/framework.dart:7285:32)
...     Normal element mounting (462 frames)
#3922   _UncontrolledProviderScopeElement.mount (package:flutter_riverpod/src/framework.dart:315:11)
...     Normal element mounting (9 frames)
#3931   Element.inflateWidget (package:flutter/src/widgets/framework.dart:4590:20)
#3932   Element.updateChild (package:flutter/src/widgets/framework.dart:4053:20)
#3933   ComponentElement.performRebuild (package:flutter/src/widgets/framework.dart:5844:16)
#3934   Element.rebuild (package:flutter/src/widgets/framework.dart:5532:7)
#3935   ProxyElement.update (package:flutter/src/widgets/framework.dart:6152:5)
#3936   _InheritedNotifierElement.update (package:flutter/src/widgets/inherited_notifier.dart:108:11)
#3937   Element.updateChild (package:flutter/src/widgets/framework.dart:4037:15)
#3938   ComponentElement.performRebuild (package:flutter/src/widgets/framework.dart:5844:16)
#3939   StatefulElement.performRebuild (package:flutter/src/widgets/framework.dart:5985:11)
#3940   Element.rebuild (package:flutter/src/widgets/framework.dart:5532:7)
#3941   StatefulElement.update (package:flutter/src/widgets/framework.dart:6010:5)
#3942   Element.updateChild (package:flutter/src/widgets/framework.dart:4037:15)
#3943   ComponentElement.performRebuild (package:flutter/src/widgets/framework.dart:5844:16)
#3944   Element.rebuild (package:flutter/src/widgets/framework.dart:5532:7)
#3945   ProxyElement.update (package:flutter/src/widgets/framework.dart:6152:5)
#3946   _InheritedNotifierElement.update (package:flutter/src/widgets/inherited_notifier.dart:108:11)
#3947   Element.updateChild (package:flutter/src/widgets/framework.dart:4037:15)
#3948   ComponentElement.performRebuild (package:flutter/src/widgets/framework.dart:5844:16)
#3949   StatefulElement.performRebuild (package:flutter/src/widgets/framework.dart:5985:11)
#3950   Element.rebuild (package:flutter/src/widgets/framework.dart:5532:7)
#3951   StatefulElement.update (package:flutter/src/widgets/framework.dart:6010:5)
#3952   Element.updateChild (package:flutter/src/widgets/framework.dart:4037:15)
#3953   ComponentElement.performRebuild (package:flutter/src/widgets/framework.dart:5844:16)
#3954   StatefulElement.performRebuild (package:flutter/src/widgets/framework.dart:5985:11)
#3955   Element.rebuild (package:flutter/src/widgets/framework.dart:5532:7)
#3956   StatefulElement.update (package:flutter/src/widgets/framework.dart:6010:5)
#3957   Element.updateChild (package:flutter/src/widgets/framework.dart:4037:15)
#3958   ComponentElement.performRebuild (package:flutter/src/widgets/framework.dart:5844:16)
#3959   Element.rebuild (package:flutter/src/widgets/framework.dart:5532:7)
#3960   ProxyElement.update (package:flutter/src/widgets/framework.dart:6152:5)
#3961   Element.updateChild (package:flutter/src/widgets/framework.dart:4037:15)
#3962   ComponentElement.performRebuild (package:flutter/src/widgets/framework.dart:5844:16)
#3963   StatefulElement.performRebuild (package:flutter/src/widgets/framework.dart:5985:11)
#3964   Element.rebuild (package:flutter/src/widgets/framework.dart:5532:7)
#3965   StatefulElement.update (package:flutter/src/widgets/framework.dart:6010:5)
#3966   Element.updateChild (package:flutter/src/widgets/framework.dart:4037:15)
#3967   ComponentElement.performRebuild (package:flutter/src/widgets/framework.dart:5844:16)
#3968   Element.rebuild (package:flutter/src/widgets/framework.dart:5532:7)
#3969   ProxyElement.update (package:flutter/src/widgets/framework.dart:6152:5)
#3970   Element.updateChild (package:flutter/src/widgets/framework.dart:4037:15)
#3971   ComponentElement.performRebuild (package:flutter/src/widgets/framework.dart:5844:16)
#3972   Element.rebuild (package:flutter/src/widgets/framework.dart:5532:7)
#3973   ProxyElement.update (package:flutter/src/widgets/framework.dart:6152:5)
#3974   Element.updateChild (package:flutter/src/widgets/framework.dart:4037:15)
#3975   _RawViewElement._updateChild (package:flutter/src/widgets/view.dart:481:16)
#3976   _RawViewElement.update (package:flutter/src/widgets/view.dart:568:5)
#3977   Element.updateChild (package:flutter/src/widgets/framework.dart:4037:15)
#3978   ComponentElement.performRebuild (package:flutter/src/widgets/framework.dart:5844:16)
#3979   Element.rebuild (package:flutter/src/widgets/framework.dart:5532:7)
#3980   StatelessElement.update (package:flutter/src/widgets/framework.dart:5898:5)
#3981   Element.updateChild (package:flutter/src/widgets/framework.dart:4037:15)
#3982   ComponentElement.performRebuild (package:flutter/src/widgets/framework.dart:5844:16)
#3983   StatefulElement.performRebuild (package:flutter/src/widgets/framework.dart:5985:11)
#3984   Element.rebuild (package:flutter/src/widgets/framework.dart:5532:7)
#3985   StatefulElement.update (package:flutter/src/widgets/framework.dart:6010:5)
#3986   Element.updateChild (package:flutter/src/widgets/framework.dart:4037:15)
#3987   RootElement._rebuild (package:flutter/src/widgets/binding.dart:1782:16)
#3988   RootElement.update (package:flutter/src/widgets/binding.dart:1760:5)
#3989   RootElement.performRebuild (package:flutter/src/widgets/binding.dart:1774:7)
#3990   Element.rebuild (package:flutter/src/widgets/framework.dart:5532:7)
#3991   BuildScope._tryRebuild (package:flutter/src/widgets/framework.dart:2750:15)
#3992   BuildScope._flushDirtyElements (package:flutter/src/widgets/framework.dart:2807:11)
#3993   BuildOwner.buildScope (package:flutter/src/widgets/framework.dart:3111:18)
#3994   AutomatedTestWidgetsFlutterBinding.drawFrame (package:flutter_test/src/binding.dart:1506:19)
#3995   RendererBinding._handlePersistentFrameCallback (package:flutter/src/rendering/binding.dart:495:5)
#3996   SchedulerBinding._invokeFrameCallback (package:flutter/src/scheduler/binding.dart:1434:15)
#3997   SchedulerBinding.handleDrawFrame (package:flutter/src/scheduler/binding.dart:1347:9)
#3998   AutomatedTestWidgetsFlutterBinding.pump.<anonymous closure> (package:flutter_test/src/binding.dart:1335:9)
#4001   TestAsyncUtils.guard (package:flutter_test/src/test_async_utils.dart:74:41)
#4002   AutomatedTestWidgetsFlutterBinding.pump (package:flutter_test/src/binding.dart:1324:27)
#4003   WidgetTester.pumpWidget.<anonymous closure> (package:flutter_test/src/widget_tester.dart:598:22)
#4006   TestAsyncUtils.guard (package:flutter_test/src/test_async_utils.dart:74:41)
#4007   WidgetTester.pumpWidget (package:flutter_test/src/widget_tester.dart:595:27)
#4008   main.<anonymous closure> (file:///C:/Users/leora/Documents/REMUH/test/widget_test.dart:10:18)
#4009   testWidgets.<anonymous closure>.<anonymous closure> (package:flutter_test/src/widget_tester.dart:192:29)
#4011   testWidgets.<anonymous closure>.<anonymous closure> (package:flutter_test/src/widget_tester.dart:189:25)
#4012   TestWidgetsFlutterBinding._runTestBody (package:flutter_test/src/binding.dart:1059:19)
#4014   TestWidgetsFlutterBinding._runTestBody (package:flutter_test/src/binding.dart:1048:5)
#4017   TestWidgetsFlutterBinding._runTest (package:flutter_test/src/binding.dart:1033:10)
#4018   AutomatedTestWidgetsFlutterBinding.runTest.<anonymous closure> (package:flutter_test/src/binding.dart:1564:24)
#4019   FakeAsync.run.<anonymous closure>.<anonymous closure> (package:fake_async/fake_async.dart:182:47)
#4024   withClock (package:clock/src/default.dart:52:10)
#4025   FakeAsync.run.<anonymous closure> (package:fake_async/fake_async.dart:182:15)
#4030   FakeAsync.run (package:fake_async/fake_async.dart:181:52)
#4031   AutomatedTestWidgetsFlutterBinding.runTest (package:flutter_test/src/binding.dart:1561:15)
#4032   testWidgets.<anonymous closure> (package:flutter_test/src/widget_tester.dart:184:24)
#4033   Declarer.test.<anonymous closure>.<anonymous closure> (package:test_api/src/backend/declarer.dart:242:19)
#4035   Declarer.test.<anonymous closure>.<anonymous closure> (package:test_api/src/backend/declarer.dart:241:9)
#4040   Declarer.test.<anonymous closure> (package:test_api/src/backend/declarer.dart:240:13)
#4041   Invoker._waitForOutstandingCallbacks.<anonymous closure> (package:test_api/src/backend/invoker.dart:282:17)
#4046   Invoker._waitForOutstandingCallbacks (package:test_api/src/backend/invoker.dart:278:5)
#4047   Invoker._onRun.<anonymous closure>.<anonymous closure>.<anonymous closure> (package:test_api/src/backend/invoker.dart:418:17)
#4049   Invoker._onRun.<anonymous closure>.<anonymous closure>.<anonymous closure> (package:test_api/src/backend/invoker.dart:416:11)
#4054   Invoker._onRun.<anonymous closure>.<anonymous closure> (package:test_api/src/backend/invoker.dart:407:9)
#4055   Invoker._guardIfGuarded (package:test_api/src/backend/invoker.dart:450:15)
#4056   Invoker._onRun.<anonymous closure> (package:test_api/src/backend/invoker.dart:406:7)
#4063   Invoker._onRun (package:test_api/src/backend/invoker.dart:405:11)
#4064   LiveTestController.run (package:test_api/src/backend/live_test_controller.dart:153:11)
#4065   RemoteListener._runLiveTest.<anonymous closure> (package:test_api/src/backend/remote_listener.dart:275:16)
#4070   RemoteListener._runLiveTest (package:test_api/src/backend/remote_listener.dart:274:5)
#4071   RemoteListener._serializeTest.<anonymous closure> (package:test_api/src/backend/remote_listener.dart:221:7)
#4089   _GuaranteeSink.add (package:stream_channel/src/guarantee_channel.dart:125:12)
#4090   new _MultiChannel.<anonymous closure> (package:stream_channel/src/multi_channel.dart:159:31)
#4092   CastStreamSubscription._onData (dart:_internal/async_cast.dart:95:11)
#4118   new _WebSocketImpl._fromSocket.<anonymous closure> (dart:_http/websocket_impl.dart:1252:27)
#4124   _WebSocketProtocolTransformer._messageFrameEnd (dart:_http/websocket_impl.dart:348:23)
#4125   _WebSocketProtocolTransformer.add (dart:_http/websocket_impl.dart:238:46)
#4133   _Socket._onData (dart:io-patch/socket_patch.dart:2880:41)
#4140   new _RawSocket.<anonymous closure> (dart:io-patch/socket_patch.dart:2315:31)
#4141   _NativeSocket.issueReadEvent.issue (dart:io-patch/socket_patch.dart:1655:14)
#4145   testWidgets.<anonymous closure>.<anonymous closure> (package:flutter_test/src/widget_tester.dart:189:25)
#4146   TestWidgetsFlutterBinding._runTestBody (package:flutter_test/src/binding.dart:1059:19)
#4148   TestWidgetsFlutterBinding._runTestBody (package:flutter_test/src/binding.dart:1048:5)
#4151   TestWidgetsFlutterBinding._runTest (package:flutter_test/src/binding.dart:1033:10)
#4152   AutomatedTestWidgetsFlutterBinding.runTest.<anonymous closure> (package:flutter_test/src/binding.dart:1564:24)
#4153   FakeAsync.run.<anonymous closure>.<anonymous closure> (package:fake_async/fake_async.dart:182:47)
#4158   withClock (package:clock/src/default.dart:52:10)
#4159   FakeAsync.run.<anonymous closure> (package:fake_async/fake_async.dart:182:15)
#4164   FakeAsync.run (package:fake_async/fake_async.dart:181:52)
#4165   AutomatedTestWidgetsFlutterBinding.runTest (package:flutter_test/src/binding.dart:1561:15)
#4166   testWidgets.<anonymous closure> (package:flutter_test/src/widget_tester.dart:184:24)
#4167   Declarer.test.<anonymous closure>.<anonymous closure> (package:test_api/src/backend/declarer.dart:242:19)
#4169   Declarer.test.<anonymous closure>.<anonymous closure> (package:test_api/src/backend/declarer.dart:241:9)
#4174   Declarer.test.<anonymous closure> (package:test_api/src/backend/declarer.dart:240:13)
#4175   Invoker._waitForOutstandingCallbacks.<anonymous closure> (package:test_api/src/backend/invoker.dart:282:17)
#4180   Invoker._waitForOutstandingCallbacks (package:test_api/src/backend/invoker.dart:278:5)
#4181   Invoker._onRun.<anonymous closure>.<anonymous closure>.<anonymous closure> (package:test_api/src/backend/invoker.dart:418:17)
#4183   Invoker._onRun.<anonymous closure>.<anonymous closure>.<anonymous closure> (package:test_api/src/backend/invoker.dart:416:11)
#4188   Invoker._onRun.<anonymous closure>.<anonymous closure> (package:test_api/src/backend/invoker.dart:407:9)
#4189   Invoker._guardIfGuarded (package:test_api/src/backend/invoker.dart:450:15)
#4190   Invoker._onRun.<anonymous closure> (package:test_api/src/backend/invoker.dart:406:7)
#4197   Invoker._onRun (package:test_api/src/backend/invoker.dart:405:11)
#4198   LiveTestController.run (package:test_api/src/backend/live_test_controller.dart:153:11)
#4199   RemoteListener._runLiveTest.<anonymous closure> (package:test_api/src/backend/remote_listener.dart:275:16)
#4204   RemoteListener._runLiveTest (package:test_api/src/backend/remote_listener.dart:274:5)
#4205   RemoteListener._serializeTest.<anonymous closure> (package:test_api/src/backend/remote_listener.dart:221:7)
#4223   _GuaranteeSink.add (package:stream_channel/src/guarantee_channel.dart:125:12)
#4224   new _MultiChannel.<anonymous closure> (package:stream_channel/src/multi_channel.dart:159:31)
#4226   CastStreamSubscription._onData (dart:_internal/async_cast.dart:95:11)
#4252   new _WebSocketImpl._fromSocket.<anonymous closure> (dart:_http/websocket_impl.dart:1252:27)
#4258   _WebSocketProtocolTransformer._messageFrameEnd (dart:_http/websocket_impl.dart:348:23)
#4259   _WebSocketProtocolTransformer.add (dart:_http/websocket_impl.dart:238:46)
#4267   _Socket._onData (dart:io-patch/socket_patch.dart:2880:41)
#4274   new _RawSocket.<anonymous closure> (dart:io-patch/socket_patch.dart:2315:31)
#4275   _NativeSocket.issueReadEvent.issue (dart:io-patch/socket_patch.dart:1655:14)
#4279   testWidgets.<anonymous closure>.<anonymous closure> (package:flutter_test/src/widget_tester.dart:189:25)
#4280   TestWidgetsFlutterBinding._runTestBody (package:flutter_test/src/binding.dart:1059:19)
#4282   TestWidgetsFlutterBinding._runTestBody (package:flutter_test/src/binding.dart:1048:5)
#4285   TestWidgetsFlutterBinding._runTest (package:flutter_test/src/binding.dart:1033:10)
#4286   AutomatedTestWidgetsFlutterBinding.runTest.<anonymous closure> (package:flutter_test/src/binding.dart:1564:24)
#4287   FakeAsync.run.<anonymous closure>.<anonymous closure> (package:fake_async/fake_async.dart:182:47)
#4292   withClock (package:clock/src/default.dart:52:10)
#4293   FakeAsync.run.<anonymous closure> (package:fake_async/fake_async.dart:182:15)
#4298   FakeAsync.run (package:fake_async/fake_async.dart:181:52)
#4299   AutomatedTestWidgetsFlutterBinding.runTest (package:flutter_test/src/binding.dart:1561:15)
#4300   testWidgets.<anonymous closure> (package:flutter_test/src/widget_tester.dart:184:24)
#4301   Declarer.test.<anonymous closure>.<anonymous closure> (package:test_api/src/backend/declarer.dart:242:19)
#4303   Declarer.test.<anonymous closure>.<anonymous closure> (package:test_api/src/backend/declarer.dart:241:9)
#4308   Declarer.test.<anonymous closure> (package:test_api/src/backend/declarer.dart:240:13)
#4309   Invoker._waitForOutstandingCallbacks.<anonymous closure> (package:test_api/src/backend/invoker.dart:282:17)
#4314   Invoker._waitForOutstandingCallbacks (package:test_api/src/backend/invoker.dart:278:5)
#4315   Invoker._onRun.<anonymous closure>.<anonymous closure>.<anonymous closure> (package:test_api/src/backend/invoker.dart:418:17)
#4317   Invoker._onRun.<anonymous closure>.<anonymous closure>.<anonymous closure> (package:test_api/src/backend/invoker.dart:416:11)
#4322   Invoker._onRun.<anonymous closure>.<anonymous closure> (package:test_api/src/backend/invoker.dart:407:9)
#4323   Invoker._guardIfGuarded (package:test_api/src/backend/invoker.dart:450:15)
#4324   Invoker._onRun.<anonymous closure> (package:test_api/src/backend/invoker.dart:406:7)
#4331   Invoker._onRun (package:test_api/src/backend/invoker.dart:405:11)
#4332   LiveTestController.run (package:test_api/src/backend/live_test_controller.dart:153:11)
#4333   RemoteListener._runLiveTest.<anonymous closure> (package:test_api/src/backend/remote_listener.dart:275:16)
#4338   RemoteListener._runLiveTest (package:test_api/src/backend/remote_listener.dart:274:5)
#4339   RemoteListener._serializeTest.<anonymous closure> (package:test_api/src/backend/remote_listener.dart:221:7)
#4357   _GuaranteeSink.add (package:stream_channel/src/guarantee_channel.dart:125:12)
#4358   new _MultiChannel.<anonymous closure> (package:stream_channel/src/multi_channel.dart:159:31)
#4360   CastStreamSubscription._onData (dart:_internal/async_cast.dart:95:11)
#4386   new _WebSocketImpl._fromSocket.<anonymous closure> (dart:_http/websocket_impl.dart:1252:27)
#4392   _WebSocketProtocolTransformer._messageFrameEnd (dart:_http/websocket_impl.dart:348:23)
#4393   _WebSocketProtocolTransformer.add (dart:_http/websocket_impl.dart:238:46)
#4401   _Socket._onData (dart:io-patch/socket_patch.dart:2880:41)
#4408   new _RawSocket.<anonymous closure> (dart:io-patch/socket_patch.dart:2315:31)
#4409   _NativeSocket.issueReadEvent.issue (dart:io-patch/socket_patch.dart:1655:14)
(elided 316 frames from dart:async and package:stack_trace)

ÔòÉÔòÉÔòÉÔòÉÔòÉÔòÉÔòÉÔòÉÔòÉÔòÉÔòÉÔòÉÔòÉÔòÉÔòÉÔòÉÔòÉÔòÉÔòÉÔòÉÔòÉÔòÉÔòÉÔòÉÔòÉÔòÉÔòÉÔòÉÔòÉÔòÉÔòÉÔòÉÔòÉÔòÉÔòÉÔòÉÔòÉÔòÉÔòÉÔòÉÔòÉÔòÉÔòÉÔòÉÔòÉÔòÉÔòÉÔòÉÔòÉÔòÉÔòÉÔòÉÔòÉÔòÉÔòÉÔòÉÔòÉÔòÉÔòÉÔòÉÔòÉÔòÉÔòÉÔòÉÔòÉÔòÉÔòÉÔòÉÔòÉÔòÉÔòÉÔòÉÔòÉÔòÉÔòÉÔòÉÔòÉÔòÉÔòÉÔòÉÔòÉÔòÉÔòÉÔòÉÔòÉÔòÉÔòÉÔòÉÔòÉÔòÉÔòÉÔòÉÔòÉÔòÉÔòÉÔòÉÔòÉÔòÉÔòÉÔòÉ
ÔòÉÔòÉÔòí EXCEPTION CAUGHT BY FLUTTER TEST FRAMEWORK Ôò×ÔòÉÔòÉÔòÉÔòÉÔòÉÔòÉÔòÉÔòÉÔòÉÔòÉÔòÉÔòÉÔòÉÔòÉÔòÉÔòÉÔòÉÔòÉÔòÉÔòÉÔòÉÔòÉÔòÉÔòÉÔòÉÔòÉÔòÉÔòÉÔòÉÔòÉÔòÉÔòÉÔòÉÔòÉÔòÉÔòÉÔòÉÔòÉÔòÉÔòÉÔòÉÔòÉÔòÉÔòÉÔòÉÔòÉÔòÉÔòÉÔòÉÔòÉÔòÉÔòÉ
The following TestFailure was thrown running a test:
Expected: at least one matching candidate
  Actual: _TextWidgetFinder:<Found 0 widgets with text "REMUH": []>
   Which: means none were found but some were expected

When the exception was thrown, this was the stack:
#4      main.<anonymous closure> (file:///C:/Users/leora/Documents/REMUH/test/widget_test.dart:13:5)
<asynchronous suspension>
#5      testWidgets.<anonymous closure>.<anonymous closure> (package:flutter_test/src/widget_tester.dart:192:15)
<asynchronous suspension>
#6      TestWidgetsFlutterBinding._runTestBody (package:flutter_test/src/binding.dart:1059:5)
<asynchronous suspension>
<asynchronous suspension>
(elided one frame from package:stack_trace)

This was caught by the test expectation on the following line:
  file:///C:/Users/leora/Documents/REMUH/test/widget_test.dart line 13
The test description was:
  REMUH app smoke test
ÔòÉÔòÉÔòÉÔòÉÔòÉÔòÉÔòÉÔòÉÔòÉÔòÉÔòÉÔòÉÔòÉÔòÉÔòÉÔòÉÔòÉÔòÉÔòÉÔòÉÔòÉÔòÉÔòÉÔòÉÔòÉÔòÉÔòÉÔòÉÔòÉÔòÉÔòÉÔòÉÔòÉÔòÉÔòÉÔòÉÔòÉÔòÉÔòÉÔòÉÔòÉÔòÉÔòÉÔòÉÔòÉÔòÉÔòÉÔòÉÔòÉÔòÉÔòÉÔòÉÔòÉÔòÉÔòÉÔòÉÔòÉÔòÉÔòÉÔòÉÔòÉÔòÉÔòÉÔòÉÔòÉÔòÉÔòÉÔòÉÔòÉÔòÉÔòÉÔòÉÔòÉÔòÉÔòÉÔòÉÔòÉÔòÉÔòÉÔòÉÔòÉÔòÉÔòÉÔòÉÔòÉÔòÉÔòÉÔòÉÔòÉÔòÉÔòÉÔòÉÔòÉÔòÉÔòÉÔòÉÔòÉÔòÉÔòÉÔòÉ
ÔòÉÔòÉÔòí EXCEPTION CAUGHT BY FLUTTER TEST FRAMEWORK Ôò×ÔòÉÔòÉÔòÉÔòÉÔòÉÔòÉÔòÉÔòÉÔòÉÔòÉÔòÉÔòÉÔòÉÔòÉÔòÉÔòÉÔòÉÔòÉÔòÉÔòÉÔòÉÔòÉÔòÉÔòÉÔòÉÔòÉÔòÉÔòÉÔòÉÔòÉÔòÉÔòÉÔòÉÔòÉÔòÉÔòÉÔòÉÔòÉÔòÉÔòÉÔòÉÔòÉÔòÉÔòÉÔòÉÔòÉÔòÉÔòÉÔòÉÔòÉÔòÉÔòÉ
The following message was thrown:
Multiple exceptions (4) were detected during the running of the current test, and at least one was
unexpected.
ÔòÉÔòÉÔòÉÔòÉÔòÉÔòÉÔòÉÔòÉÔòÉÔòÉÔòÉÔòÉÔòÉÔòÉÔòÉÔòÉÔòÉÔòÉÔòÉÔòÉÔòÉÔòÉÔòÉÔòÉÔòÉÔòÉÔòÉÔòÉÔòÉÔòÉÔòÉÔòÉÔòÉÔòÉÔòÉÔòÉÔòÉÔòÉÔòÉÔòÉÔòÉÔòÉÔòÉÔòÉÔòÉÔòÉÔòÉÔòÉÔòÉÔòÉÔòÉÔòÉÔòÉÔòÉÔòÉÔòÉÔòÉÔòÉÔòÉÔòÉÔòÉÔòÉÔòÉÔòÉÔòÉÔòÉÔòÉÔòÉÔòÉÔòÉÔòÉÔòÉÔòÉÔòÉÔòÉÔòÉÔòÉÔòÉÔòÉÔòÉÔòÉÔòÉÔòÉÔòÉÔòÉÔòÉÔòÉÔòÉÔòÉÔòÉÔòÉÔòÉÔòÉÔòÉÔòÉÔòÉÔòÉÔòÉÔòÉÔòÉ
00:01 +0 -1: REMUH app smoke test [E]
  Test failed. See exception logs above.
  The test description was: REMUH app smoke test
  
00:01 +0 -1: Some tests failed.
